2024-03-15T00:00:00Z [INFO]  [adservice] Warmup complete
2024-03-15T00:00:01Z [INFO]  [cartservice] Warmup complete
2024-03-15T00:00:02Z [INFO]  [checkoutservice] Warmup complete
2024-03-15T00:00:03Z [INFO]  [currencyservice] Warmup complete
2024-03-15T00:00:04Z [INFO]  [emailservice] Warmup complete
2024-03-15T00:00:05Z [INFO]  [frontend] Warmup complete
2024-03-15T00:00:06Z [INFO]  [loadgenerator] Warmup complete
2024-03-15T00:00:07Z [INFO]  [paymentservice] Warmup complete
2024-03-15T00:00:08Z [INFO]  [productcatalogservice] Warmup complete
2024-03-15T00:00:09Z [INFO]  [recommendationservice] Warmup complete
2024-03-15T00:00:10Z [INFO]  [redis-cart] Warmup complete
2024-03-15T00:00:11Z [INFO]  [shippingservice] Warmup complete
2024-03-15T00:01:40Z [INFO]  [adservice] request handled; status=200 latency_ms=10
2024-03-15T00:01:40Z [WARN]  [frontend] upstream call degraded via paymentservice latency_ms=200
2024-03-15T00:01:40Z [ERROR] [paymentservice] OOMKilled: container killed by out-of-memory
2024-03-15T00:01:40Z [WARNING] [paymentservice] pod restarted, reason=OOMKilled
2024-03-15T00:01:40Z [ERROR] [frontend] /payment page: HTTP 500 returned
2024-03-15T00:01:40Z [ERROR] [frontend] Error at payment page: paymentservice unavailable
2024-03-15T00:01:40Z [ERROR] [emailservice] init error: template directory missing '/app/templates'
2024-03-15T00:01:40Z [ERROR] [emailservice] CrashLoopBackOff (exit code 1)
2024-03-15T00:01:41Z [INFO]  [cartservice] request handled; status=200 latency_ms=11
2024-03-15T00:01:42Z [INFO]  [checkoutservice] request handled; status=200 latency_ms=12
2024-03-15T00:01:43Z [INFO]  [currencyservice] request handled; status=200 latency_ms=13
2024-03-15T00:01:44Z [INFO]  [emailservice] request handled; status=200 latency_ms=14
2024-03-15T00:01:45Z [INFO]  [frontend] request handled; status=200 latency_ms=15
2024-03-15T00:01:46Z [INFO]  [loadgenerator] request handled; status=200 latency_ms=16
2024-03-15T00:01:47Z [INFO]  [paymentservice] request handled; status=200 latency_ms=17
2024-03-15T00:01:48Z [INFO]  [productcatalogservice] request handled; status=200 latency_ms=18
2024-03-15T00:01:49Z [INFO]  [recommendationservice] request handled; status=200 latency_ms=19
2024-03-15T00:01:50Z [INFO]  [redis-cart] request handled; status=200 latency_ms=20
2024-03-15T00:01:51Z [INFO]  [shippingservice] request handled; status=200 latency_ms=21
2024-03-15T00:01:52Z [INFO]  [adservice] request handled; status=200 latency_ms=22
2024-03-15T00:01:53Z [INFO]  [cartservice] request handled; status=200 latency_ms=23
2024-03-15T00:01:54Z [INFO]  [checkoutservice] request handled; status=200 latency_ms=24
2024-03-15T00:01:55Z [INFO]  [currencyservice] request handled; status=200 latency_ms=25
2024-03-15T00:01:56Z [INFO]  [emailservice] request handled; status=200 latency_ms=26
2024-03-15T00:01:57Z [INFO]  [frontend] request handled; status=200 latency_ms=27
2024-03-15T00:01:57Z [WARN]  [frontend] upstream call degraded via paymentservice latency_ms=217
2024-03-15T00:01:58Z [INFO]  [loadgenerator] request handled; status=200 latency_ms=28
2024-03-15T00:01:59Z [INFO]  [paymentservice] request handled; status=200 latency_ms=29
2024-03-15T00:02:00Z [INFO]  [productcatalogservice] request handled; status=200 latency_ms=30
2024-03-15T00:02:01Z [INFO]  [recommendationservice] request handled; status=200 latency_ms=31
2024-03-15T00:02:02Z [INFO]  [redis-cart] request handled; status=200 latency_ms=32
2024-03-15T00:02:03Z [INFO]  [shippingservice] request handled; status=200 latency_ms=33
2024-03-15T00:02:04Z [INFO]  [adservice] request handled; status=200 latency_ms=34
2024-03-15T00:02:05Z [INFO]  [cartservice] request handled; status=200 latency_ms=35
2024-03-15T00:02:06Z [INFO]  [checkoutservice] request handled; status=200 latency_ms=36
2024-03-15T00:02:07Z [INFO]  [currencyservice] request handled; status=200 latency_ms=37
2024-03-15T00:02:08Z [INFO]  [emailservice] request handled; status=200 latency_ms=38
2024-03-15T00:02:09Z [INFO]  [frontend] request handled; status=200 latency_ms=39
2024-03-15T00:02:10Z [INFO]  [loadgenerator] request handled; status=200 latency_ms=40
2024-03-15T00:02:11Z [INFO]  [paymentservice] request handled; status=200 latency_ms=41
2024-03-15T00:02:12Z [INFO]  [productcatalogservice] request handled; status=200 latency_ms=42
2024-03-15T00:02:13Z [INFO]  [recommendationservice] request handled; status=200 latency_ms=43
2024-03-15T00:02:14Z [INFO]  [redis-cart] request handled; status=200 latency_ms=44
2024-03-15T00:02:14Z [WARN]  [frontend] upstream call degraded via paymentservice latency_ms=234
2024-03-15T00:02:15Z [INFO]  [shippingservice] request handled; status=200 latency_ms=45
2024-03-15T00:02:16Z [INFO]  [adservice] request handled; status=200 latency_ms=46
2024-03-15T00:02:17Z [INFO]  [cartservice] request handled; status=200 latency_ms=47
2024-03-15T00:02:18Z [INFO]  [checkoutservice] request handled; status=200 latency_ms=48
2024-03-15T00:02:19Z [INFO]  [currencyservice] request handled; status=200 latency_ms=49
2024-03-15T00:02:20Z [INFO]  [emailservice] request handled; status=200 latency_ms=50
2024-03-15T00:02:21Z [INFO]  [frontend] request handled; status=200 latency_ms=51
2024-03-15T00:02:22Z [INFO]  [loadgenerator] request handled; status=200 latency_ms=52
2024-03-15T00:02:23Z [INFO]  [paymentservice] request handled; status=200 latency_ms=53
2024-03-15T00:02:24Z [INFO]  [productcatalogservice] request handled; status=200 latency_ms=54
2024-03-15T00:02:25Z [INFO]  [recommendationservice] request handled; status=200 latency_ms=55
2024-03-15T00:02:26Z [INFO]  [redis-cart] request handled; status=200 latency_ms=56
2024-03-15T00:02:27Z [INFO]  [shippingservice] request handled; status=200 latency_ms=57
2024-03-15T00:02:28Z [INFO]  [adservice] request handled; status=200 latency_ms=58
2024-03-15T00:02:29Z [INFO]  [cartservice] request handled; status=200 latency_ms=59
2024-03-15T00:02:30Z [INFO]  [checkoutservice] request handled; status=200 latency_ms=10
2024-03-15T00:02:31Z [INFO]  [currencyservice] request handled; status=200 latency_ms=11
2024-03-15T00:02:31Z [WARN]  [frontend] upstream call degraded via paymentservice latency_ms=251
2024-03-15T00:02:32Z [INFO]  [emailservice] request handled; status=200 latency_ms=12
2024-03-15T00:02:33Z [INFO]  [frontend] request handled; status=200 latency_ms=13
2024-03-15T00:02:34Z [INFO]  [loadgenerator] request handled; status=200 latency_ms=14
2024-03-15T00:02:35Z [INFO]  [paymentservice] request handled; status=200 latency_ms=15
2024-03-15T00:02:36Z [INFO]  [productcatalogservice] request handled; status=200 latency_ms=16
2024-03-15T00:02:37Z [INFO]  [recommendationservice] request handled; status=200 latency_ms=17
2024-03-15T00:02:38Z [INFO]  [redis-cart] request handled; status=200 latency_ms=18
2024-03-15T00:02:39Z [INFO]  [shippingservice] request handled; status=200 latency_ms=19
2024-03-15T00:02:40Z [INFO]  [adservice] request handled; status=200 latency_ms=20
2024-03-15T00:02:41Z [INFO]  [cartservice] request handled; status=200 latency_ms=21
2024-03-15T00:02:42Z [INFO]  [checkoutservice] request handled; status=200 latency_ms=22
2024-03-15T00:02:43Z [INFO]  [currencyservice] request handled; status=200 latency_ms=23
2024-03-15T00:02:44Z [INFO]  [emailservice] request handled; status=200 latency_ms=24
2024-03-15T00:02:45Z [INFO]  [frontend] request handled; status=200 latency_ms=25
2024-03-15T00:02:46Z [INFO]  [loadgenerator] request handled; status=200 latency_ms=26
2024-03-15T00:02:47Z [INFO]  [paymentservice] request handled; status=200 latency_ms=27
2024-03-15T00:02:48Z [INFO]  [productcatalogservice] request handled; status=200 latency_ms=28
2024-03-15T00:02:48Z [WARN]  [frontend] upstream call degraded via paymentservice latency_ms=268
2024-03-15T00:02:49Z [INFO]  [recommendationservice] request handled; status=200 latency_ms=29
2024-03-15T00:02:50Z [INFO]  [redis-cart] request handled; status=200 latency_ms=30
2024-03-15T00:02:51Z [INFO]  [shippingservice] request handled; status=200 latency_ms=31
2024-03-15T00:02:52Z [INFO]  [adservice] request handled; status=200 latency_ms=32
2024-03-15T00:02:53Z [INFO]  [cartservice] request handled; status=200 latency_ms=33
2024-03-15T00:02:54Z [INFO]  [checkoutservice] request handled; status=200 latency_ms=34
2024-03-15T00:02:55Z [INFO]  [currencyservice] request handled; status=200 latency_ms=35
2024-03-15T00:02:56Z [INFO]  [emailservice] request handled; status=200 latency_ms=36
2024-03-15T00:02:57Z [INFO]  [frontend] request handled; status=200 latency_ms=37
2024-03-15T00:02:58Z [INFO]  [loadgenerator] request handled; status=200 latency_ms=38
2024-03-15T00:02:59Z [INFO]  [paymentservice] request handled; status=200 latency_ms=39
2024-03-15T00:03:00Z [INFO]  [productcatalogservice] request handled; status=200 latency_ms=40
2024-03-15T00:03:01Z [INFO]  [recommendationservice] request handled; status=200 latency_ms=41
2024-03-15T00:03:02Z [INFO]  [redis-cart] request handled; status=200 latency_ms=42
2024-03-15T00:03:03Z [INFO]  [shippingservice] request handled; status=200 latency_ms=43
2024-03-15T00:03:04Z [INFO]  [adservice] request handled; status=200 latency_ms=44
2024-03-15T00:03:05Z [INFO]  [cartservice] request handled; status=200 latency_ms=45
2024-03-15T00:03:05Z [WARN]  [frontend] upstream call degraded via paymentservice latency_ms=285
2024-03-15T00:03:06Z [INFO]  [checkoutservice] request handled; status=200 latency_ms=46
2024-03-15T00:03:07Z [INFO]  [currencyservice] request handled; status=200 latency_ms=47
2024-03-15T00:03:08Z [INFO]  [emailservice] request handled; status=200 latency_ms=48
2024-03-15T00:03:09Z [INFO]  [frontend] request handled; status=200 latency_ms=49
2024-03-15T00:03:10Z [INFO]  [loadgenerator] request handled; status=200 latency_ms=50
2024-03-15T00:03:11Z [INFO]  [paymentservice] request handled; status=200 latency_ms=51
2024-03-15T00:03:12Z [INFO]  [productcatalogservice] request handled; status=200 latency_ms=52
2024-03-15T00:03:13Z [INFO]  [recommendationservice] request handled; status=200 latency_ms=53
2024-03-15T00:03:14Z [INFO]  [redis-cart] request handled; status=200 latency_ms=54
2024-03-15T00:03:15Z [INFO]  [shippingservice] request handled; status=200 latency_ms=55
2024-03-15T00:03:16Z [INFO]  [adservice] request handled; status=200 latency_ms=56
2024-03-15T00:03:17Z [INFO]  [cartservice] request handled; status=200 latency_ms=57
2024-03-15T00:03:18Z [INFO]  [checkoutservice] request handled; status=200 latency_ms=58
2024-03-15T00:03:19Z [INFO]  [currencyservice] request handled; status=200 latency_ms=59
2024-03-15T00:03:20Z [INFO]  [emailservice] request handled; status=200 latency_ms=10
2024-03-15T00:03:21Z [INFO]  [frontend] request handled; status=200 latency_ms=11
2024-03-15T00:03:22Z [INFO]  [loadgenerator] request handled; status=200 latency_ms=12
2024-03-15T00:03:22Z [WARN]  [frontend] upstream call degraded via paymentservice latency_ms=302
2024-03-15T00:03:23Z [INFO]  [paymentservice] request handled; status=200 latency_ms=13
2024-03-15T00:03:24Z [INFO]  [productcatalogservice] request handled; status=200 latency_ms=14
2024-03-15T00:03:25Z [INFO]  [recommendationservice] request handled; status=200 latency_ms=15
2024-03-15T00:03:26Z [INFO]  [redis-cart] request handled; status=200 latency_ms=16
2024-03-15T00:03:27Z [INFO]  [shippingservice] request handled; status=200 latency_ms=17
2024-03-15T00:03:28Z [INFO]  [adservice] request handled; status=200 latency_ms=18
2024-03-15T00:03:29Z [INFO]  [cartservice] request handled; status=200 latency_ms=19
2024-03-15T00:03:30Z [INFO]  [checkoutservice] request handled; status=200 latency_ms=20
2024-03-15T00:03:31Z [INFO]  [currencyservice] request handled; status=200 latency_ms=21
2024-03-15T00:03:32Z [INFO]  [emailservice] request handled; status=200 latency_ms=22
2024-03-15T00:03:33Z [INFO]  [frontend] request handled; status=200 latency_ms=23
2024-03-15T00:03:33Z [ERROR] [paymentservice] OOMKilled: container killed by out-of-memory
2024-03-15T00:03:33Z [WARNING] [paymentservice] pod restarted, reason=OOMKilled
2024-03-15T00:03:33Z [ERROR] [frontend] /payment page: HTTP 500 returned
2024-03-15T00:03:33Z [ERROR] [frontend] Error at payment page: paymentservice unavailable
2024-03-15T00:03:34Z [INFO]  [loadgenerator] request handled; status=200 latency_ms=24
2024-03-15T00:03:35Z [INFO]  [paymentservice] request handled; status=200 latency_ms=25
2024-03-15T00:03:36Z [INFO]  [productcatalogservice] request handled; status=200 latency_ms=26
2024-03-15T00:03:37Z [INFO]  [recommendationservice] request handled; status=200 latency_ms=27
2024-03-15T00:03:38Z [INFO]  [redis-cart] request handled; status=200 latency_ms=28
2024-03-15T00:03:39Z [INFO]  [shippingservice] request handled; status=200 latency_ms=29
2024-03-15T00:03:39Z [WARN]  [frontend] upstream call degraded via paymentservice latency_ms=319
2024-03-15T00:03:40Z [INFO]  [adservice] request handled; status=200 latency_ms=30
2024-03-15T00:03:41Z [INFO]  [cartservice] request handled; status=200 latency_ms=31
2024-03-15T00:03:42Z [INFO]  [checkoutservice] request handled; status=200 latency_ms=32
2024-03-15T00:03:43Z [INFO]  [currencyservice] request handled; status=200 latency_ms=33
2024-03-15T00:03:44Z [INFO]  [emailservice] request handled; status=200 latency_ms=34
2024-03-15T00:03:45Z [INFO]  [frontend] request handled; status=200 latency_ms=35
2024-03-15T00:03:46Z [INFO]  [loadgenerator] request handled; status=200 latency_ms=36
2024-03-15T00:03:47Z [INFO]  [paymentservice] request handled; status=200 latency_ms=37
2024-03-15T00:03:48Z [INFO]  [productcatalogservice] request handled; status=200 latency_ms=38
2024-03-15T00:03:49Z [INFO]  [recommendationservice] request handled; status=200 latency_ms=39
2024-03-15T00:03:50Z [INFO]  [redis-cart] request handled; status=200 latency_ms=40
2024-03-15T00:03:51Z [INFO]  [shippingservice] request handled; status=200 latency_ms=41
2024-03-15T00:03:52Z [INFO]  [adservice] request handled; status=200 latency_ms=42
2024-03-15T00:03:53Z [INFO]  [cartservice] request handled; status=200 latency_ms=43
2024-03-15T00:03:54Z [INFO]  [checkoutservice] request handled; status=200 latency_ms=44
2024-03-15T00:03:55Z [INFO]  [currencyservice] request handled; status=200 latency_ms=45
2024-03-15T00:03:56Z [INFO]  [emailservice] request handled; status=200 latency_ms=46
2024-03-15T00:03:56Z [WARN]  [frontend] upstream call degraded via paymentservice latency_ms=336
2024-03-15T00:03:57Z [INFO]  [frontend] request handled; status=200 latency_ms=47
2024-03-15T00:03:58Z [INFO]  [loadgenerator] request handled; status=200 latency_ms=48
2024-03-15T00:03:59Z [INFO]  [paymentservice] request handled; status=200 latency_ms=49
2024-03-15T00:04:00Z [INFO]  [productcatalogservice] request handled; status=200 latency_ms=50
2024-03-15T00:04:01Z [INFO]  [recommendationservice] request handled; status=200 latency_ms=51
2024-03-15T00:04:02Z [INFO]  [redis-cart] request handled; status=200 latency_ms=52
2024-03-15T00:04:03Z [INFO]  [shippingservice] request handled; status=200 latency_ms=53
2024-03-15T00:04:04Z [INFO]  [adservice] request handled; status=200 latency_ms=54
2024-03-15T00:04:05Z [INFO]  [cartservice] request handled; status=200 latency_ms=55
2024-03-15T00:04:06Z [INFO]  [checkoutservice] request handled; status=200 latency_ms=56
2024-03-15T00:04:07Z [INFO]  [currencyservice] request handled; status=200 latency_ms=57
2024-03-15T00:04:08Z [INFO]  [emailservice] request handled; status=200 latency_ms=58
2024-03-15T00:04:09Z [INFO]  [frontend] request handled; status=200 latency_ms=59
2024-03-15T00:04:10Z [INFO]  [loadgenerator] request handled; status=200 latency_ms=10
2024-03-15T00:04:11Z [INFO]  [paymentservice] request handled; status=200 latency_ms=11
2024-03-15T00:04:12Z [INFO]  [productcatalogservice] request handled; status=200 latency_ms=12
2024-03-15T00:04:13Z [INFO]  [recommendationservice] request handled; status=200 latency_ms=13
2024-03-15T00:04:13Z [WARN]  [frontend] upstream call degraded via paymentservice latency_ms=353
2024-03-15T00:04:14Z [INFO]  [redis-cart] request handled; status=200 latency_ms=14
2024-03-15T00:04:15Z [INFO]  [shippingservice] request handled; status=200 latency_ms=15
2024-03-15T00:04:16Z [INFO]  [adservice] request handled; status=200 latency_ms=16
2024-03-15T00:04:17Z [INFO]  [cartservice] request handled; status=200 latency_ms=17
2024-03-15T00:04:18Z [INFO]  [checkoutservice] request handled; status=200 latency_ms=18
2024-03-15T00:04:19Z [INFO]  [currencyservice] request handled; status=200 latency_ms=19
2024-03-15T00:04:20Z [INFO]  [emailservice] request handled; status=200 latency_ms=20
2024-03-15T00:04:21Z [INFO]  [frontend] request handled; status=200 latency_ms=21
2024-03-15T00:04:22Z [INFO]  [loadgenerator] request handled; status=200 latency_ms=22
2024-03-15T00:04:23Z [INFO]  [paymentservice] request handled; status=200 latency_ms=23
2024-03-15T00:04:24Z [INFO]  [productcatalogservice] request handled; status=200 latency_ms=24
2024-03-15T00:04:25Z [INFO]  [recommendationservice] request handled; status=200 latency_ms=25
2024-03-15T00:04:26Z [INFO]  [redis-cart] request handled; status=200 latency_ms=26
2024-03-15T00:04:27Z [INFO]  [shippingservice] request handled; status=200 latency_ms=27
2024-03-15T00:04:28Z [INFO]  [adservice] request handled; status=200 latency_ms=28
2024-03-15T00:04:29Z [INFO]  [cartservice] request handled; status=200 latency_ms=29
2024-03-15T00:04:30Z [INFO]  [checkoutservice] request handled; status=200 latency_ms=30
2024-03-15T00:04:30Z [WARN]  [frontend] upstream call degraded via paymentservice latency_ms=370
2024-03-15T00:04:31Z [INFO]  [currencyservice] request handled; status=200 latency_ms=31
2024-03-15T00:04:32Z [INFO]  [emailservice] request handled; status=200 latency_ms=32
2024-03-15T00:04:33Z [INFO]  [frontend] request handled; status=200 latency_ms=33
2024-03-15T00:04:34Z [INFO]  [loadgenerator] request handled; status=200 latency_ms=34
2024-03-15T00:04:35Z [INFO]  [paymentservice] request handled; status=200 latency_ms=35
2024-03-15T00:04:36Z [INFO]  [productcatalogservice] request handled; status=200 latency_ms=36
2024-03-15T00:04:37Z [INFO]  [recommendationservice] request handled; status=200 latency_ms=37
2024-03-15T00:04:38Z [INFO]  [redis-cart] request handled; status=200 latency_ms=38
2024-03-15T00:04:39Z [INFO]  [shippingservice] request handled; status=200 latency_ms=39
2024-03-15T00:04:40Z [INFO]  [adservice] request handled; status=200 latency_ms=40
2024-03-15T00:04:41Z [INFO]  [cartservice] request handled; status=200 latency_ms=41
2024-03-15T00:04:42Z [INFO]  [checkoutservice] request handled; status=200 latency_ms=42
2024-03-15T00:04:43Z [INFO]  [currencyservice] request handled; status=200 latency_ms=43
2024-03-15T00:04:44Z [INFO]  [emailservice] request handled; status=200 latency_ms=44
2024-03-15T00:04:45Z [INFO]  [frontend] request handled; status=200 latency_ms=45
2024-03-15T00:04:46Z [INFO]  [loadgenerator] request handled; status=200 latency_ms=46
2024-03-15T00:04:47Z [INFO]  [paymentservice] request handled; status=200 latency_ms=47
2024-03-15T00:04:47Z [WARN]  [frontend] upstream call degraded via paymentservice latency_ms=387
2024-03-15T00:04:48Z [INFO]  [productcatalogservice] request handled; status=200 latency_ms=48
2024-03-15T00:04:49Z [INFO]  [recommendationservice] request handled; status=200 latency_ms=49
2024-03-15T00:04:50Z [INFO]  [redis-cart] request handled; status=200 latency_ms=50
2024-03-15T00:04:51Z [INFO]  [shippingservice] request handled; status=200 latency_ms=51
2024-03-15T00:04:51Z [ERROR] [emailservice] init error: template directory missing '/app/templates'
2024-03-15T00:04:51Z [ERROR] [emailservice] CrashLoopBackOff (exit code 1)
2024-03-15T00:04:52Z [INFO]  [adservice] request handled; status=200 latency_ms=52
2024-03-15T00:04:53Z [INFO]  [cartservice] request handled; status=200 latency_ms=53
2024-03-15T00:04:54Z [INFO]  [checkoutservice] request handled; status=200 latency_ms=54
2024-03-15T00:04:55Z [INFO]  [currencyservice] request handled; status=200 latency_ms=55
2024-03-15T00:04:56Z [INFO]  [emailservice] request handled; status=200 latency_ms=56
2024-03-15T00:04:57Z [INFO]  [frontend] request handled; status=200 latency_ms=57
2024-03-15T00:04:58Z [INFO]  [loadgenerator] request handled; status=200 latency_ms=58
2024-03-15T00:04:59Z [INFO]  [paymentservice] request handled; status=200 latency_ms=59
2024-03-15T00:05:00Z [INFO]  [productcatalogservice] request handled; status=200 latency_ms=10
2024-03-15T00:05:01Z [INFO]  [recommendationservice] request handled; status=200 latency_ms=11
2024-03-15T00:05:02Z [INFO]  [redis-cart] request handled; status=200 latency_ms=12
2024-03-15T00:05:03Z [INFO]  [shippingservice] request handled; status=200 latency_ms=13
2024-03-15T00:05:04Z [INFO]  [adservice] request handled; status=200 latency_ms=14
2024-03-15T00:05:04Z [WARN]  [frontend] upstream call degraded via paymentservice latency_ms=404
2024-03-15T00:05:05Z [INFO]  [cartservice] request handled; status=200 latency_ms=15
2024-03-15T00:05:06Z [INFO]  [checkoutservice] request handled; status=200 latency_ms=16
2024-03-15T00:05:07Z [INFO]  [currencyservice] request handled; status=200 latency_ms=17
2024-03-15T00:05:08Z [INFO]  [emailservice] request handled; status=200 latency_ms=18
2024-03-15T00:05:09Z [INFO]  [frontend] request handled; status=200 latency_ms=19
2024-03-15T00:05:10Z [INFO]  [loadgenerator] request handled; status=200 latency_ms=20
2024-03-15T00:05:11Z [INFO]  [paymentservice] request handled; status=200 latency_ms=21
2024-03-15T00:05:12Z [INFO]  [productcatalogservice] request handled; status=200 latency_ms=22
2024-03-15T00:05:13Z [INFO]  [recommendationservice] request handled; status=200 latency_ms=23
2024-03-15T00:05:14Z [INFO]  [redis-cart] request handled; status=200 latency_ms=24
2024-03-15T00:05:15Z [INFO]  [shippingservice] request handled; status=200 latency_ms=25
2024-03-15T00:05:16Z [INFO]  [adservice] request handled; status=200 latency_ms=26
2024-03-15T00:05:17Z [INFO]  [cartservice] request handled; status=200 latency_ms=27
2024-03-15T00:05:18Z [INFO]  [checkoutservice] request handled; status=200 latency_ms=28
2024-03-15T00:05:19Z [INFO]  [currencyservice] request handled; status=200 latency_ms=29
2024-03-15T00:05:20Z [INFO]  [emailservice] request handled; status=200 latency_ms=30
2024-03-15T00:05:21Z [INFO]  [frontend] request handled; status=200 latency_ms=31
2024-03-15T00:05:21Z [WARN]  [frontend] upstream call degraded via paymentservice latency_ms=421
2024-03-15T00:05:22Z [INFO]  [loadgenerator] request handled; status=200 latency_ms=32
2024-03-15T00:05:23Z [INFO]  [paymentservice] request handled; status=200 latency_ms=33
2024-03-15T00:05:24Z [INFO]  [productcatalogservice] request handled; status=200 latency_ms=34
2024-03-15T00:05:25Z [INFO]  [recommendationservice] request handled; status=200 latency_ms=35
2024-03-15T00:05:26Z [INFO]  [redis-cart] request handled; status=200 latency_ms=36
2024-03-15T00:05:26Z [ERROR] [paymentservice] OOMKilled: container killed by out-of-memory
2024-03-15T00:05:26Z [WARNING] [paymentservice] pod restarted, reason=OOMKilled
2024-03-15T00:05:26Z [ERROR] [frontend] /payment page: HTTP 500 returned
2024-03-15T00:05:26Z [ERROR] [frontend] Error at payment page: paymentservice unavailable
2024-03-15T00:05:27Z [INFO]  [shippingservice] request handled; status=200 latency_ms=37
2024-03-15T00:05:28Z [INFO]  [adservice] request handled; status=200 latency_ms=38
2024-03-15T00:05:29Z [INFO]  [cartservice] request handled; status=200 latency_ms=39
2024-03-15T00:05:30Z [INFO]  [checkoutservice] request handled; status=200 latency_ms=40
2024-03-15T00:05:31Z [INFO]  [currencyservice] request handled; status=200 latency_ms=41
2024-03-15T00:05:32Z [INFO]  [emailservice] request handled; status=200 latency_ms=42
2024-03-15T00:05:33Z [INFO]  [frontend] request handled; status=200 latency_ms=43
2024-03-15T00:05:34Z [INFO]  [loadgenerator] request handled; status=200 latency_ms=44
2024-03-15T00:05:35Z [INFO]  [paymentservice] request handled; status=200 latency_ms=45
2024-03-15T00:05:36Z [INFO]  [productcatalogservice] request handled; status=200 latency_ms=46
2024-03-15T00:05:37Z [INFO]  [recommendationservice] request handled; status=200 latency_ms=47
2024-03-15T00:05:38Z [INFO]  [redis-cart] request handled; status=200 latency_ms=48
2024-03-15T00:05:38Z [WARN]  [frontend] upstream call degraded via paymentservice latency_ms=438
2024-03-15T00:05:39Z [INFO]  [shippingservice] request handled; status=200 latency_ms=49
2024-03-15T00:05:40Z [INFO]  [adservice] request handled; status=200 latency_ms=50
2024-03-15T00:05:41Z [INFO]  [cartservice] request handled; status=200 latency_ms=51
2024-03-15T00:05:42Z [INFO]  [checkoutservice] request handled; status=200 latency_ms=52
2024-03-15T00:05:43Z [INFO]  [currencyservice] request handled; status=200 latency_ms=53
2024-03-15T00:05:44Z [INFO]  [emailservice] request handled; status=200 latency_ms=54
2024-03-15T00:05:45Z [INFO]  [frontend] request handled; status=200 latency_ms=55
2024-03-15T00:05:46Z [INFO]  [loadgenerator] request handled; status=200 latency_ms=56
2024-03-15T00:05:47Z [INFO]  [paymentservice] request handled; status=200 latency_ms=57
2024-03-15T00:05:48Z [INFO]  [productcatalogservice] request handled; status=200 latency_ms=58
2024-03-15T00:05:49Z [INFO]  [recommendationservice] request handled; status=200 latency_ms=59
2024-03-15T00:05:50Z [INFO]  [redis-cart] request handled; status=200 latency_ms=10
2024-03-15T00:05:51Z [INFO]  [shippingservice] request handled; status=200 latency_ms=11
2024-03-15T00:05:52Z [INFO]  [adservice] request handled; status=200 latency_ms=12
2024-03-15T00:05:53Z [INFO]  [cartservice] request handled; status=200 latency_ms=13
2024-03-15T00:05:54Z [INFO]  [checkoutservice] request handled; status=200 latency_ms=14
2024-03-15T00:05:55Z [INFO]  [currencyservice] request handled; status=200 latency_ms=15
2024-03-15T00:05:55Z [WARN]  [frontend] upstream call degraded via paymentservice latency_ms=455
2024-03-15T00:05:56Z [INFO]  [emailservice] request handled; status=200 latency_ms=16
2024-03-15T00:05:57Z [INFO]  [frontend] request handled; status=200 latency_ms=17
2024-03-15T00:05:58Z [INFO]  [loadgenerator] request handled; status=200 latency_ms=18
2024-03-15T00:05:59Z [INFO]  [paymentservice] request handled; status=200 latency_ms=19
2024-03-15T00:06:00Z [INFO]  [productcatalogservice] request handled; status=200 latency_ms=20
2024-03-15T00:06:01Z [INFO]  [recommendationservice] request handled; status=200 latency_ms=21
2024-03-15T00:06:02Z [INFO]  [redis-cart] request handled; status=200 latency_ms=22
2024-03-15T00:06:03Z [INFO]  [shippingservice] request handled; status=200 latency_ms=23
2024-03-15T00:06:04Z [INFO]  [adservice] request handled; status=200 latency_ms=24
2024-03-15T00:06:05Z [INFO]  [cartservice] request handled; status=200 latency_ms=25
2024-03-15T00:06:06Z [INFO]  [checkoutservice] request handled; status=200 latency_ms=26
2024-03-15T00:06:07Z [INFO]  [currencyservice] request handled; status=200 latency_ms=27
2024-03-15T00:06:08Z [INFO]  [emailservice] request handled; status=200 latency_ms=28
2024-03-15T00:06:09Z [INFO]  [frontend] request handled; status=200 latency_ms=29
2024-03-15T00:06:10Z [INFO]  [loadgenerator] request handled; status=200 latency_ms=30
2024-03-15T00:06:11Z [INFO]  [paymentservice] request handled; status=200 latency_ms=31
2024-03-15T00:06:12Z [INFO]  [productcatalogservice] request handled; status=200 latency_ms=32
2024-03-15T00:06:12Z [WARN]  [frontend] upstream call degraded via paymentservice latency_ms=472
2024-03-15T00:06:13Z [INFO]  [recommendationservice] request handled; status=200 latency_ms=33
2024-03-15T00:06:14Z [INFO]  [redis-cart] request handled; status=200 latency_ms=34
2024-03-15T00:06:15Z [INFO]  [shippingservice] request handled; status=200 latency_ms=35
2024-03-15T00:06:16Z [INFO]  [adservice] request handled; status=200 latency_ms=36
2024-03-15T00:06:17Z [INFO]  [cartservice] request handled; status=200 latency_ms=37
2024-03-15T00:06:18Z [INFO]  [checkoutservice] request handled; status=200 latency_ms=38
2024-03-15T00:06:19Z [INFO]  [currencyservice] request handled; status=200 latency_ms=39
2024-03-15T00:06:20Z [INFO]  [emailservice] request handled; status=200 latency_ms=40
2024-03-15T00:06:21Z [INFO]  [frontend] request handled; status=200 latency_ms=41
2024-03-15T00:06:22Z [INFO]  [loadgenerator] request handled; status=200 latency_ms=42
2024-03-15T00:06:23Z [INFO]  [paymentservice] request handled; status=200 latency_ms=43
2024-03-15T00:06:24Z [INFO]  [productcatalogservice] request handled; status=200 latency_ms=44
2024-03-15T00:06:25Z [INFO]  [recommendationservice] request handled; status=200 latency_ms=45
2024-03-15T00:06:26Z [INFO]  [redis-cart] request handled; status=200 latency_ms=46
2024-03-15T00:06:27Z [INFO]  [shippingservice] request handled; status=200 latency_ms=47
2024-03-15T00:06:28Z [INFO]  [adservice] request handled; status=200 latency_ms=48
2024-03-15T00:06:29Z [INFO]  [cartservice] request handled; status=200 latency_ms=49
2024-03-15T00:06:29Z [WARN]  [frontend] upstream call degraded via paymentservice latency_ms=489
2024-03-15T00:06:30Z [INFO]  [checkoutservice] request handled; status=200 latency_ms=50
2024-03-15T00:06:31Z [INFO]  [currencyservice] request handled; status=200 latency_ms=51
2024-03-15T00:06:32Z [INFO]  [emailservice] request handled; status=200 latency_ms=52
2024-03-15T00:06:33Z [INFO]  [frontend] request handled; status=200 latency_ms=53
2024-03-15T00:06:34Z [INFO]  [loadgenerator] request handled; status=200 latency_ms=54
2024-03-15T00:06:35Z [INFO]  [paymentservice] request handled; status=200 latency_ms=55
2024-03-15T00:06:36Z [INFO]  [productcatalogservice] request handled; status=200 latency_ms=56
2024-03-15T00:06:37Z [INFO]  [recommendationservice] request handled; status=200 latency_ms=57
2024-03-15T00:06:38Z [INFO]  [redis-cart] request handled; status=200 latency_ms=58
2024-03-15T00:06:39Z [INFO]  [shippingservice] request handled; status=200 latency_ms=59
2024-03-15T00:06:40Z [INFO]  [adservice] request handled; status=200 latency_ms=10
2024-03-15T00:06:41Z [INFO]  [cartservice] request handled; status=200 latency_ms=11
2024-03-15T00:06:42Z [INFO]  [checkoutservice] request handled; status=200 latency_ms=12
2024-03-15T00:06:43Z [INFO]  [currencyservice] request handled; status=200 latency_ms=13
2024-03-15T00:06:44Z [INFO]  [emailservice] request handled; status=200 latency_ms=14
2024-03-15T00:06:45Z [INFO]  [frontend] request handled; status=200 latency_ms=15
2024-03-15T00:06:46Z [INFO]  [loadgenerator] request handled; status=200 latency_ms=16
2024-03-15T00:06:46Z [WARN]  [frontend] upstream call degraded via paymentservice latency_ms=206
2024-03-15T00:06:47Z [INFO]  [paymentservice] request handled; status=200 latency_ms=17
2024-03-15T00:06:48Z [INFO]  [productcatalogservice] request handled; status=200 latency_ms=18
2024-03-15T00:06:49Z [INFO]  [recommendationservice] request handled; status=200 latency_ms=19
2024-03-15T00:06:50Z [INFO]  [redis-cart] request handled; status=200 latency_ms=20
2024-03-15T00:06:51Z [INFO]  [shippingservice] request handled; status=200 latency_ms=21
2024-03-15T00:06:52Z [INFO]  [adservice] request handled; status=200 latency_ms=22
2024-03-15T00:06:53Z [INFO]  [cartservice] request handled; status=200 latency_ms=23
2024-03-15T00:06:54Z [INFO]  [checkoutservice] request handled; status=200 latency_ms=24
2024-03-15T00:06:55Z [INFO]  [currencyservice] request handled; status=200 latency_ms=25
2024-03-15T00:06:56Z [INFO]  [emailservice] request handled; status=200 latency_ms=26
2024-03-15T00:06:57Z [INFO]  [frontend] request handled; status=200 latency_ms=27
2024-03-15T00:06:58Z [INFO]  [loadgenerator] request handled; status=200 latency_ms=28
2024-03-15T00:06:59Z [INFO]  [paymentservice] request handled; status=200 latency_ms=29
2024-03-15T00:07:00Z [INFO]  [productcatalogservice] request handled; status=200 latency_ms=30
2024-03-15T00:07:01Z [INFO]  [recommendationservice] request handled; status=200 latency_ms=31
2024-03-15T00:07:02Z [INFO]  [redis-cart] request handled; status=200 latency_ms=32
2024-03-15T00:07:03Z [INFO]  [shippingservice] request handled; status=200 latency_ms=33
2024-03-15T00:07:03Z [WARN]  [frontend] upstream call degraded via paymentservice latency_ms=223
2024-03-15T00:07:04Z [INFO]  [adservice] request handled; status=200 latency_ms=34
2024-03-15T00:07:05Z [INFO]  [cartservice] request handled; status=200 latency_ms=35
2024-03-15T00:07:06Z [INFO]  [checkoutservice] request handled; status=200 latency_ms=36
2024-03-15T00:07:07Z [INFO]  [currencyservice] request handled; status=200 latency_ms=37
2024-03-15T00:07:08Z [INFO]  [emailservice] request handled; status=200 latency_ms=38
2024-03-15T00:07:09Z [INFO]  [frontend] request handled; status=200 latency_ms=39
2024-03-15T00:07:10Z [INFO]  [loadgenerator] request handled; status=200 latency_ms=40
2024-03-15T00:07:11Z [INFO]  [paymentservice] request handled; status=200 latency_ms=41
2024-03-15T00:07:12Z [INFO]  [productcatalogservice] request handled; status=200 latency_ms=42
2024-03-15T00:07:13Z [INFO]  [recommendationservice] request handled; status=200 latency_ms=43
2024-03-15T00:07:14Z [INFO]  [redis-cart] request handled; status=200 latency_ms=44
2024-03-15T00:07:15Z [INFO]  [shippingservice] request handled; status=200 latency_ms=45
2024-03-15T00:07:16Z [INFO]  [adservice] request handled; status=200 latency_ms=46
2024-03-15T00:07:17Z [INFO]  [cartservice] request handled; status=200 latency_ms=47
2024-03-15T00:07:18Z [INFO]  [checkoutservice] request handled; status=200 latency_ms=48
2024-03-15T00:07:19Z [INFO]  [currencyservice] request handled; status=200 latency_ms=49
2024-03-15T00:07:19Z [ERROR] [paymentservice] OOMKilled: container killed by out-of-memory
2024-03-15T00:07:19Z [WARNING] [paymentservice] pod restarted, reason=OOMKilled
2024-03-15T00:07:19Z [ERROR] [frontend] /payment page: HTTP 500 returned
2024-03-15T00:07:19Z [ERROR] [frontend] Error at payment page: paymentservice unavailable
2024-03-15T00:07:20Z [INFO]  [emailservice] request handled; status=200 latency_ms=50
2024-03-15T00:07:20Z [WARN]  [frontend] upstream call degraded via paymentservice latency_ms=240
2024-03-15T00:07:21Z [INFO]  [frontend] request handled; status=200 latency_ms=51
2024-03-15T00:07:22Z [INFO]  [loadgenerator] request handled; status=200 latency_ms=52
2024-03-15T00:07:23Z [INFO]  [paymentservice] request handled; status=200 latency_ms=53
2024-03-15T00:07:24Z [INFO]  [productcatalogservice] request handled; status=200 latency_ms=54
2024-03-15T00:07:25Z [INFO]  [recommendationservice] request handled; status=200 latency_ms=55
2024-03-15T00:07:26Z [INFO]  [redis-cart] request handled; status=200 latency_ms=56
2024-03-15T00:07:27Z [INFO]  [shippingservice] request handled; status=200 latency_ms=57
2024-03-15T00:07:28Z [INFO]  [adservice] request handled; status=200 latency_ms=58
2024-03-15T00:07:29Z [INFO]  [cartservice] request handled; status=200 latency_ms=59
2024-03-15T00:07:30Z [INFO]  [checkoutservice] request handled; status=200 latency_ms=10
2024-03-15T00:07:31Z [INFO]  [currencyservice] request handled; status=200 latency_ms=11
2024-03-15T00:07:32Z [INFO]  [emailservice] request handled; status=200 latency_ms=12
2024-03-15T00:07:33Z [INFO]  [frontend] request handled; status=200 latency_ms=13
2024-03-15T00:07:34Z [INFO]  [loadgenerator] request handled; status=200 latency_ms=14
2024-03-15T00:07:35Z [INFO]  [paymentservice] request handled; status=200 latency_ms=15
2024-03-15T00:07:36Z [INFO]  [productcatalogservice] request handled; status=200 latency_ms=16
2024-03-15T00:07:37Z [INFO]  [recommendationservice] request handled; status=200 latency_ms=17
2024-03-15T00:07:37Z [WARN]  [frontend] upstream call degraded via paymentservice latency_ms=257
2024-03-15T00:07:38Z [INFO]  [redis-cart] request handled; status=200 latency_ms=18
2024-03-15T00:07:39Z [INFO]  [shippingservice] request handled; status=200 latency_ms=19
2024-03-15T00:07:40Z [INFO]  [adservice] request handled; status=200 latency_ms=20
2024-03-15T00:07:41Z [INFO]  [cartservice] request handled; status=200 latency_ms=21
2024-03-15T00:07:42Z [INFO]  [checkoutservice] request handled; status=200 latency_ms=22
2024-03-15T00:07:43Z [INFO]  [currencyservice] request handled; status=200 latency_ms=23
2024-03-15T00:07:44Z [INFO]  [emailservice] request handled; status=200 latency_ms=24
2024-03-15T00:07:45Z [INFO]  [frontend] request handled; status=200 latency_ms=25
2024-03-15T00:07:46Z [INFO]  [loadgenerator] request handled; status=200 latency_ms=26
2024-03-15T00:07:47Z [INFO]  [paymentservice] request handled; status=200 latency_ms=27
2024-03-15T00:07:48Z [INFO]  [productcatalogservice] request handled; status=200 latency_ms=28
2024-03-15T00:07:49Z [INFO]  [recommendationservice] request handled; status=200 latency_ms=29
2024-03-15T00:07:50Z [INFO]  [redis-cart] request handled; status=200 latency_ms=30
2024-03-15T00:07:51Z [INFO]  [shippingservice] request handled; status=200 latency_ms=31
2024-03-15T00:07:52Z [INFO]  [adservice] request handled; status=200 latency_ms=32
2024-03-15T00:07:53Z [INFO]  [cartservice] request handled; status=200 latency_ms=33
2024-03-15T00:07:54Z [INFO]  [checkoutservice] request handled; status=200 latency_ms=34
2024-03-15T00:07:54Z [WARN]  [frontend] upstream call degraded via paymentservice latency_ms=274
2024-03-15T00:07:55Z [INFO]  [currencyservice] request handled; status=200 latency_ms=35
2024-03-15T00:07:56Z [INFO]  [emailservice] request handled; status=200 latency_ms=36
2024-03-15T00:07:57Z [INFO]  [frontend] request handled; status=200 latency_ms=37
2024-03-15T00:07:58Z [INFO]  [loadgenerator] request handled; status=200 latency_ms=38
2024-03-15T00:07:59Z [INFO]  [paymentservice] request handled; status=200 latency_ms=39
2024-03-15T00:08:00Z [INFO]  [productcatalogservice] request handled; status=200 latency_ms=40
2024-03-15T00:08:01Z [INFO]  [recommendationservice] request handled; status=200 latency_ms=41
2024-03-15T00:08:02Z [INFO]  [redis-cart] request handled; status=200 latency_ms=42
2024-03-15T00:08:02Z [ERROR] [emailservice] init error: template directory missing '/app/templates'
2024-03-15T00:08:02Z [ERROR] [emailservice] CrashLoopBackOff (exit code 1)
2024-03-15T00:08:03Z [INFO]  [shippingservice] request handled; status=200 latency_ms=43
2024-03-15T00:08:04Z [INFO]  [adservice] request handled; status=200 latency_ms=44
2024-03-15T00:08:05Z [INFO]  [cartservice] request handled; status=200 latency_ms=45
2024-03-15T00:08:06Z [INFO]  [checkoutservice] request handled; status=200 latency_ms=46
2024-03-15T00:08:07Z [INFO]  [currencyservice] request handled; status=200 latency_ms=47
2024-03-15T00:08:08Z [INFO]  [emailservice] request handled; status=200 latency_ms=48
2024-03-15T00:08:09Z [INFO]  [frontend] request handled; status=200 latency_ms=49
2024-03-15T00:08:10Z [INFO]  [loadgenerator] request handled; status=200 latency_ms=50
2024-03-15T00:08:11Z [INFO]  [paymentservice] request handled; status=200 latency_ms=51
2024-03-15T00:08:11Z [WARN]  [frontend] upstream call degraded via paymentservice latency_ms=291
2024-03-15T00:08:12Z [INFO]  [productcatalogservice] request handled; status=200 latency_ms=52
2024-03-15T00:08:13Z [INFO]  [recommendationservice] request handled; status=200 latency_ms=53
2024-03-15T00:08:14Z [INFO]  [redis-cart] request handled; status=200 latency_ms=54
2024-03-15T00:08:15Z [INFO]  [shippingservice] request handled; status=200 latency_ms=55
2024-03-15T00:08:16Z [INFO]  [adservice] request handled; status=200 latency_ms=56
2024-03-15T00:08:17Z [INFO]  [cartservice] request handled; status=200 latency_ms=57
2024-03-15T00:08:18Z [INFO]  [checkoutservice] request handled; status=200 latency_ms=58
2024-03-15T00:08:19Z [INFO]  [currencyservice] request handled; status=200 latency_ms=59
2024-03-15T00:08:20Z [INFO]  [emailservice] request handled; status=200 latency_ms=10
2024-03-15T00:08:21Z [INFO]  [frontend] request handled; status=200 latency_ms=11
2024-03-15T00:08:22Z [INFO]  [loadgenerator] request handled; status=200 latency_ms=12
2024-03-15T00:08:23Z [INFO]  [paymentservice] request handled; status=200 latency_ms=13
2024-03-15T00:08:24Z [INFO]  [productcatalogservice] request handled; status=200 latency_ms=14
2024-03-15T00:08:25Z [INFO]  [recommendationservice] request handled; status=200 latency_ms=15
2024-03-15T00:08:26Z [INFO]  [redis-cart] request handled; status=200 latency_ms=16
2024-03-15T00:08:27Z [INFO]  [shippingservice] request handled; status=200 latency_ms=17
2024-03-15T00:08:28Z [INFO]  [adservice] request handled; status=200 latency_ms=18
2024-03-15T00:08:28Z [WARN]  [frontend] upstream call degraded via paymentservice latency_ms=308
2024-03-15T00:08:29Z [INFO]  [cartservice] request handled; status=200 latency_ms=19
2024-03-15T00:08:30Z [INFO]  [checkoutservice] request handled; status=200 latency_ms=20
2024-03-15T00:08:31Z [INFO]  [currencyservice] request handled; status=200 latency_ms=21
2024-03-15T00:08:32Z [INFO]  [emailservice] request handled; status=200 latency_ms=22
2024-03-15T00:08:33Z [INFO]  [frontend] request handled; status=200 latency_ms=23
2024-03-15T00:08:34Z [INFO]  [loadgenerator] request handled; status=200 latency_ms=24
2024-03-15T00:08:35Z [INFO]  [paymentservice] request handled; status=200 latency_ms=25
2024-03-15T00:08:36Z [INFO]  [productcatalogservice] request handled; status=200 latency_ms=26
2024-03-15T00:08:37Z [INFO]  [recommendationservice] request handled; status=200 latency_ms=27
2024-03-15T00:08:38Z [INFO]  [redis-cart] request handled; status=200 latency_ms=28
2024-03-15T00:08:39Z [INFO]  [shippingservice] request handled; status=200 latency_ms=29
2024-03-15T00:08:40Z [INFO]  [adservice] request handled; status=200 latency_ms=30
2024-03-15T00:08:41Z [INFO]  [cartservice] request handled; status=200 latency_ms=31
2024-03-15T00:08:42Z [INFO]  [checkoutservice] request handled; status=200 latency_ms=32
2024-03-15T00:08:43Z [INFO]  [currencyservice] request handled; status=200 latency_ms=33
2024-03-15T00:08:44Z [INFO]  [emailservice] request handled; status=200 latency_ms=34
2024-03-15T00:08:45Z [INFO]  [frontend] request handled; status=200 latency_ms=35
2024-03-15T00:08:45Z [WARN]  [frontend] upstream call degraded via paymentservice latency_ms=325
2024-03-15T00:08:46Z [INFO]  [loadgenerator] request handled; status=200 latency_ms=36
2024-03-15T00:08:47Z [INFO]  [paymentservice] request handled; status=200 latency_ms=37
2024-03-15T00:08:48Z [INFO]  [productcatalogservice] request handled; status=200 latency_ms=38
2024-03-15T00:08:49Z [INFO]  [recommendationservice] request handled; status=200 latency_ms=39
2024-03-15T00:08:50Z [INFO]  [redis-cart] request handled; status=200 latency_ms=40
2024-03-15T00:08:51Z [INFO]  [shippingservice] request handled; status=200 latency_ms=41
2024-03-15T00:08:52Z [INFO]  [adservice] request handled; status=200 latency_ms=42
2024-03-15T00:08:53Z [INFO]  [cartservice] request handled; status=200 latency_ms=43
2024-03-15T00:08:54Z [INFO]  [checkoutservice] request handled; status=200 latency_ms=44
2024-03-15T00:08:55Z [INFO]  [currencyservice] request handled; status=200 latency_ms=45
2024-03-15T00:08:56Z [INFO]  [emailservice] request handled; status=200 latency_ms=46
2024-03-15T00:08:57Z [INFO]  [frontend] request handled; status=200 latency_ms=47
2024-03-15T00:08:58Z [INFO]  [loadgenerator] request handled; status=200 latency_ms=48
2024-03-15T00:08:59Z [INFO]  [paymentservice] request handled; status=200 latency_ms=49
2024-03-15T00:09:00Z [INFO]  [productcatalogservice] request handled; status=200 latency_ms=50
2024-03-15T00:09:01Z [INFO]  [recommendationservice] request handled; status=200 latency_ms=51
2024-03-15T00:09:02Z [INFO]  [redis-cart] request handled; status=200 latency_ms=52
2024-03-15T00:09:02Z [WARN]  [frontend] upstream call degraded via paymentservice latency_ms=342
2024-03-15T00:09:03Z [INFO]  [shippingservice] request handled; status=200 latency_ms=53
2024-03-15T00:09:04Z [INFO]  [adservice] request handled; status=200 latency_ms=54
2024-03-15T00:09:05Z [INFO]  [cartservice] request handled; status=200 latency_ms=55
2024-03-15T00:09:06Z [INFO]  [checkoutservice] request handled; status=200 latency_ms=56
2024-03-15T00:09:07Z [INFO]  [currencyservice] request handled; status=200 latency_ms=57
2024-03-15T00:09:08Z [INFO]  [emailservice] request handled; status=200 latency_ms=58
2024-03-15T00:09:09Z [INFO]  [frontend] request handled; status=200 latency_ms=59
2024-03-15T00:09:10Z [INFO]  [loadgenerator] request handled; status=200 latency_ms=10
2024-03-15T00:09:11Z [INFO]  [paymentservice] request handled; status=200 latency_ms=11
2024-03-15T00:09:12Z [INFO]  [productcatalogservice] request handled; status=200 latency_ms=12
2024-03-15T00:09:12Z [ERROR] [paymentservice] OOMKilled: container killed by out-of-memory
2024-03-15T00:09:12Z [WARNING] [paymentservice] pod restarted, reason=OOMKilled
2024-03-15T00:09:12Z [ERROR] [frontend] /payment page: HTTP 500 returned
2024-03-15T00:09:12Z [ERROR] [frontend] Error at payment page: paymentservice unavailable
2024-03-15T00:09:13Z [INFO]  [recommendationservice] request handled; status=200 latency_ms=13
2024-03-15T00:09:14Z [INFO]  [redis-cart] request handled; status=200 latency_ms=14
2024-03-15T00:09:15Z [INFO]  [shippingservice] request handled; status=200 latency_ms=15
2024-03-15T00:09:16Z [INFO]  [adservice] request handled; status=200 latency_ms=16
2024-03-15T00:09:17Z [INFO]  [cartservice] request handled; status=200 latency_ms=17
2024-03-15T00:09:18Z [INFO]  [checkoutservice] request handled; status=200 latency_ms=18
2024-03-15T00:09:19Z [INFO]  [currencyservice] request handled; status=200 latency_ms=19
2024-03-15T00:09:19Z [WARN]  [frontend] upstream call degraded via paymentservice latency_ms=359
2024-03-15T00:09:20Z [INFO]  [emailservice] request handled; status=200 latency_ms=20
2024-03-15T00:09:21Z [INFO]  [frontend] request handled; status=200 latency_ms=21
2024-03-15T00:09:22Z [INFO]  [loadgenerator] request handled; status=200 latency_ms=22
2024-03-15T00:09:23Z [INFO]  [paymentservice] request handled; status=200 latency_ms=23
2024-03-15T00:09:24Z [INFO]  [productcatalogservice] request handled; status=200 latency_ms=24
2024-03-15T00:09:25Z [INFO]  [recommendationservice] request handled; status=200 latency_ms=25
2024-03-15T00:09:26Z [INFO]  [redis-cart] request handled; status=200 latency_ms=26
2024-03-15T00:09:27Z [INFO]  [shippingservice] request handled; status=200 latency_ms=27
2024-03-15T00:09:28Z [INFO]  [adservice] request handled; status=200 latency_ms=28
2024-03-15T00:09:29Z [INFO]  [cartservice] request handled; status=200 latency_ms=29
2024-03-15T00:09:30Z [INFO]  [checkoutservice] request handled; status=200 latency_ms=30
2024-03-15T00:09:31Z [INFO]  [currencyservice] request handled; status=200 latency_ms=31
2024-03-15T00:09:32Z [INFO]  [emailservice] request handled; status=200 latency_ms=32
2024-03-15T00:09:33Z [INFO]  [frontend] request handled; status=200 latency_ms=33
2024-03-15T00:09:34Z [INFO]  [loadgenerator] request handled; status=200 latency_ms=34
2024-03-15T00:09:35Z [INFO]  [paymentservice] request handled; status=200 latency_ms=35
2024-03-15T00:09:36Z [INFO]  [productcatalogservice] request handled; status=200 latency_ms=36
2024-03-15T00:09:36Z [WARN]  [frontend] upstream call degraded via paymentservice latency_ms=376
2024-03-15T00:09:37Z [INFO]  [recommendationservice] request handled; status=200 latency_ms=37
2024-03-15T00:09:38Z [INFO]  [redis-cart] request handled; status=200 latency_ms=38
2024-03-15T00:09:39Z [INFO]  [shippingservice] request handled; status=200 latency_ms=39
2024-03-15T00:09:40Z [INFO]  [adservice] request handled; status=200 latency_ms=40
2024-03-15T00:09:41Z [INFO]  [cartservice] request handled; status=200 latency_ms=41
2024-03-15T00:09:42Z [INFO]  [checkoutservice] request handled; status=200 latency_ms=42
2024-03-15T00:09:43Z [INFO]  [currencyservice] request handled; status=200 latency_ms=43
2024-03-15T00:09:44Z [INFO]  [emailservice] request handled; status=200 latency_ms=44
2024-03-15T00:09:45Z [INFO]  [frontend] request handled; status=200 latency_ms=45
2024-03-15T00:09:46Z [INFO]  [loadgenerator] request handled; status=200 latency_ms=46
2024-03-15T00:09:47Z [INFO]  [paymentservice] request handled; status=200 latency_ms=47
2024-03-15T00:09:48Z [INFO]  [productcatalogservice] request handled; status=200 latency_ms=48
2024-03-15T00:09:49Z [INFO]  [recommendationservice] request handled; status=200 latency_ms=49
2024-03-15T00:09:50Z [INFO]  [redis-cart] request handled; status=200 latency_ms=50
2024-03-15T00:09:51Z [INFO]  [shippingservice] request handled; status=200 latency_ms=51
2024-03-15T00:09:52Z [INFO]  [adservice] request handled; status=200 latency_ms=52
2024-03-15T00:09:53Z [INFO]  [cartservice] request handled; status=200 latency_ms=53
2024-03-15T00:09:53Z [WARN]  [frontend] upstream call degraded via paymentservice latency_ms=393
2024-03-15T00:09:54Z [INFO]  [checkoutservice] request handled; status=200 latency_ms=54
2024-03-15T00:09:55Z [INFO]  [currencyservice] request handled; status=200 latency_ms=55
2024-03-15T00:09:56Z [INFO]  [emailservice] request handled; status=200 latency_ms=56
2024-03-15T00:09:57Z [INFO]  [frontend] request handled; status=200 latency_ms=57
2024-03-15T00:09:58Z [INFO]  [loadgenerator] request handled; status=200 latency_ms=58
2024-03-15T00:09:59Z [INFO]  [paymentservice] request handled; status=200 latency_ms=59
2024-03-15T00:10:00Z [INFO]  [productcatalogservice] request handled; status=200 latency_ms=10
2024-03-15T00:10:01Z [INFO]  [recommendationservice] request handled; status=200 latency_ms=11
2024-03-15T00:10:02Z [INFO]  [redis-cart] request handled; status=200 latency_ms=12
2024-03-15T00:10:03Z [INFO]  [shippingservice] request handled; status=200 latency_ms=13
2024-03-15T00:10:04Z [INFO]  [adservice] request handled; status=200 latency_ms=14
2024-03-15T00:10:05Z [INFO]  [cartservice] request handled; status=200 latency_ms=15
2024-03-15T00:10:06Z [INFO]  [checkoutservice] request handled; status=200 latency_ms=16
2024-03-15T00:10:07Z [INFO]  [currencyservice] request handled; status=200 latency_ms=17
2024-03-15T00:10:08Z [INFO]  [emailservice] request handled; status=200 latency_ms=18
2024-03-15T00:10:09Z [INFO]  [frontend] request handled; status=200 latency_ms=19
2024-03-15T00:10:10Z [INFO]  [loadgenerator] request handled; status=200 latency_ms=20
2024-03-15T00:10:10Z [WARN]  [frontend] upstream call degraded via paymentservice latency_ms=410
2024-03-15T00:10:11Z [INFO]  [paymentservice] request handled; status=200 latency_ms=21
2024-03-15T00:10:12Z [INFO]  [productcatalogservice] request handled; status=200 latency_ms=22
2024-03-15T00:10:13Z [INFO]  [recommendationservice] request handled; status=200 latency_ms=23
2024-03-15T00:10:14Z [INFO]  [redis-cart] request handled; status=200 latency_ms=24
2024-03-15T00:10:15Z [INFO]  [shippingservice] request handled; status=200 latency_ms=25
2024-03-15T00:10:16Z [INFO]  [adservice] request handled; status=200 latency_ms=26
2024-03-15T00:10:17Z [INFO]  [cartservice] request handled; status=200 latency_ms=27
2024-03-15T00:10:18Z [INFO]  [checkoutservice] request handled; status=200 latency_ms=28
2024-03-15T00:10:19Z [INFO]  [currencyservice] request handled; status=200 latency_ms=29
2024-03-15T00:10:20Z [INFO]  [emailservice] request handled; status=200 latency_ms=30
2024-03-15T00:10:21Z [INFO]  [frontend] request handled; status=200 latency_ms=31
2024-03-15T00:10:22Z [INFO]  [loadgenerator] request handled; status=200 latency_ms=32
2024-03-15T00:10:23Z [INFO]  [paymentservice] request handled; status=200 latency_ms=33
2024-03-15T00:10:24Z [INFO]  [productcatalogservice] request handled; status=200 latency_ms=34
2024-03-15T00:10:25Z [INFO]  [recommendationservice] request handled; status=200 latency_ms=35
2024-03-15T00:10:26Z [INFO]  [redis-cart] request handled; status=200 latency_ms=36
2024-03-15T00:10:27Z [INFO]  [shippingservice] request handled; status=200 latency_ms=37
2024-03-15T00:10:27Z [WARN]  [frontend] upstream call degraded via paymentservice latency_ms=427
2024-03-15T00:10:28Z [INFO]  [adservice] request handled; status=200 latency_ms=38
2024-03-15T00:10:29Z [INFO]  [cartservice] request handled; status=200 latency_ms=39
2024-03-15T00:10:30Z [INFO]  [checkoutservice] request handled; status=200 latency_ms=40
2024-03-15T00:10:31Z [INFO]  [currencyservice] request handled; status=200 latency_ms=41
2024-03-15T00:10:32Z [INFO]  [emailservice] request handled; status=200 latency_ms=42
2024-03-15T00:10:33Z [INFO]  [frontend] request handled; status=200 latency_ms=43
2024-03-15T00:10:34Z [INFO]  [loadgenerator] request handled; status=200 latency_ms=44
2024-03-15T00:10:35Z [INFO]  [paymentservice] request handled; status=200 latency_ms=45
2024-03-15T00:10:36Z [INFO]  [productcatalogservice] request handled; status=200 latency_ms=46
2024-03-15T00:10:37Z [INFO]  [recommendationservice] request handled; status=200 latency_ms=47
2024-03-15T00:10:38Z [INFO]  [redis-cart] request handled; status=200 latency_ms=48
2024-03-15T00:10:39Z [INFO]  [shippingservice] request handled; status=200 latency_ms=49
2024-03-15T00:10:40Z [INFO]  [adservice] request handled; status=200 latency_ms=50
2024-03-15T00:10:41Z [INFO]  [cartservice] request handled; status=200 latency_ms=51
2024-03-15T00:10:42Z [INFO]  [checkoutservice] request handled; status=200 latency_ms=52
2024-03-15T00:10:43Z [INFO]  [currencyservice] request handled; status=200 latency_ms=53
2024-03-15T00:10:44Z [INFO]  [emailservice] request handled; status=200 latency_ms=54
2024-03-15T00:10:44Z [WARN]  [frontend] upstream call degraded via paymentservice latency_ms=444
2024-03-15T00:10:45Z [INFO]  [frontend] request handled; status=200 latency_ms=55
2024-03-15T00:10:46Z [INFO]  [loadgenerator] request handled; status=200 latency_ms=56
2024-03-15T00:10:47Z [INFO]  [paymentservice] request handled; status=200 latency_ms=57
2024-03-15T00:10:48Z [INFO]  [productcatalogservice] request handled; status=200 latency_ms=58
2024-03-15T00:10:49Z [INFO]  [recommendationservice] request handled; status=200 latency_ms=59
2024-03-15T00:10:50Z [INFO]  [redis-cart] request handled; status=200 latency_ms=10
2024-03-15T00:10:51Z [INFO]  [shippingservice] request handled; status=200 latency_ms=11
2024-03-15T00:10:52Z [INFO]  [adservice] request handled; status=200 latency_ms=12
2024-03-15T00:10:53Z [INFO]  [cartservice] request handled; status=200 latency_ms=13
2024-03-15T00:10:54Z [INFO]  [checkoutservice] request handled; status=200 latency_ms=14
2024-03-15T00:10:55Z [INFO]  [currencyservice] request handled; status=200 latency_ms=15
2024-03-15T00:10:56Z [INFO]  [emailservice] request handled; status=200 latency_ms=16
2024-03-15T00:10:57Z [INFO]  [frontend] request handled; status=200 latency_ms=17
2024-03-15T00:10:58Z [INFO]  [loadgenerator] request handled; status=200 latency_ms=18
2024-03-15T00:10:59Z [INFO]  [paymentservice] request handled; status=200 latency_ms=19
2024-03-15T00:11:00Z [INFO]  [productcatalogservice] request handled; status=200 latency_ms=20
2024-03-15T00:11:01Z [INFO]  [recommendationservice] request handled; status=200 latency_ms=21
2024-03-15T00:11:01Z [WARN]  [frontend] upstream call degraded via paymentservice latency_ms=461
2024-03-15T00:11:02Z [INFO]  [redis-cart] request handled; status=200 latency_ms=22
2024-03-15T00:11:03Z [INFO]  [shippingservice] request handled; status=200 latency_ms=23
2024-03-15T00:11:04Z [INFO]  [adservice] request handled; status=200 latency_ms=24
2024-03-15T00:11:05Z [INFO]  [cartservice] request handled; status=200 latency_ms=25
2024-03-15T00:11:05Z [ERROR] [paymentservice] OOMKilled: container killed by out-of-memory
2024-03-15T00:11:05Z [WARNING] [paymentservice] pod restarted, reason=OOMKilled
2024-03-15T00:11:05Z [ERROR] [frontend] /payment page: HTTP 500 returned
2024-03-15T00:11:05Z [ERROR] [frontend] Error at payment page: paymentservice unavailable
2024-03-15T00:11:06Z [INFO]  [checkoutservice] request handled; status=200 latency_ms=26
2024-03-15T00:11:07Z [INFO]  [currencyservice] request handled; status=200 latency_ms=27
2024-03-15T00:11:08Z [INFO]  [emailservice] request handled; status=200 latency_ms=28
2024-03-15T00:11:09Z [INFO]  [frontend] request handled; status=200 latency_ms=29
2024-03-15T00:11:10Z [INFO]  [loadgenerator] request handled; status=200 latency_ms=30
2024-03-15T00:11:11Z [INFO]  [paymentservice] request handled; status=200 latency_ms=31
2024-03-15T00:11:12Z [INFO]  [productcatalogservice] request handled; status=200 latency_ms=32
2024-03-15T00:11:13Z [INFO]  [recommendationservice] request handled; status=200 latency_ms=33
2024-03-15T00:11:13Z [ERROR] [emailservice] init error: template directory missing '/app/templates'
2024-03-15T00:11:13Z [ERROR] [emailservice] CrashLoopBackOff (exit code 1)
2024-03-15T00:11:14Z [INFO]  [redis-cart] request handled; status=200 latency_ms=34
2024-03-15T00:11:15Z [INFO]  [shippingservice] request handled; status=200 latency_ms=35
2024-03-15T00:11:16Z [INFO]  [adservice] request handled; status=200 latency_ms=36
2024-03-15T00:11:17Z [INFO]  [cartservice] request handled; status=200 latency_ms=37
2024-03-15T00:11:18Z [INFO]  [checkoutservice] request handled; status=200 latency_ms=38
2024-03-15T00:11:18Z [WARN]  [frontend] upstream call degraded via paymentservice latency_ms=478
2024-03-15T00:11:19Z [INFO]  [currencyservice] request handled; status=200 latency_ms=39
2024-03-15T00:11:20Z [INFO]  [emailservice] request handled; status=200 latency_ms=40
2024-03-15T00:11:21Z [INFO]  [frontend] request handled; status=200 latency_ms=41
2024-03-15T00:11:22Z [INFO]  [loadgenerator] request handled; status=200 latency_ms=42
2024-03-15T00:11:23Z [INFO]  [paymentservice] request handled; status=200 latency_ms=43
2024-03-15T00:11:24Z [INFO]  [productcatalogservice] request handled; status=200 latency_ms=44
2024-03-15T00:11:25Z [INFO]  [recommendationservice] request handled; status=200 latency_ms=45
2024-03-15T00:11:26Z [INFO]  [redis-cart] request handled; status=200 latency_ms=46
2024-03-15T00:11:27Z [INFO]  [shippingservice] request handled; status=200 latency_ms=47
2024-03-15T00:11:28Z [INFO]  [adservice] request handled; status=200 latency_ms=48
2024-03-15T00:11:29Z [INFO]  [cartservice] request handled; status=200 latency_ms=49
2024-03-15T00:11:30Z [INFO]  [checkoutservice] request handled; status=200 latency_ms=50
2024-03-15T00:11:31Z [INFO]  [currencyservice] request handled; status=200 latency_ms=51
2024-03-15T00:11:32Z [INFO]  [emailservice] request handled; status=200 latency_ms=52
2024-03-15T00:11:33Z [INFO]  [frontend] request handled; status=200 latency_ms=53
2024-03-15T00:11:34Z [INFO]  [loadgenerator] request handled; status=200 latency_ms=54
2024-03-15T00:11:35Z [INFO]  [paymentservice] request handled; status=200 latency_ms=55
2024-03-15T00:11:35Z [WARN]  [frontend] upstream call degraded via paymentservice latency_ms=495
2024-03-15T00:11:36Z [INFO]  [productcatalogservice] request handled; status=200 latency_ms=56
2024-03-15T00:11:37Z [INFO]  [recommendationservice] request handled; status=200 latency_ms=57
2024-03-15T00:11:38Z [INFO]  [redis-cart] request handled; status=200 latency_ms=58
2024-03-15T00:11:39Z [INFO]  [shippingservice] request handled; status=200 latency_ms=59
2024-03-15T00:11:40Z [INFO]  [adservice] request handled; status=200 latency_ms=10
2024-03-15T00:11:41Z [INFO]  [cartservice] request handled; status=200 latency_ms=11
2024-03-15T00:11:42Z [INFO]  [checkoutservice] request handled; status=200 latency_ms=12
2024-03-15T00:11:43Z [INFO]  [currencyservice] request handled; status=200 latency_ms=13
2024-03-15T00:11:44Z [INFO]  [emailservice] request handled; status=200 latency_ms=14
2024-03-15T00:11:45Z [INFO]  [frontend] request handled; status=200 latency_ms=15
2024-03-15T00:11:46Z [INFO]  [loadgenerator] request handled; status=200 latency_ms=16
2024-03-15T00:11:47Z [INFO]  [paymentservice] request handled; status=200 latency_ms=17
2024-03-15T00:11:48Z [INFO]  [productcatalogservice] request handled; status=200 latency_ms=18
2024-03-15T00:11:49Z [INFO]  [recommendationservice] request handled; status=200 latency_ms=19
2024-03-15T00:11:50Z [INFO]  [redis-cart] request handled; status=200 latency_ms=20
2024-03-15T00:11:51Z [INFO]  [shippingservice] request handled; status=200 latency_ms=21
2024-03-15T00:11:52Z [INFO]  [adservice] request handled; status=200 latency_ms=22
2024-03-15T00:11:52Z [WARN]  [frontend] upstream call degraded via paymentservice latency_ms=212
2024-03-15T00:11:53Z [INFO]  [cartservice] request handled; status=200 latency_ms=23
2024-03-15T00:11:54Z [INFO]  [checkoutservice] request handled; status=200 latency_ms=24
2024-03-15T00:11:55Z [INFO]  [currencyservice] request handled; status=200 latency_ms=25
2024-03-15T00:11:56Z [INFO]  [emailservice] request handled; status=200 latency_ms=26
2024-03-15T00:11:57Z [INFO]  [frontend] request handled; status=200 latency_ms=27
2024-03-15T00:11:58Z [INFO]  [loadgenerator] request handled; status=200 latency_ms=28
2024-03-15T00:11:59Z [INFO]  [paymentservice] request handled; status=200 latency_ms=29
2024-03-15T00:12:00Z [INFO]  [productcatalogservice] request handled; status=200 latency_ms=30
2024-03-15T00:12:01Z [INFO]  [recommendationservice] request handled; status=200 latency_ms=31
2024-03-15T00:12:02Z [INFO]  [redis-cart] request handled; status=200 latency_ms=32
2024-03-15T00:12:03Z [INFO]  [shippingservice] request handled; status=200 latency_ms=33
2024-03-15T00:12:04Z [INFO]  [adservice] request handled; status=200 latency_ms=34
2024-03-15T00:12:05Z [INFO]  [cartservice] request handled; status=200 latency_ms=35
2024-03-15T00:12:06Z [INFO]  [checkoutservice] request handled; status=200 latency_ms=36
2024-03-15T00:12:07Z [INFO]  [currencyservice] request handled; status=200 latency_ms=37
2024-03-15T00:12:08Z [INFO]  [emailservice] request handled; status=200 latency_ms=38
2024-03-15T00:12:09Z [INFO]  [frontend] request handled; status=200 latency_ms=39
2024-03-15T00:12:09Z [WARN]  [frontend] upstream call degraded via paymentservice latency_ms=229
2024-03-15T00:12:10Z [INFO]  [loadgenerator] request handled; status=200 latency_ms=40
2024-03-15T00:12:11Z [INFO]  [paymentservice] request handled; status=200 latency_ms=41
2024-03-15T00:12:12Z [INFO]  [productcatalogservice] request handled; status=200 latency_ms=42
2024-03-15T00:12:13Z [INFO]  [recommendationservice] request handled; status=200 latency_ms=43
2024-03-15T00:12:14Z [INFO]  [redis-cart] request handled; status=200 latency_ms=44
2024-03-15T00:12:15Z [INFO]  [shippingservice] request handled; status=200 latency_ms=45
2024-03-15T00:12:16Z [INFO]  [adservice] request handled; status=200 latency_ms=46
2024-03-15T00:12:17Z [INFO]  [cartservice] request handled; status=200 latency_ms=47
2024-03-15T00:12:18Z [INFO]  [checkoutservice] request handled; status=200 latency_ms=48
2024-03-15T00:12:19Z [INFO]  [currencyservice] request handled; status=200 latency_ms=49
2024-03-15T00:12:20Z [INFO]  [emailservice] request handled; status=200 latency_ms=50
2024-03-15T00:12:21Z [INFO]  [frontend] request handled; status=200 latency_ms=51
2024-03-15T00:12:22Z [INFO]  [loadgenerator] request handled; status=200 latency_ms=52
2024-03-15T00:12:23Z [INFO]  [paymentservice] request handled; status=200 latency_ms=53
2024-03-15T00:12:24Z [INFO]  [productcatalogservice] request handled; status=200 latency_ms=54
2024-03-15T00:12:25Z [INFO]  [recommendationservice] request handled; status=200 latency_ms=55
2024-03-15T00:12:26Z [INFO]  [redis-cart] request handled; status=200 latency_ms=56
2024-03-15T00:12:26Z [WARN]  [frontend] upstream call degraded via paymentservice latency_ms=246
2024-03-15T00:12:27Z [INFO]  [shippingservice] request handled; status=200 latency_ms=57
2024-03-15T00:12:28Z [INFO]  [adservice] request handled; status=200 latency_ms=58
2024-03-15T00:12:29Z [INFO]  [cartservice] request handled; status=200 latency_ms=59
2024-03-15T00:12:30Z [INFO]  [checkoutservice] request handled; status=200 latency_ms=10
2024-03-15T00:12:31Z [INFO]  [currencyservice] request handled; status=200 latency_ms=11
2024-03-15T00:12:32Z [INFO]  [emailservice] request handled; status=200 latency_ms=12
2024-03-15T00:12:33Z [INFO]  [frontend] request handled; status=200 latency_ms=13
2024-03-15T00:12:34Z [INFO]  [loadgenerator] request handled; status=200 latency_ms=14
2024-03-15T00:12:35Z [INFO]  [paymentservice] request handled; status=200 latency_ms=15
2024-03-15T00:12:36Z [INFO]  [productcatalogservice] request handled; status=200 latency_ms=16
2024-03-15T00:12:37Z [INFO]  [recommendationservice] request handled; status=200 latency_ms=17
2024-03-15T00:12:38Z [INFO]  [redis-cart] request handled; status=200 latency_ms=18
2024-03-15T00:12:39Z [INFO]  [shippingservice] request handled; status=200 latency_ms=19
2024-03-15T00:12:40Z [INFO]  [adservice] request handled; status=200 latency_ms=20
2024-03-15T00:12:41Z [INFO]  [cartservice] request handled; status=200 latency_ms=21
2024-03-15T00:12:42Z [INFO]  [checkoutservice] request handled; status=200 latency_ms=22
2024-03-15T00:12:43Z [INFO]  [currencyservice] request handled; status=200 latency_ms=23
2024-03-15T00:12:43Z [WARN]  [frontend] upstream call degraded via paymentservice latency_ms=263
2024-03-15T00:12:44Z [INFO]  [emailservice] request handled; status=200 latency_ms=24
2024-03-15T00:12:45Z [INFO]  [frontend] request handled; status=200 latency_ms=25
2024-03-15T00:12:46Z [INFO]  [loadgenerator] request handled; status=200 latency_ms=26
2024-03-15T00:12:47Z [INFO]  [paymentservice] request handled; status=200 latency_ms=27
2024-03-15T00:12:48Z [INFO]  [productcatalogservice] request handled; status=200 latency_ms=28
2024-03-15T00:12:49Z [INFO]  [recommendationservice] request handled; status=200 latency_ms=29
2024-03-15T00:12:50Z [INFO]  [redis-cart] request handled; status=200 latency_ms=30
2024-03-15T00:12:51Z [INFO]  [shippingservice] request handled; status=200 latency_ms=31
2024-03-15T00:12:52Z [INFO]  [adservice] request handled; status=200 latency_ms=32
2024-03-15T00:12:53Z [INFO]  [cartservice] request handled; status=200 latency_ms=33
2024-03-15T00:12:54Z [INFO]  [checkoutservice] request handled; status=200 latency_ms=34
2024-03-15T00:12:55Z [INFO]  [currencyservice] request handled; status=200 latency_ms=35
2024-03-15T00:12:56Z [INFO]  [emailservice] request handled; status=200 latency_ms=36
2024-03-15T00:12:57Z [INFO]  [frontend] request handled; status=200 latency_ms=37
2024-03-15T00:12:58Z [INFO]  [loadgenerator] request handled; status=200 latency_ms=38
2024-03-15T00:12:58Z [ERROR] [paymentservice] OOMKilled: container killed by out-of-memory
2024-03-15T00:12:58Z [WARNING] [paymentservice] pod restarted, reason=OOMKilled
2024-03-15T00:12:58Z [ERROR] [frontend] /payment page: HTTP 500 returned
2024-03-15T00:12:58Z [ERROR] [frontend] Error at payment page: paymentservice unavailable
2024-03-15T00:12:59Z [INFO]  [paymentservice] request handled; status=200 latency_ms=39
2024-03-15T00:13:00Z [INFO]  [productcatalogservice] request handled; status=200 latency_ms=40
2024-03-15T00:13:00Z [WARN]  [frontend] upstream call degraded via paymentservice latency_ms=280
2024-03-15T00:13:01Z [INFO]  [recommendationservice] request handled; status=200 latency_ms=41
2024-03-15T00:13:02Z [INFO]  [redis-cart] request handled; status=200 latency_ms=42
2024-03-15T00:13:03Z [INFO]  [shippingservice] request handled; status=200 latency_ms=43
2024-03-15T00:13:04Z [INFO]  [adservice] request handled; status=200 latency_ms=44
2024-03-15T00:13:05Z [INFO]  [cartservice] request handled; status=200 latency_ms=45
2024-03-15T00:13:06Z [INFO]  [checkoutservice] request handled; status=200 latency_ms=46
2024-03-15T00:13:07Z [INFO]  [currencyservice] request handled; status=200 latency_ms=47
2024-03-15T00:13:08Z [INFO]  [emailservice] request handled; status=200 latency_ms=48
2024-03-15T00:13:09Z [INFO]  [frontend] request handled; status=200 latency_ms=49
2024-03-15T00:13:10Z [INFO]  [loadgenerator] request handled; status=200 latency_ms=50
2024-03-15T00:13:11Z [INFO]  [paymentservice] request handled; status=200 latency_ms=51
2024-03-15T00:13:12Z [INFO]  [productcatalogservice] request handled; status=200 latency_ms=52
2024-03-15T00:13:13Z [INFO]  [recommendationservice] request handled; status=200 latency_ms=53
2024-03-15T00:13:14Z [INFO]  [redis-cart] request handled; status=200 latency_ms=54
2024-03-15T00:13:15Z [INFO]  [shippingservice] request handled; status=200 latency_ms=55
2024-03-15T00:13:16Z [INFO]  [adservice] request handled; status=200 latency_ms=56
2024-03-15T00:13:17Z [INFO]  [cartservice] request handled; status=200 latency_ms=57
2024-03-15T00:13:17Z [WARN]  [frontend] upstream call degraded via paymentservice latency_ms=297
2024-03-15T00:13:18Z [INFO]  [checkoutservice] request handled; status=200 latency_ms=58
2024-03-15T00:13:19Z [INFO]  [currencyservice] request handled; status=200 latency_ms=59
2024-03-15T00:13:20Z [INFO]  [emailservice] request handled; status=200 latency_ms=10
2024-03-15T00:13:21Z [INFO]  [frontend] request handled; status=200 latency_ms=11
2024-03-15T00:13:22Z [INFO]  [loadgenerator] request handled; status=200 latency_ms=12
2024-03-15T00:13:23Z [INFO]  [paymentservice] request handled; status=200 latency_ms=13
2024-03-15T00:13:24Z [INFO]  [productcatalogservice] request handled; status=200 latency_ms=14
2024-03-15T00:13:25Z [INFO]  [recommendationservice] request handled; status=200 latency_ms=15
2024-03-15T00:13:26Z [INFO]  [redis-cart] request handled; status=200 latency_ms=16
2024-03-15T00:13:27Z [INFO]  [shippingservice] request handled; status=200 latency_ms=17
2024-03-15T00:13:28Z [INFO]  [adservice] request handled; status=200 latency_ms=18
2024-03-15T00:13:29Z [INFO]  [cartservice] request handled; status=200 latency_ms=19
2024-03-15T00:13:30Z [INFO]  [checkoutservice] request handled; status=200 latency_ms=20
2024-03-15T00:13:31Z [INFO]  [currencyservice] request handled; status=200 latency_ms=21
2024-03-15T00:13:32Z [INFO]  [emailservice] request handled; status=200 latency_ms=22
2024-03-15T00:13:33Z [INFO]  [frontend] request handled; status=200 latency_ms=23
2024-03-15T00:13:34Z [INFO]  [loadgenerator] request handled; status=200 latency_ms=24
2024-03-15T00:13:34Z [WARN]  [frontend] upstream call degraded via paymentservice latency_ms=314
2024-03-15T00:13:35Z [INFO]  [paymentservice] request handled; status=200 latency_ms=25
2024-03-15T00:13:36Z [INFO]  [productcatalogservice] request handled; status=200 latency_ms=26
2024-03-15T00:13:37Z [INFO]  [recommendationservice] request handled; status=200 latency_ms=27
2024-03-15T00:13:38Z [INFO]  [redis-cart] request handled; status=200 latency_ms=28
2024-03-15T00:13:39Z [INFO]  [shippingservice] request handled; status=200 latency_ms=29
2024-03-15T00:13:40Z [INFO]  [adservice] request handled; status=200 latency_ms=30
2024-03-15T00:13:41Z [INFO]  [cartservice] request handled; status=200 latency_ms=31
2024-03-15T00:13:42Z [INFO]  [checkoutservice] request handled; status=200 latency_ms=32
2024-03-15T00:13:43Z [INFO]  [currencyservice] request handled; status=200 latency_ms=33
2024-03-15T00:13:44Z [INFO]  [emailservice] request handled; status=200 latency_ms=34
2024-03-15T00:13:45Z [INFO]  [frontend] request handled; status=200 latency_ms=35
2024-03-15T00:13:46Z [INFO]  [loadgenerator] request handled; status=200 latency_ms=36
2024-03-15T00:13:47Z [INFO]  [paymentservice] request handled; status=200 latency_ms=37
2024-03-15T00:13:48Z [INFO]  [productcatalogservice] request handled; status=200 latency_ms=38
2024-03-15T00:13:49Z [INFO]  [recommendationservice] request handled; status=200 latency_ms=39
2024-03-15T00:13:50Z [INFO]  [redis-cart] request handled; status=200 latency_ms=40
2024-03-15T00:13:51Z [INFO]  [shippingservice] request handled; status=200 latency_ms=41
2024-03-15T00:13:51Z [WARN]  [frontend] upstream call degraded via paymentservice latency_ms=331
2024-03-15T00:13:52Z [INFO]  [adservice] request handled; status=200 latency_ms=42
2024-03-15T00:13:53Z [INFO]  [cartservice] request handled; status=200 latency_ms=43
2024-03-15T00:13:54Z [INFO]  [checkoutservice] request handled; status=200 latency_ms=44
2024-03-15T00:13:55Z [INFO]  [currencyservice] request handled; status=200 latency_ms=45
2024-03-15T00:13:56Z [INFO]  [emailservice] request handled; status=200 latency_ms=46
2024-03-15T00:13:57Z [INFO]  [frontend] request handled; status=200 latency_ms=47
2024-03-15T00:13:58Z [INFO]  [loadgenerator] request handled; status=200 latency_ms=48
2024-03-15T00:13:59Z [INFO]  [paymentservice] request handled; status=200 latency_ms=49
2024-03-15T00:14:00Z [INFO]  [productcatalogservice] request handled; status=200 latency_ms=50
2024-03-15T00:14:01Z [INFO]  [recommendationservice] request handled; status=200 latency_ms=51
2024-03-15T00:14:02Z [INFO]  [redis-cart] request handled; status=200 latency_ms=52
2024-03-15T00:14:03Z [INFO]  [shippingservice] request handled; status=200 latency_ms=53
2024-03-15T00:14:04Z [INFO]  [adservice] request handled; status=200 latency_ms=54
2024-03-15T00:14:05Z [INFO]  [cartservice] request handled; status=200 latency_ms=55
2024-03-15T00:14:06Z [INFO]  [checkoutservice] request handled; status=200 latency_ms=56
2024-03-15T00:14:07Z [INFO]  [currencyservice] request handled; status=200 latency_ms=57
2024-03-15T00:14:08Z [INFO]  [emailservice] request handled; status=200 latency_ms=58
2024-03-15T00:14:08Z [WARN]  [frontend] upstream call degraded via paymentservice latency_ms=348
2024-03-15T00:14:09Z [INFO]  [frontend] request handled; status=200 latency_ms=59
2024-03-15T00:14:10Z [INFO]  [loadgenerator] request handled; status=200 latency_ms=10
2024-03-15T00:14:11Z [INFO]  [paymentservice] request handled; status=200 latency_ms=11
2024-03-15T00:14:12Z [INFO]  [productcatalogservice] request handled; status=200 latency_ms=12
2024-03-15T00:14:13Z [INFO]  [recommendationservice] request handled; status=200 latency_ms=13
2024-03-15T00:14:14Z [INFO]  [redis-cart] request handled; status=200 latency_ms=14
2024-03-15T00:14:15Z [INFO]  [shippingservice] request handled; status=200 latency_ms=15
2024-03-15T00:14:16Z [INFO]  [adservice] request handled; status=200 latency_ms=16
2024-03-15T00:14:17Z [INFO]  [cartservice] request handled; status=200 latency_ms=17
2024-03-15T00:14:18Z [INFO]  [checkoutservice] request handled; status=200 latency_ms=18
2024-03-15T00:14:19Z [INFO]  [currencyservice] request handled; status=200 latency_ms=19
2024-03-15T00:14:20Z [INFO]  [emailservice] request handled; status=200 latency_ms=20
2024-03-15T00:14:21Z [INFO]  [frontend] request handled; status=200 latency_ms=21
2024-03-15T00:14:22Z [INFO]  [loadgenerator] request handled; status=200 latency_ms=22
2024-03-15T00:14:23Z [INFO]  [paymentservice] request handled; status=200 latency_ms=23
2024-03-15T00:14:24Z [INFO]  [productcatalogservice] request handled; status=200 latency_ms=24
2024-03-15T00:14:24Z [ERROR] [emailservice] init error: template directory missing '/app/templates'
2024-03-15T00:14:24Z [ERROR] [emailservice] CrashLoopBackOff (exit code 1)
2024-03-15T00:14:25Z [INFO]  [recommendationservice] request handled; status=200 latency_ms=25
2024-03-15T00:14:25Z [WARN]  [frontend] upstream call degraded via paymentservice latency_ms=365
2024-03-15T00:14:26Z [INFO]  [redis-cart] request handled; status=200 latency_ms=26
2024-03-15T00:14:27Z [INFO]  [shippingservice] request handled; status=200 latency_ms=27
2024-03-15T00:14:28Z [INFO]  [adservice] request handled; status=200 latency_ms=28
2024-03-15T00:14:29Z [INFO]  [cartservice] request handled; status=200 latency_ms=29
2024-03-15T00:14:30Z [INFO]  [checkoutservice] request handled; status=200 latency_ms=30
2024-03-15T00:14:31Z [INFO]  [currencyservice] request handled; status=200 latency_ms=31
2024-03-15T00:14:32Z [INFO]  [emailservice] request handled; status=200 latency_ms=32
2024-03-15T00:14:33Z [INFO]  [frontend] request handled; status=200 latency_ms=33
2024-03-15T00:14:34Z [INFO]  [loadgenerator] request handled; status=200 latency_ms=34
2024-03-15T00:14:35Z [INFO]  [paymentservice] request handled; status=200 latency_ms=35
2024-03-15T00:14:36Z [INFO]  [productcatalogservice] request handled; status=200 latency_ms=36
2024-03-15T00:14:37Z [INFO]  [recommendationservice] request handled; status=200 latency_ms=37
2024-03-15T00:14:38Z [INFO]  [redis-cart] request handled; status=200 latency_ms=38
2024-03-15T00:14:39Z [INFO]  [shippingservice] request handled; status=200 latency_ms=39
2024-03-15T00:14:40Z [INFO]  [adservice] request handled; status=200 latency_ms=40
2024-03-15T00:14:41Z [INFO]  [cartservice] request handled; status=200 latency_ms=41
2024-03-15T00:14:42Z [INFO]  [checkoutservice] request handled; status=200 latency_ms=42
2024-03-15T00:14:42Z [WARN]  [frontend] upstream call degraded via paymentservice latency_ms=382
2024-03-15T00:14:43Z [INFO]  [currencyservice] request handled; status=200 latency_ms=43
2024-03-15T00:14:44Z [INFO]  [emailservice] request handled; status=200 latency_ms=44
2024-03-15T00:14:45Z [INFO]  [frontend] request handled; status=200 latency_ms=45
2024-03-15T00:14:46Z [INFO]  [loadgenerator] request handled; status=200 latency_ms=46
2024-03-15T00:14:47Z [INFO]  [paymentservice] request handled; status=200 latency_ms=47
2024-03-15T00:14:48Z [INFO]  [productcatalogservice] request handled; status=200 latency_ms=48
2024-03-15T00:14:49Z [INFO]  [recommendationservice] request handled; status=200 latency_ms=49
2024-03-15T00:14:50Z [INFO]  [redis-cart] request handled; status=200 latency_ms=50
2024-03-15T00:14:51Z [INFO]  [shippingservice] request handled; status=200 latency_ms=51
2024-03-15T00:14:51Z [ERROR] [paymentservice] OOMKilled: container killed by out-of-memory
2024-03-15T00:14:51Z [WARNING] [paymentservice] pod restarted, reason=OOMKilled
2024-03-15T00:14:51Z [ERROR] [frontend] /payment page: HTTP 500 returned
2024-03-15T00:14:51Z [ERROR] [frontend] Error at payment page: paymentservice unavailable
2024-03-15T00:14:52Z [INFO]  [adservice] request handled; status=200 latency_ms=52
2024-03-15T00:14:53Z [INFO]  [cartservice] request handled; status=200 latency_ms=53
2024-03-15T00:14:54Z [INFO]  [checkoutservice] request handled; status=200 latency_ms=54
2024-03-15T00:14:55Z [INFO]  [currencyservice] request handled; status=200 latency_ms=55
2024-03-15T00:14:56Z [INFO]  [emailservice] request handled; status=200 latency_ms=56
2024-03-15T00:14:57Z [INFO]  [frontend] request handled; status=200 latency_ms=57
2024-03-15T00:14:58Z [INFO]  [loadgenerator] request handled; status=200 latency_ms=58
2024-03-15T00:14:59Z [INFO]  [paymentservice] request handled; status=200 latency_ms=59
2024-03-15T00:14:59Z [WARN]  [frontend] upstream call degraded via paymentservice latency_ms=399
2024-03-15T00:15:00Z [INFO]  [productcatalogservice] request handled; status=200 latency_ms=10
2024-03-15T00:15:01Z [INFO]  [recommendationservice] request handled; status=200 latency_ms=11
2024-03-15T00:15:02Z [INFO]  [redis-cart] request handled; status=200 latency_ms=12
2024-03-15T00:15:03Z [INFO]  [shippingservice] request handled; status=200 latency_ms=13
2024-03-15T00:15:04Z [INFO]  [adservice] request handled; status=200 latency_ms=14
2024-03-15T00:15:05Z [INFO]  [cartservice] request handled; status=200 latency_ms=15
2024-03-15T00:15:06Z [INFO]  [checkoutservice] request handled; status=200 latency_ms=16
2024-03-15T00:15:07Z [INFO]  [currencyservice] request handled; status=200 latency_ms=17
2024-03-15T00:15:08Z [INFO]  [emailservice] request handled; status=200 latency_ms=18
2024-03-15T00:15:09Z [INFO]  [frontend] request handled; status=200 latency_ms=19
2024-03-15T00:15:10Z [INFO]  [loadgenerator] request handled; status=200 latency_ms=20
2024-03-15T00:15:11Z [INFO]  [paymentservice] request handled; status=200 latency_ms=21
2024-03-15T00:15:12Z [INFO]  [productcatalogservice] request handled; status=200 latency_ms=22
2024-03-15T00:15:13Z [INFO]  [recommendationservice] request handled; status=200 latency_ms=23
2024-03-15T00:15:14Z [INFO]  [redis-cart] request handled; status=200 latency_ms=24
2024-03-15T00:15:15Z [INFO]  [shippingservice] request handled; status=200 latency_ms=25
2024-03-15T00:15:16Z [INFO]  [adservice] request handled; status=200 latency_ms=26
2024-03-15T00:15:16Z [WARN]  [frontend] upstream call degraded via paymentservice latency_ms=416
2024-03-15T00:15:17Z [INFO]  [cartservice] request handled; status=200 latency_ms=27
2024-03-15T00:15:18Z [INFO]  [checkoutservice] request handled; status=200 latency_ms=28
2024-03-15T00:15:19Z [INFO]  [currencyservice] request handled; status=200 latency_ms=29
2024-03-15T00:15:20Z [INFO]  [emailservice] request handled; status=200 latency_ms=30
2024-03-15T00:15:21Z [INFO]  [frontend] request handled; status=200 latency_ms=31
2024-03-15T00:15:22Z [INFO]  [loadgenerator] request handled; status=200 latency_ms=32
2024-03-15T00:15:23Z [INFO]  [paymentservice] request handled; status=200 latency_ms=33
2024-03-15T00:15:24Z [INFO]  [productcatalogservice] request handled; status=200 latency_ms=34
2024-03-15T00:15:25Z [INFO]  [recommendationservice] request handled; status=200 latency_ms=35
2024-03-15T00:15:26Z [INFO]  [redis-cart] request handled; status=200 latency_ms=36
2024-03-15T00:15:27Z [INFO]  [shippingservice] request handled; status=200 latency_ms=37
2024-03-15T00:15:28Z [INFO]  [adservice] request handled; status=200 latency_ms=38
2024-03-15T00:15:29Z [INFO]  [cartservice] request handled; status=200 latency_ms=39
2024-03-15T00:15:30Z [INFO]  [checkoutservice] request handled; status=200 latency_ms=40
2024-03-15T00:15:31Z [INFO]  [currencyservice] request handled; status=200 latency_ms=41
2024-03-15T00:15:32Z [INFO]  [emailservice] request handled; status=200 latency_ms=42
2024-03-15T00:15:33Z [INFO]  [frontend] request handled; status=200 latency_ms=43
2024-03-15T00:15:33Z [WARN]  [frontend] upstream call degraded via paymentservice latency_ms=433
2024-03-15T00:15:34Z [INFO]  [loadgenerator] request handled; status=200 latency_ms=44
2024-03-15T00:15:35Z [INFO]  [paymentservice] request handled; status=200 latency_ms=45
2024-03-15T00:15:36Z [INFO]  [productcatalogservice] request handled; status=200 latency_ms=46
2024-03-15T00:15:37Z [INFO]  [recommendationservice] request handled; status=200 latency_ms=47
2024-03-15T00:15:38Z [INFO]  [redis-cart] request handled; status=200 latency_ms=48
2024-03-15T00:15:39Z [INFO]  [shippingservice] request handled; status=200 latency_ms=49
2024-03-15T00:15:40Z [INFO]  [adservice] request handled; status=200 latency_ms=50
2024-03-15T00:15:41Z [INFO]  [cartservice] request handled; status=200 latency_ms=51
2024-03-15T00:15:42Z [INFO]  [checkoutservice] request handled; status=200 latency_ms=52
2024-03-15T00:15:43Z [INFO]  [currencyservice] request handled; status=200 latency_ms=53
2024-03-15T00:15:44Z [INFO]  [emailservice] request handled; status=200 latency_ms=54
2024-03-15T00:15:45Z [INFO]  [frontend] request handled; status=200 latency_ms=55
2024-03-15T00:15:46Z [INFO]  [loadgenerator] request handled; status=200 latency_ms=56
2024-03-15T00:15:47Z [INFO]  [paymentservice] request handled; status=200 latency_ms=57
2024-03-15T00:15:48Z [INFO]  [productcatalogservice] request handled; status=200 latency_ms=58
2024-03-15T00:15:49Z [INFO]  [recommendationservice] request handled; status=200 latency_ms=59
2024-03-15T00:15:50Z [INFO]  [redis-cart] request handled; status=200 latency_ms=10
2024-03-15T00:15:50Z [WARN]  [frontend] upstream call degraded via paymentservice latency_ms=450
2024-03-15T00:15:51Z [INFO]  [shippingservice] request handled; status=200 latency_ms=11
2024-03-15T00:15:52Z [INFO]  [adservice] request handled; status=200 latency_ms=12
2024-03-15T00:15:53Z [INFO]  [cartservice] request handled; status=200 latency_ms=13
2024-03-15T00:15:54Z [INFO]  [checkoutservice] request handled; status=200 latency_ms=14
2024-03-15T00:15:55Z [INFO]  [currencyservice] request handled; status=200 latency_ms=15
2024-03-15T00:15:56Z [INFO]  [emailservice] request handled; status=200 latency_ms=16
2024-03-15T00:15:57Z [INFO]  [frontend] request handled; status=200 latency_ms=17
2024-03-15T00:15:58Z [INFO]  [loadgenerator] request handled; status=200 latency_ms=18
2024-03-15T00:15:59Z [INFO]  [paymentservice] request handled; status=200 latency_ms=19
2024-03-15T00:16:00Z [INFO]  [productcatalogservice] request handled; status=200 latency_ms=20
2024-03-15T00:16:01Z [INFO]  [recommendationservice] request handled; status=200 latency_ms=21
2024-03-15T00:16:02Z [INFO]  [redis-cart] request handled; status=200 latency_ms=22
2024-03-15T00:16:03Z [INFO]  [shippingservice] request handled; status=200 latency_ms=23
2024-03-15T00:16:04Z [INFO]  [adservice] request handled; status=200 latency_ms=24
2024-03-15T00:16:05Z [INFO]  [cartservice] request handled; status=200 latency_ms=25
2024-03-15T00:16:06Z [INFO]  [checkoutservice] request handled; status=200 latency_ms=26
2024-03-15T00:16:07Z [INFO]  [currencyservice] request handled; status=200 latency_ms=27
2024-03-15T00:16:07Z [WARN]  [frontend] upstream call degraded via paymentservice latency_ms=467
2024-03-15T00:16:08Z [INFO]  [emailservice] request handled; status=200 latency_ms=28
2024-03-15T00:16:09Z [INFO]  [frontend] request handled; status=200 latency_ms=29
2024-03-15T00:16:10Z [INFO]  [loadgenerator] request handled; status=200 latency_ms=30
2024-03-15T00:16:11Z [INFO]  [paymentservice] request handled; status=200 latency_ms=31
2024-03-15T00:16:12Z [INFO]  [productcatalogservice] request handled; status=200 latency_ms=32
2024-03-15T00:16:13Z [INFO]  [recommendationservice] request handled; status=200 latency_ms=33
2024-03-15T00:16:14Z [INFO]  [redis-cart] request handled; status=200 latency_ms=34
2024-03-15T00:16:15Z [INFO]  [shippingservice] request handled; status=200 latency_ms=35
2024-03-15T00:16:16Z [INFO]  [adservice] request handled; status=200 latency_ms=36
2024-03-15T00:16:17Z [INFO]  [cartservice] request handled; status=200 latency_ms=37
2024-03-15T00:16:18Z [INFO]  [checkoutservice] request handled; status=200 latency_ms=38
2024-03-15T00:16:19Z [INFO]  [currencyservice] request handled; status=200 latency_ms=39
2024-03-15T00:16:20Z [INFO]  [emailservice] request handled; status=200 latency_ms=40
2024-03-15T00:16:21Z [INFO]  [frontend] request handled; status=200 latency_ms=41
2024-03-15T00:16:22Z [INFO]  [loadgenerator] request handled; status=200 latency_ms=42
2024-03-15T00:16:23Z [INFO]  [paymentservice] request handled; status=200 latency_ms=43
2024-03-15T00:16:24Z [INFO]  [productcatalogservice] request handled; status=200 latency_ms=44
2024-03-15T00:16:24Z [WARN]  [frontend] upstream call degraded via paymentservice latency_ms=484
2024-03-15T00:16:25Z [INFO]  [recommendationservice] request handled; status=200 latency_ms=45
2024-03-15T00:16:26Z [INFO]  [redis-cart] request handled; status=200 latency_ms=46
2024-03-15T00:16:27Z [INFO]  [shippingservice] request handled; status=200 latency_ms=47
2024-03-15T00:16:28Z [INFO]  [adservice] request handled; status=200 latency_ms=48
2024-03-15T00:16:29Z [INFO]  [cartservice] request handled; status=200 latency_ms=49
2024-03-15T00:16:30Z [INFO]  [checkoutservice] request handled; status=200 latency_ms=50
2024-03-15T00:16:31Z [INFO]  [currencyservice] request handled; status=200 latency_ms=51
2024-03-15T00:16:32Z [INFO]  [emailservice] request handled; status=200 latency_ms=52
2024-03-15T00:16:33Z [INFO]  [frontend] request handled; status=200 latency_ms=53
2024-03-15T00:16:34Z [INFO]  [loadgenerator] request handled; status=200 latency_ms=54
2024-03-15T00:16:35Z [INFO]  [paymentservice] request handled; status=200 latency_ms=55
2024-03-15T00:16:36Z [INFO]  [productcatalogservice] request handled; status=200 latency_ms=56
2024-03-15T00:16:37Z [INFO]  [recommendationservice] request handled; status=200 latency_ms=57
2024-03-15T00:16:38Z [INFO]  [redis-cart] request handled; status=200 latency_ms=58
2024-03-15T00:16:39Z [INFO]  [shippingservice] request handled; status=200 latency_ms=59
2024-03-15T00:16:40Z [INFO]  [adservice] request handled; status=200 latency_ms=10
2024-03-15T00:16:41Z [INFO]  [cartservice] request handled; status=200 latency_ms=11
2024-03-15T00:16:41Z [WARN]  [frontend] upstream call degraded via paymentservice latency_ms=201
2024-03-15T00:16:42Z [INFO]  [checkoutservice] request handled; status=200 latency_ms=12
2024-03-15T00:16:43Z [INFO]  [currencyservice] request handled; status=200 latency_ms=13
2024-03-15T00:16:44Z [INFO]  [emailservice] request handled; status=200 latency_ms=14
2024-03-15T00:16:44Z [ERROR] [paymentservice] OOMKilled: container killed by out-of-memory
2024-03-15T00:16:44Z [WARNING] [paymentservice] pod restarted, reason=OOMKilled
2024-03-15T00:16:44Z [ERROR] [frontend] /payment page: HTTP 500 returned
2024-03-15T00:16:44Z [ERROR] [frontend] Error at payment page: paymentservice unavailable
2024-03-15T00:16:45Z [INFO]  [frontend] request handled; status=200 latency_ms=15
2024-03-15T00:16:46Z [INFO]  [loadgenerator] request handled; status=200 latency_ms=16
2024-03-15T00:16:47Z [INFO]  [paymentservice] request handled; status=200 latency_ms=17
2024-03-15T00:16:48Z [INFO]  [productcatalogservice] request handled; status=200 latency_ms=18
2024-03-15T00:16:49Z [INFO]  [recommendationservice] request handled; status=200 latency_ms=19
2024-03-15T00:16:50Z [INFO]  [redis-cart] request handled; status=200 latency_ms=20
2024-03-15T00:16:51Z [INFO]  [shippingservice] request handled; status=200 latency_ms=21
2024-03-15T00:16:52Z [INFO]  [adservice] request handled; status=200 latency_ms=22
2024-03-15T00:16:53Z [INFO]  [cartservice] request handled; status=200 latency_ms=23
2024-03-15T00:16:54Z [INFO]  [checkoutservice] request handled; status=200 latency_ms=24
2024-03-15T00:16:55Z [INFO]  [currencyservice] request handled; status=200 latency_ms=25
2024-03-15T00:16:56Z [INFO]  [emailservice] request handled; status=200 latency_ms=26
2024-03-15T00:16:57Z [INFO]  [frontend] request handled; status=200 latency_ms=27
2024-03-15T00:16:58Z [INFO]  [loadgenerator] request handled; status=200 latency_ms=28
2024-03-15T00:16:58Z [WARN]  [frontend] upstream call degraded via paymentservice latency_ms=218
2024-03-15T00:16:59Z [INFO]  [paymentservice] request handled; status=200 latency_ms=29
2024-03-15T00:17:00Z [INFO]  [productcatalogservice] request handled; status=200 latency_ms=30
2024-03-15T00:17:01Z [INFO]  [recommendationservice] request handled; status=200 latency_ms=31
2024-03-15T00:17:02Z [INFO]  [redis-cart] request handled; status=200 latency_ms=32
2024-03-15T00:17:03Z [INFO]  [shippingservice] request handled; status=200 latency_ms=33
2024-03-15T00:17:04Z [INFO]  [adservice] request handled; status=200 latency_ms=34
2024-03-15T00:17:05Z [INFO]  [cartservice] request handled; status=200 latency_ms=35
2024-03-15T00:17:06Z [INFO]  [checkoutservice] request handled; status=200 latency_ms=36
2024-03-15T00:17:07Z [INFO]  [currencyservice] request handled; status=200 latency_ms=37
2024-03-15T00:17:08Z [INFO]  [emailservice] request handled; status=200 latency_ms=38
2024-03-15T00:17:09Z [INFO]  [frontend] request handled; status=200 latency_ms=39
2024-03-15T00:17:10Z [INFO]  [loadgenerator] request handled; status=200 latency_ms=40
2024-03-15T00:17:11Z [INFO]  [paymentservice] request handled; status=200 latency_ms=41
2024-03-15T00:17:12Z [INFO]  [productcatalogservice] request handled; status=200 latency_ms=42
2024-03-15T00:17:13Z [INFO]  [recommendationservice] request handled; status=200 latency_ms=43
2024-03-15T00:17:14Z [INFO]  [redis-cart] request handled; status=200 latency_ms=44
2024-03-15T00:17:15Z [INFO]  [shippingservice] request handled; status=200 latency_ms=45
2024-03-15T00:17:15Z [WARN]  [frontend] upstream call degraded via paymentservice latency_ms=235
2024-03-15T00:17:16Z [INFO]  [adservice] request handled; status=200 latency_ms=46
2024-03-15T00:17:17Z [INFO]  [cartservice] request handled; status=200 latency_ms=47
2024-03-15T00:17:18Z [INFO]  [checkoutservice] request handled; status=200 latency_ms=48
2024-03-15T00:17:19Z [INFO]  [currencyservice] request handled; status=200 latency_ms=49
2024-03-15T00:17:20Z [INFO]  [emailservice] request handled; status=200 latency_ms=50
2024-03-15T00:17:21Z [INFO]  [frontend] request handled; status=200 latency_ms=51
2024-03-15T00:17:22Z [INFO]  [loadgenerator] request handled; status=200 latency_ms=52
2024-03-15T00:17:23Z [INFO]  [paymentservice] request handled; status=200 latency_ms=53
2024-03-15T00:17:24Z [INFO]  [productcatalogservice] request handled; status=200 latency_ms=54
2024-03-15T00:17:25Z [INFO]  [recommendationservice] request handled; status=200 latency_ms=55
2024-03-15T00:17:26Z [INFO]  [redis-cart] request handled; status=200 latency_ms=56
2024-03-15T00:17:27Z [INFO]  [shippingservice] request handled; status=200 latency_ms=57
2024-03-15T00:17:28Z [INFO]  [adservice] request handled; status=200 latency_ms=58
2024-03-15T00:17:29Z [INFO]  [cartservice] request handled; status=200 latency_ms=59
2024-03-15T00:17:30Z [INFO]  [checkoutservice] request handled; status=200 latency_ms=10
2024-03-15T00:17:31Z [INFO]  [currencyservice] request handled; status=200 latency_ms=11
2024-03-15T00:17:32Z [INFO]  [emailservice] request handled; status=200 latency_ms=12
2024-03-15T00:17:32Z [WARN]  [frontend] upstream call degraded via paymentservice latency_ms=252
2024-03-15T00:17:33Z [INFO]  [frontend] request handled; status=200 latency_ms=13
2024-03-15T00:17:34Z [INFO]  [loadgenerator] request handled; status=200 latency_ms=14
2024-03-15T00:17:35Z [INFO]  [paymentservice] request handled; status=200 latency_ms=15
2024-03-15T00:17:35Z [ERROR] [emailservice] init error: template directory missing '/app/templates'
2024-03-15T00:17:35Z [ERROR] [emailservice] CrashLoopBackOff (exit code 1)
2024-03-15T00:17:36Z [INFO]  [productcatalogservice] request handled; status=200 latency_ms=16
2024-03-15T00:17:37Z [INFO]  [recommendationservice] request handled; status=200 latency_ms=17
2024-03-15T00:17:38Z [INFO]  [redis-cart] request handled; status=200 latency_ms=18
2024-03-15T00:17:39Z [INFO]  [shippingservice] request handled; status=200 latency_ms=19
2024-03-15T00:17:40Z [INFO]  [adservice] request handled; status=200 latency_ms=20
2024-03-15T00:17:41Z [INFO]  [cartservice] request handled; status=200 latency_ms=21
2024-03-15T00:17:42Z [INFO]  [checkoutservice] request handled; status=200 latency_ms=22
2024-03-15T00:17:43Z [INFO]  [currencyservice] request handled; status=200 latency_ms=23
2024-03-15T00:17:44Z [INFO]  [emailservice] request handled; status=200 latency_ms=24
2024-03-15T00:17:45Z [INFO]  [frontend] request handled; status=200 latency_ms=25
2024-03-15T00:17:46Z [INFO]  [loadgenerator] request handled; status=200 latency_ms=26
2024-03-15T00:17:47Z [INFO]  [paymentservice] request handled; status=200 latency_ms=27
2024-03-15T00:17:48Z [INFO]  [productcatalogservice] request handled; status=200 latency_ms=28
2024-03-15T00:17:49Z [INFO]  [recommendationservice] request handled; status=200 latency_ms=29
2024-03-15T00:17:49Z [WARN]  [frontend] upstream call degraded via paymentservice latency_ms=269
2024-03-15T00:17:50Z [INFO]  [redis-cart] request handled; status=200 latency_ms=30
2024-03-15T00:17:51Z [INFO]  [shippingservice] request handled; status=200 latency_ms=31
2024-03-15T00:17:52Z [INFO]  [adservice] request handled; status=200 latency_ms=32
2024-03-15T00:17:53Z [INFO]  [cartservice] request handled; status=200 latency_ms=33
2024-03-15T00:17:54Z [INFO]  [checkoutservice] request handled; status=200 latency_ms=34
2024-03-15T00:17:55Z [INFO]  [currencyservice] request handled; status=200 latency_ms=35
2024-03-15T00:17:56Z [INFO]  [emailservice] request handled; status=200 latency_ms=36
2024-03-15T00:17:57Z [INFO]  [frontend] request handled; status=200 latency_ms=37
2024-03-15T00:17:58Z [INFO]  [loadgenerator] request handled; status=200 latency_ms=38
2024-03-15T00:17:59Z [INFO]  [paymentservice] request handled; status=200 latency_ms=39
2024-03-15T00:18:00Z [INFO]  [productcatalogservice] request handled; status=200 latency_ms=40
2024-03-15T00:18:01Z [INFO]  [recommendationservice] request handled; status=200 latency_ms=41
2024-03-15T00:18:02Z [INFO]  [redis-cart] request handled; status=200 latency_ms=42
2024-03-15T00:18:03Z [INFO]  [shippingservice] request handled; status=200 latency_ms=43
2024-03-15T00:18:04Z [INFO]  [adservice] request handled; status=200 latency_ms=44
2024-03-15T00:18:05Z [INFO]  [cartservice] request handled; status=200 latency_ms=45
2024-03-15T00:18:06Z [INFO]  [checkoutservice] request handled; status=200 latency_ms=46
2024-03-15T00:18:06Z [WARN]  [frontend] upstream call degraded via paymentservice latency_ms=286
2024-03-15T00:18:07Z [INFO]  [currencyservice] request handled; status=200 latency_ms=47
2024-03-15T00:18:08Z [INFO]  [emailservice] request handled; status=200 latency_ms=48
2024-03-15T00:18:09Z [INFO]  [frontend] request handled; status=200 latency_ms=49
2024-03-15T00:18:10Z [INFO]  [loadgenerator] request handled; status=200 latency_ms=50
2024-03-15T00:18:11Z [INFO]  [paymentservice] request handled; status=200 latency_ms=51
2024-03-15T00:18:12Z [INFO]  [productcatalogservice] request handled; status=200 latency_ms=52
2024-03-15T00:18:13Z [INFO]  [recommendationservice] request handled; status=200 latency_ms=53
2024-03-15T00:18:14Z [INFO]  [redis-cart] request handled; status=200 latency_ms=54
2024-03-15T00:18:15Z [INFO]  [shippingservice] request handled; status=200 latency_ms=55
2024-03-15T00:18:16Z [INFO]  [adservice] request handled; status=200 latency_ms=56
2024-03-15T00:18:17Z [INFO]  [cartservice] request handled; status=200 latency_ms=57
2024-03-15T00:18:18Z [INFO]  [checkoutservice] request handled; status=200 latency_ms=58
2024-03-15T00:18:19Z [INFO]  [currencyservice] request handled; status=200 latency_ms=59
2024-03-15T00:18:20Z [INFO]  [emailservice] request handled; status=200 latency_ms=10
2024-03-15T00:18:21Z [INFO]  [frontend] request handled; status=200 latency_ms=11
2024-03-15T00:18:22Z [INFO]  [loadgenerator] request handled; status=200 latency_ms=12
2024-03-15T00:18:23Z [INFO]  [paymentservice] request handled; status=200 latency_ms=13
2024-03-15T00:18:23Z [WARN]  [frontend] upstream call degraded via paymentservice latency_ms=303
2024-03-15T00:18:24Z [INFO]  [productcatalogservice] request handled; status=200 latency_ms=14
2024-03-15T00:18:25Z [INFO]  [recommendationservice] request handled; status=200 latency_ms=15
2024-03-15T00:18:26Z [INFO]  [redis-cart] request handled; status=200 latency_ms=16
2024-03-15T00:18:27Z [INFO]  [shippingservice] request handled; status=200 latency_ms=17
2024-03-15T00:18:28Z [INFO]  [adservice] request handled; status=200 latency_ms=18
2024-03-15T00:18:29Z [INFO]  [cartservice] request handled; status=200 latency_ms=19
2024-03-15T00:18:30Z [INFO]  [checkoutservice] request handled; status=200 latency_ms=20
2024-03-15T00:18:31Z [INFO]  [currencyservice] request handled; status=200 latency_ms=21
2024-03-15T00:18:32Z [INFO]  [emailservice] request handled; status=200 latency_ms=22
2024-03-15T00:18:33Z [INFO]  [frontend] request handled; status=200 latency_ms=23
2024-03-15T00:18:34Z [INFO]  [loadgenerator] request handled; status=200 latency_ms=24
2024-03-15T00:18:35Z [INFO]  [paymentservice] request handled; status=200 latency_ms=25
2024-03-15T00:18:36Z [INFO]  [productcatalogservice] request handled; status=200 latency_ms=26
2024-03-15T00:18:37Z [INFO]  [recommendationservice] request handled; status=200 latency_ms=27
2024-03-15T00:18:37Z [ERROR] [paymentservice] OOMKilled: container killed by out-of-memory
2024-03-15T00:18:37Z [WARNING] [paymentservice] pod restarted, reason=OOMKilled
2024-03-15T00:18:37Z [ERROR] [frontend] /payment page: HTTP 500 returned
2024-03-15T00:18:37Z [ERROR] [frontend] Error at payment page: paymentservice unavailable
2024-03-15T00:18:38Z [INFO]  [redis-cart] request handled; status=200 latency_ms=28
2024-03-15T00:18:39Z [INFO]  [shippingservice] request handled; status=200 latency_ms=29
2024-03-15T00:18:40Z [INFO]  [adservice] request handled; status=200 latency_ms=30
2024-03-15T00:18:40Z [WARN]  [frontend] upstream call degraded via paymentservice latency_ms=320
2024-03-15T00:18:41Z [INFO]  [cartservice] request handled; status=200 latency_ms=31
2024-03-15T00:18:42Z [INFO]  [checkoutservice] request handled; status=200 latency_ms=32
2024-03-15T00:18:43Z [INFO]  [currencyservice] request handled; status=200 latency_ms=33
2024-03-15T00:18:44Z [INFO]  [emailservice] request handled; status=200 latency_ms=34
2024-03-15T00:18:45Z [INFO]  [frontend] request handled; status=200 latency_ms=35
2024-03-15T00:18:46Z [INFO]  [loadgenerator] request handled; status=200 latency_ms=36
2024-03-15T00:18:47Z [INFO]  [paymentservice] request handled; status=200 latency_ms=37
2024-03-15T00:18:48Z [INFO]  [productcatalogservice] request handled; status=200 latency_ms=38
2024-03-15T00:18:49Z [INFO]  [recommendationservice] request handled; status=200 latency_ms=39
2024-03-15T00:18:50Z [INFO]  [redis-cart] request handled; status=200 latency_ms=40
2024-03-15T00:18:51Z [INFO]  [shippingservice] request handled; status=200 latency_ms=41
2024-03-15T00:18:52Z [INFO]  [adservice] request handled; status=200 latency_ms=42
2024-03-15T00:18:53Z [INFO]  [cartservice] request handled; status=200 latency_ms=43
2024-03-15T00:18:54Z [INFO]  [checkoutservice] request handled; status=200 latency_ms=44
2024-03-15T00:18:55Z [INFO]  [currencyservice] request handled; status=200 latency_ms=45
2024-03-15T00:18:56Z [INFO]  [emailservice] request handled; status=200 latency_ms=46
2024-03-15T00:18:57Z [INFO]  [frontend] request handled; status=200 latency_ms=47
2024-03-15T00:18:57Z [WARN]  [frontend] upstream call degraded via paymentservice latency_ms=337
2024-03-15T00:18:58Z [INFO]  [loadgenerator] request handled; status=200 latency_ms=48
2024-03-15T00:18:59Z [INFO]  [paymentservice] request handled; status=200 latency_ms=49
2024-03-15T00:19:00Z [INFO]  [productcatalogservice] request handled; status=200 latency_ms=50
2024-03-15T00:19:01Z [INFO]  [recommendationservice] request handled; status=200 latency_ms=51
2024-03-15T00:19:02Z [INFO]  [redis-cart] request handled; status=200 latency_ms=52
2024-03-15T00:19:03Z [INFO]  [shippingservice] request handled; status=200 latency_ms=53
2024-03-15T00:19:04Z [INFO]  [adservice] request handled; status=200 latency_ms=54
2024-03-15T00:19:05Z [INFO]  [cartservice] request handled; status=200 latency_ms=55
2024-03-15T00:19:06Z [INFO]  [checkoutservice] request handled; status=200 latency_ms=56
2024-03-15T00:19:07Z [INFO]  [currencyservice] request handled; status=200 latency_ms=57
2024-03-15T00:19:08Z [INFO]  [emailservice] request handled; status=200 latency_ms=58
2024-03-15T00:19:09Z [INFO]  [frontend] request handled; status=200 latency_ms=59
2024-03-15T00:19:10Z [INFO]  [loadgenerator] request handled; status=200 latency_ms=10
2024-03-15T00:19:11Z [INFO]  [paymentservice] request handled; status=200 latency_ms=11
2024-03-15T00:19:12Z [INFO]  [productcatalogservice] request handled; status=200 latency_ms=12
2024-03-15T00:19:13Z [INFO]  [recommendationservice] request handled; status=200 latency_ms=13
2024-03-15T00:19:14Z [INFO]  [redis-cart] request handled; status=200 latency_ms=14
2024-03-15T00:19:14Z [WARN]  [frontend] upstream call degraded via paymentservice latency_ms=354
2024-03-15T00:19:15Z [INFO]  [shippingservice] request handled; status=200 latency_ms=15
2024-03-15T00:19:16Z [INFO]  [adservice] request handled; status=200 latency_ms=16
2024-03-15T00:19:17Z [INFO]  [cartservice] request handled; status=200 latency_ms=17
2024-03-15T00:19:18Z [INFO]  [checkoutservice] request handled; status=200 latency_ms=18
2024-03-15T00:19:19Z [INFO]  [currencyservice] request handled; status=200 latency_ms=19
2024-03-15T00:19:20Z [INFO]  [emailservice] request handled; status=200 latency_ms=20
2024-03-15T00:19:21Z [INFO]  [frontend] request handled; status=200 latency_ms=21
2024-03-15T00:19:22Z [INFO]  [loadgenerator] request handled; status=200 latency_ms=22
2024-03-15T00:19:23Z [INFO]  [paymentservice] request handled; status=200 latency_ms=23
2024-03-15T00:19:24Z [INFO]  [productcatalogservice] request handled; status=200 latency_ms=24
2024-03-15T00:19:25Z [INFO]  [recommendationservice] request handled; status=200 latency_ms=25
2024-03-15T00:19:26Z [INFO]  [redis-cart] request handled; status=200 latency_ms=26
2024-03-15T00:19:27Z [INFO]  [shippingservice] request handled; status=200 latency_ms=27
2024-03-15T00:19:28Z [INFO]  [adservice] request handled; status=200 latency_ms=28
2024-03-15T00:19:29Z [INFO]  [cartservice] request handled; status=200 latency_ms=29
2024-03-15T00:19:30Z [INFO]  [checkoutservice] request handled; status=200 latency_ms=30
2024-03-15T00:19:31Z [INFO]  [currencyservice] request handled; status=200 latency_ms=31
2024-03-15T00:19:31Z [WARN]  [frontend] upstream call degraded via paymentservice latency_ms=371
2024-03-15T00:19:32Z [INFO]  [emailservice] request handled; status=200 latency_ms=32
2024-03-15T00:19:33Z [INFO]  [frontend] request handled; status=200 latency_ms=33
2024-03-15T00:19:34Z [INFO]  [loadgenerator] request handled; status=200 latency_ms=34
2024-03-15T00:19:35Z [INFO]  [paymentservice] request handled; status=200 latency_ms=35
2024-03-15T00:19:36Z [INFO]  [productcatalogservice] request handled; status=200 latency_ms=36
2024-03-15T00:19:37Z [INFO]  [recommendationservice] request handled; status=200 latency_ms=37
2024-03-15T00:19:38Z [INFO]  [redis-cart] request handled; status=200 latency_ms=38
2024-03-15T00:19:39Z [INFO]  [shippingservice] request handled; status=200 latency_ms=39
2024-03-15T00:19:40Z [INFO]  [adservice] request handled; status=200 latency_ms=40
2024-03-15T00:19:41Z [INFO]  [cartservice] request handled; status=200 latency_ms=41
2024-03-15T00:19:42Z [INFO]  [checkoutservice] request handled; status=200 latency_ms=42
2024-03-15T00:19:43Z [INFO]  [currencyservice] request handled; status=200 latency_ms=43
2024-03-15T00:19:44Z [INFO]  [emailservice] request handled; status=200 latency_ms=44
2024-03-15T00:19:45Z [INFO]  [frontend] request handled; status=200 latency_ms=45
2024-03-15T00:19:46Z [INFO]  [loadgenerator] request handled; status=200 latency_ms=46
2024-03-15T00:19:47Z [INFO]  [paymentservice] request handled; status=200 latency_ms=47
2024-03-15T00:19:48Z [INFO]  [productcatalogservice] request handled; status=200 latency_ms=48
2024-03-15T00:19:48Z [WARN]  [frontend] upstream call degraded via paymentservice latency_ms=388
2024-03-15T00:19:49Z [INFO]  [recommendationservice] request handled; status=200 latency_ms=49
2024-03-15T00:19:50Z [INFO]  [redis-cart] request handled; status=200 latency_ms=50
2024-03-15T00:19:51Z [INFO]  [shippingservice] request handled; status=200 latency_ms=51
2024-03-15T00:19:52Z [INFO]  [adservice] request handled; status=200 latency_ms=52
2024-03-15T00:19:53Z [INFO]  [cartservice] request handled; status=200 latency_ms=53
2024-03-15T00:19:54Z [INFO]  [checkoutservice] request handled; status=200 latency_ms=54
2024-03-15T00:19:55Z [INFO]  [currencyservice] request handled; status=200 latency_ms=55
2024-03-15T00:19:56Z [INFO]  [emailservice] request handled; status=200 latency_ms=56
2024-03-15T00:19:57Z [INFO]  [frontend] request handled; status=200 latency_ms=57
2024-03-15T00:19:58Z [INFO]  [loadgenerator] request handled; status=200 latency_ms=58
2024-03-15T00:19:59Z [INFO]  [paymentservice] request handled; status=200 latency_ms=59
2024-03-15T00:20:00Z [INFO]  [productcatalogservice] request handled; status=200 latency_ms=10
2024-03-15T00:20:01Z [INFO]  [recommendationservice] request handled; status=200 latency_ms=11
2024-03-15T00:20:02Z [INFO]  [redis-cart] request handled; status=200 latency_ms=12
2024-03-15T00:20:03Z [INFO]  [shippingservice] request handled; status=200 latency_ms=13
2024-03-15T00:20:04Z [INFO]  [adservice] request handled; status=200 latency_ms=14
2024-03-15T00:20:05Z [INFO]  [cartservice] request handled; status=200 latency_ms=15
2024-03-15T00:20:05Z [WARN]  [frontend] upstream call degraded via paymentservice latency_ms=405
2024-03-15T00:20:06Z [INFO]  [checkoutservice] request handled; status=200 latency_ms=16
2024-03-15T00:20:07Z [INFO]  [currencyservice] request handled; status=200 latency_ms=17
2024-03-15T00:20:08Z [INFO]  [emailservice] request handled; status=200 latency_ms=18
2024-03-15T00:20:09Z [INFO]  [frontend] request handled; status=200 latency_ms=19
2024-03-15T00:20:10Z [INFO]  [loadgenerator] request handled; status=200 latency_ms=20
2024-03-15T00:20:11Z [INFO]  [paymentservice] request handled; status=200 latency_ms=21
2024-03-15T00:20:12Z [INFO]  [productcatalogservice] request handled; status=200 latency_ms=22
2024-03-15T00:20:13Z [INFO]  [recommendationservice] request handled; status=200 latency_ms=23
2024-03-15T00:20:14Z [INFO]  [redis-cart] request handled; status=200 latency_ms=24
2024-03-15T00:20:15Z [INFO]  [shippingservice] request handled; status=200 latency_ms=25
2024-03-15T00:20:16Z [INFO]  [adservice] request handled; status=200 latency_ms=26
2024-03-15T00:20:17Z [INFO]  [cartservice] request handled; status=200 latency_ms=27
2024-03-15T00:20:18Z [INFO]  [checkoutservice] request handled; status=200 latency_ms=28
2024-03-15T00:20:19Z [INFO]  [currencyservice] request handled; status=200 latency_ms=29
2024-03-15T00:20:20Z [INFO]  [emailservice] request handled; status=200 latency_ms=30
2024-03-15T00:20:21Z [INFO]  [frontend] request handled; status=200 latency_ms=31
2024-03-15T00:20:22Z [INFO]  [loadgenerator] request handled; status=200 latency_ms=32
2024-03-15T00:20:22Z [WARN]  [frontend] upstream call degraded via paymentservice latency_ms=422
2024-03-15T00:20:23Z [INFO]  [paymentservice] request handled; status=200 latency_ms=33
2024-03-15T00:20:24Z [INFO]  [productcatalogservice] request handled; status=200 latency_ms=34
2024-03-15T00:20:25Z [INFO]  [recommendationservice] request handled; status=200 latency_ms=35
2024-03-15T00:20:26Z [INFO]  [redis-cart] request handled; status=200 latency_ms=36
2024-03-15T00:20:27Z [INFO]  [shippingservice] request handled; status=200 latency_ms=37
2024-03-15T00:20:28Z [INFO]  [adservice] request handled; status=200 latency_ms=38
2024-03-15T00:20:29Z [INFO]  [cartservice] request handled; status=200 latency_ms=39
2024-03-15T00:20:30Z [INFO]  [checkoutservice] request handled; status=200 latency_ms=40
2024-03-15T00:20:30Z [ERROR] [paymentservice] OOMKilled: container killed by out-of-memory
2024-03-15T00:20:30Z [WARNING] [paymentservice] pod restarted, reason=OOMKilled
2024-03-15T00:20:30Z [ERROR] [frontend] /payment page: HTTP 500 returned
2024-03-15T00:20:30Z [ERROR] [frontend] Error at payment page: paymentservice unavailable
2024-03-15T00:20:31Z [INFO]  [currencyservice] request handled; status=200 latency_ms=41
2024-03-15T00:20:32Z [INFO]  [emailservice] request handled; status=200 latency_ms=42
2024-03-15T00:20:33Z [INFO]  [frontend] request handled; status=200 latency_ms=43
2024-03-15T00:20:34Z [INFO]  [loadgenerator] request handled; status=200 latency_ms=44
2024-03-15T00:20:35Z [INFO]  [paymentservice] request handled; status=200 latency_ms=45
2024-03-15T00:20:36Z [INFO]  [productcatalogservice] request handled; status=200 latency_ms=46
2024-03-15T00:20:37Z [INFO]  [recommendationservice] request handled; status=200 latency_ms=47
2024-03-15T00:20:38Z [INFO]  [redis-cart] request handled; status=200 latency_ms=48
2024-03-15T00:20:39Z [INFO]  [shippingservice] request handled; status=200 latency_ms=49
2024-03-15T00:20:39Z [WARN]  [frontend] upstream call degraded via paymentservice latency_ms=439
2024-03-15T00:20:40Z [INFO]  [adservice] request handled; status=200 latency_ms=50
2024-03-15T00:20:41Z [INFO]  [cartservice] request handled; status=200 latency_ms=51
2024-03-15T00:20:42Z [INFO]  [checkoutservice] request handled; status=200 latency_ms=52
2024-03-15T00:20:43Z [INFO]  [currencyservice] request handled; status=200 latency_ms=53
2024-03-15T00:20:44Z [INFO]  [emailservice] request handled; status=200 latency_ms=54
2024-03-15T00:20:45Z [INFO]  [frontend] request handled; status=200 latency_ms=55
2024-03-15T00:20:46Z [INFO]  [loadgenerator] request handled; status=200 latency_ms=56
2024-03-15T00:20:46Z [ERROR] [emailservice] init error: template directory missing '/app/templates'
2024-03-15T00:20:46Z [ERROR] [emailservice] CrashLoopBackOff (exit code 1)
2024-03-15T00:20:47Z [INFO]  [paymentservice] request handled; status=200 latency_ms=57
2024-03-15T00:20:48Z [INFO]  [productcatalogservice] request handled; status=200 latency_ms=58
2024-03-15T00:20:49Z [INFO]  [recommendationservice] request handled; status=200 latency_ms=59
2024-03-15T00:20:50Z [INFO]  [redis-cart] request handled; status=200 latency_ms=10
2024-03-15T00:20:51Z [INFO]  [shippingservice] request handled; status=200 latency_ms=11
2024-03-15T00:20:52Z [INFO]  [adservice] request handled; status=200 latency_ms=12
2024-03-15T00:20:53Z [INFO]  [cartservice] request handled; status=200 latency_ms=13
2024-03-15T00:20:54Z [INFO]  [checkoutservice] request handled; status=200 latency_ms=14
2024-03-15T00:20:55Z [INFO]  [currencyservice] request handled; status=200 latency_ms=15
2024-03-15T00:20:56Z [INFO]  [emailservice] request handled; status=200 latency_ms=16
2024-03-15T00:20:56Z [WARN]  [frontend] upstream call degraded via paymentservice latency_ms=456
2024-03-15T00:20:57Z [INFO]  [frontend] request handled; status=200 latency_ms=17
2024-03-15T00:20:58Z [INFO]  [loadgenerator] request handled; status=200 latency_ms=18
2024-03-15T00:20:59Z [INFO]  [paymentservice] request handled; status=200 latency_ms=19
2024-03-15T00:21:00Z [INFO]  [productcatalogservice] request handled; status=200 latency_ms=20
2024-03-15T00:21:01Z [INFO]  [recommendationservice] request handled; status=200 latency_ms=21
2024-03-15T00:21:02Z [INFO]  [redis-cart] request handled; status=200 latency_ms=22
2024-03-15T00:21:03Z [INFO]  [shippingservice] request handled; status=200 latency_ms=23
2024-03-15T00:21:04Z [INFO]  [adservice] request handled; status=200 latency_ms=24
2024-03-15T00:21:05Z [INFO]  [cartservice] request handled; status=200 latency_ms=25
2024-03-15T00:21:06Z [INFO]  [checkoutservice] request handled; status=200 latency_ms=26
2024-03-15T00:21:07Z [INFO]  [currencyservice] request handled; status=200 latency_ms=27
2024-03-15T00:21:08Z [INFO]  [emailservice] request handled; status=200 latency_ms=28
2024-03-15T00:21:09Z [INFO]  [frontend] request handled; status=200 latency_ms=29
2024-03-15T00:21:10Z [INFO]  [loadgenerator] request handled; status=200 latency_ms=30
2024-03-15T00:21:11Z [INFO]  [paymentservice] request handled; status=200 latency_ms=31
2024-03-15T00:21:12Z [INFO]  [productcatalogservice] request handled; status=200 latency_ms=32
2024-03-15T00:21:13Z [INFO]  [recommendationservice] request handled; status=200 latency_ms=33
2024-03-15T00:21:13Z [WARN]  [frontend] upstream call degraded via paymentservice latency_ms=473
2024-03-15T00:21:14Z [INFO]  [redis-cart] request handled; status=200 latency_ms=34
2024-03-15T00:21:15Z [INFO]  [shippingservice] request handled; status=200 latency_ms=35
2024-03-15T00:21:16Z [INFO]  [adservice] request handled; status=200 latency_ms=36
2024-03-15T00:21:17Z [INFO]  [cartservice] request handled; status=200 latency_ms=37
2024-03-15T00:21:18Z [INFO]  [checkoutservice] request handled; status=200 latency_ms=38
2024-03-15T00:21:19Z [INFO]  [currencyservice] request handled; status=200 latency_ms=39
2024-03-15T00:21:20Z [INFO]  [emailservice] request handled; status=200 latency_ms=40
2024-03-15T00:21:21Z [INFO]  [frontend] request handled; status=200 latency_ms=41
2024-03-15T00:21:22Z [INFO]  [loadgenerator] request handled; status=200 latency_ms=42
2024-03-15T00:21:23Z [INFO]  [paymentservice] request handled; status=200 latency_ms=43
2024-03-15T00:21:24Z [INFO]  [productcatalogservice] request handled; status=200 latency_ms=44
2024-03-15T00:21:25Z [INFO]  [recommendationservice] request handled; status=200 latency_ms=45
2024-03-15T00:21:26Z [INFO]  [redis-cart] request handled; status=200 latency_ms=46
2024-03-15T00:21:27Z [INFO]  [shippingservice] request handled; status=200 latency_ms=47
2024-03-15T00:21:28Z [INFO]  [adservice] request handled; status=200 latency_ms=48
2024-03-15T00:21:29Z [INFO]  [cartservice] request handled; status=200 latency_ms=49
2024-03-15T00:21:30Z [INFO]  [checkoutservice] request handled; status=200 latency_ms=50
2024-03-15T00:21:30Z [WARN]  [frontend] upstream call degraded via paymentservice latency_ms=490
2024-03-15T00:21:31Z [INFO]  [currencyservice] request handled; status=200 latency_ms=51
2024-03-15T00:21:32Z [INFO]  [emailservice] request handled; status=200 latency_ms=52
2024-03-15T00:21:33Z [INFO]  [frontend] request handled; status=200 latency_ms=53
2024-03-15T00:21:34Z [INFO]  [loadgenerator] request handled; status=200 latency_ms=54
2024-03-15T00:21:35Z [INFO]  [paymentservice] request handled; status=200 latency_ms=55
2024-03-15T00:21:36Z [INFO]  [productcatalogservice] request handled; status=200 latency_ms=56
2024-03-15T00:21:37Z [INFO]  [recommendationservice] request handled; status=200 latency_ms=57
2024-03-15T00:21:38Z [INFO]  [redis-cart] request handled; status=200 latency_ms=58
2024-03-15T00:21:39Z [INFO]  [shippingservice] request handled; status=200 latency_ms=59
2024-03-15T00:21:40Z [INFO]  [adservice] request handled; status=200 latency_ms=10
2024-03-15T00:21:41Z [INFO]  [cartservice] request handled; status=200 latency_ms=11
2024-03-15T00:21:42Z [INFO]  [checkoutservice] request handled; status=200 latency_ms=12
2024-03-15T00:21:43Z [INFO]  [currencyservice] request handled; status=200 latency_ms=13
2024-03-15T00:21:44Z [INFO]  [emailservice] request handled; status=200 latency_ms=14
2024-03-15T00:21:45Z [INFO]  [frontend] request handled; status=200 latency_ms=15
2024-03-15T00:21:46Z [INFO]  [loadgenerator] request handled; status=200 latency_ms=16
2024-03-15T00:21:47Z [INFO]  [paymentservice] request handled; status=200 latency_ms=17
2024-03-15T00:21:47Z [WARN]  [frontend] upstream call degraded via paymentservice latency_ms=207
2024-03-15T00:21:48Z [INFO]  [productcatalogservice] request handled; status=200 latency_ms=18
2024-03-15T00:21:49Z [INFO]  [recommendationservice] request handled; status=200 latency_ms=19
2024-03-15T00:21:50Z [INFO]  [redis-cart] request handled; status=200 latency_ms=20
2024-03-15T00:21:51Z [INFO]  [shippingservice] request handled; status=200 latency_ms=21
2024-03-15T00:21:52Z [INFO]  [adservice] request handled; status=200 latency_ms=22
2024-03-15T00:21:53Z [INFO]  [cartservice] request handled; status=200 latency_ms=23
2024-03-15T00:21:54Z [INFO]  [checkoutservice] request handled; status=200 latency_ms=24
2024-03-15T00:21:55Z [INFO]  [currencyservice] request handled; status=200 latency_ms=25
2024-03-15T00:21:56Z [INFO]  [emailservice] request handled; status=200 latency_ms=26
2024-03-15T00:21:57Z [INFO]  [frontend] request handled; status=200 latency_ms=27
2024-03-15T00:21:58Z [INFO]  [loadgenerator] request handled; status=200 latency_ms=28
2024-03-15T00:21:59Z [INFO]  [paymentservice] request handled; status=200 latency_ms=29
2024-03-15T00:22:00Z [INFO]  [productcatalogservice] request handled; status=200 latency_ms=30
2024-03-15T00:22:01Z [INFO]  [recommendationservice] request handled; status=200 latency_ms=31
2024-03-15T00:22:02Z [INFO]  [redis-cart] request handled; status=200 latency_ms=32
2024-03-15T00:22:03Z [INFO]  [shippingservice] request handled; status=200 latency_ms=33
2024-03-15T00:22:04Z [INFO]  [adservice] request handled; status=200 latency_ms=34
2024-03-15T00:22:04Z [WARN]  [frontend] upstream call degraded via paymentservice latency_ms=224
2024-03-15T00:22:05Z [INFO]  [cartservice] request handled; status=200 latency_ms=35
2024-03-15T00:22:06Z [INFO]  [checkoutservice] request handled; status=200 latency_ms=36
2024-03-15T00:22:07Z [INFO]  [currencyservice] request handled; status=200 latency_ms=37
2024-03-15T00:22:08Z [INFO]  [emailservice] request handled; status=200 latency_ms=38
2024-03-15T00:22:09Z [INFO]  [frontend] request handled; status=200 latency_ms=39
2024-03-15T00:22:10Z [INFO]  [loadgenerator] request handled; status=200 latency_ms=40
2024-03-15T00:22:11Z [INFO]  [paymentservice] request handled; status=200 latency_ms=41
2024-03-15T00:22:12Z [INFO]  [productcatalogservice] request handled; status=200 latency_ms=42
2024-03-15T00:22:13Z [INFO]  [recommendationservice] request handled; status=200 latency_ms=43
2024-03-15T00:22:14Z [INFO]  [redis-cart] request handled; status=200 latency_ms=44
2024-03-15T00:22:15Z [INFO]  [shippingservice] request handled; status=200 latency_ms=45
2024-03-15T00:22:16Z [INFO]  [adservice] request handled; status=200 latency_ms=46
2024-03-15T00:22:17Z [INFO]  [cartservice] request handled; status=200 latency_ms=47
2024-03-15T00:22:18Z [INFO]  [checkoutservice] request handled; status=200 latency_ms=48
2024-03-15T00:22:19Z [INFO]  [currencyservice] request handled; status=200 latency_ms=49
2024-03-15T00:22:20Z [INFO]  [emailservice] request handled; status=200 latency_ms=50
2024-03-15T00:22:21Z [INFO]  [frontend] request handled; status=200 latency_ms=51
2024-03-15T00:22:21Z [WARN]  [frontend] upstream call degraded via paymentservice latency_ms=241
2024-03-15T00:22:22Z [INFO]  [loadgenerator] request handled; status=200 latency_ms=52
2024-03-15T00:22:23Z [INFO]  [paymentservice] request handled; status=200 latency_ms=53
2024-03-15T00:22:23Z [ERROR] [paymentservice] OOMKilled: container killed by out-of-memory
2024-03-15T00:22:23Z [WARNING] [paymentservice] pod restarted, reason=OOMKilled
2024-03-15T00:22:23Z [ERROR] [frontend] /payment page: HTTP 500 returned
2024-03-15T00:22:23Z [ERROR] [frontend] Error at payment page: paymentservice unavailable
2024-03-15T00:22:24Z [INFO]  [productcatalogservice] request handled; status=200 latency_ms=54
2024-03-15T00:22:25Z [INFO]  [recommendationservice] request handled; status=200 latency_ms=55
2024-03-15T00:22:26Z [INFO]  [redis-cart] request handled; status=200 latency_ms=56
2024-03-15T00:22:27Z [INFO]  [shippingservice] request handled; status=200 latency_ms=57
2024-03-15T00:22:28Z [INFO]  [adservice] request handled; status=200 latency_ms=58
2024-03-15T00:22:29Z [INFO]  [cartservice] request handled; status=200 latency_ms=59
2024-03-15T00:22:30Z [INFO]  [checkoutservice] request handled; status=200 latency_ms=10
2024-03-15T00:22:31Z [INFO]  [currencyservice] request handled; status=200 latency_ms=11
2024-03-15T00:22:32Z [INFO]  [emailservice] request handled; status=200 latency_ms=12
2024-03-15T00:22:33Z [INFO]  [frontend] request handled; status=200 latency_ms=13
2024-03-15T00:22:34Z [INFO]  [loadgenerator] request handled; status=200 latency_ms=14
2024-03-15T00:22:35Z [INFO]  [paymentservice] request handled; status=200 latency_ms=15
2024-03-15T00:22:36Z [INFO]  [productcatalogservice] request handled; status=200 latency_ms=16
2024-03-15T00:22:37Z [INFO]  [recommendationservice] request handled; status=200 latency_ms=17
2024-03-15T00:22:38Z [INFO]  [redis-cart] request handled; status=200 latency_ms=18
2024-03-15T00:22:38Z [WARN]  [frontend] upstream call degraded via paymentservice latency_ms=258
2024-03-15T00:22:39Z [INFO]  [shippingservice] request handled; status=200 latency_ms=19
2024-03-15T00:22:40Z [INFO]  [adservice] request handled; status=200 latency_ms=20
2024-03-15T00:22:41Z [INFO]  [cartservice] request handled; status=200 latency_ms=21
2024-03-15T00:22:42Z [INFO]  [checkoutservice] request handled; status=200 latency_ms=22
2024-03-15T00:22:43Z [INFO]  [currencyservice] request handled; status=200 latency_ms=23
2024-03-15T00:22:44Z [INFO]  [emailservice] request handled; status=200 latency_ms=24
2024-03-15T00:22:45Z [INFO]  [frontend] request handled; status=200 latency_ms=25
2024-03-15T00:22:46Z [INFO]  [loadgenerator] request handled; status=200 latency_ms=26
2024-03-15T00:22:47Z [INFO]  [paymentservice] request handled; status=200 latency_ms=27
2024-03-15T00:22:48Z [INFO]  [productcatalogservice] request handled; status=200 latency_ms=28
2024-03-15T00:22:49Z [INFO]  [recommendationservice] request handled; status=200 latency_ms=29
2024-03-15T00:22:50Z [INFO]  [redis-cart] request handled; status=200 latency_ms=30
2024-03-15T00:22:51Z [INFO]  [shippingservice] request handled; status=200 latency_ms=31
2024-03-15T00:22:52Z [INFO]  [adservice] request handled; status=200 latency_ms=32
2024-03-15T00:22:53Z [INFO]  [cartservice] request handled; status=200 latency_ms=33
2024-03-15T00:22:54Z [INFO]  [checkoutservice] request handled; status=200 latency_ms=34
2024-03-15T00:22:55Z [INFO]  [currencyservice] request handled; status=200 latency_ms=35
2024-03-15T00:22:55Z [WARN]  [frontend] upstream call degraded via paymentservice latency_ms=275
2024-03-15T00:22:56Z [INFO]  [emailservice] request handled; status=200 latency_ms=36
2024-03-15T00:22:57Z [INFO]  [frontend] request handled; status=200 latency_ms=37
2024-03-15T00:22:58Z [INFO]  [loadgenerator] request handled; status=200 latency_ms=38
2024-03-15T00:22:59Z [INFO]  [paymentservice] request handled; status=200 latency_ms=39
2024-03-15T00:23:00Z [INFO]  [productcatalogservice] request handled; status=200 latency_ms=40
2024-03-15T00:23:01Z [INFO]  [recommendationservice] request handled; status=200 latency_ms=41
2024-03-15T00:23:02Z [INFO]  [redis-cart] request handled; status=200 latency_ms=42
2024-03-15T00:23:03Z [INFO]  [shippingservice] request handled; status=200 latency_ms=43
2024-03-15T00:23:04Z [INFO]  [adservice] request handled; status=200 latency_ms=44
2024-03-15T00:23:05Z [INFO]  [cartservice] request handled; status=200 latency_ms=45
2024-03-15T00:23:06Z [INFO]  [checkoutservice] request handled; status=200 latency_ms=46
2024-03-15T00:23:07Z [INFO]  [currencyservice] request handled; status=200 latency_ms=47
2024-03-15T00:23:08Z [INFO]  [emailservice] request handled; status=200 latency_ms=48
2024-03-15T00:23:09Z [INFO]  [frontend] request handled; status=200 latency_ms=49
2024-03-15T00:23:10Z [INFO]  [loadgenerator] request handled; status=200 latency_ms=50
2024-03-15T00:23:11Z [INFO]  [paymentservice] request handled; status=200 latency_ms=51
2024-03-15T00:23:12Z [INFO]  [productcatalogservice] request handled; status=200 latency_ms=52
2024-03-15T00:23:12Z [WARN]  [frontend] upstream call degraded via paymentservice latency_ms=292
2024-03-15T00:23:13Z [INFO]  [recommendationservice] request handled; status=200 latency_ms=53
2024-03-15T00:23:14Z [INFO]  [redis-cart] request handled; status=200 latency_ms=54
2024-03-15T00:23:15Z [INFO]  [shippingservice] request handled; status=200 latency_ms=55
2024-03-15T00:23:16Z [INFO]  [adservice] request handled; status=200 latency_ms=56
2024-03-15T00:23:17Z [INFO]  [cartservice] request handled; status=200 latency_ms=57
2024-03-15T00:23:18Z [INFO]  [checkoutservice] request handled; status=200 latency_ms=58
2024-03-15T00:23:19Z [INFO]  [currencyservice] request handled; status=200 latency_ms=59
2024-03-15T00:23:20Z [INFO]  [emailservice] request handled; status=200 latency_ms=10
2024-03-15T00:23:21Z [INFO]  [frontend] request handled; status=200 latency_ms=11
2024-03-15T00:23:22Z [INFO]  [loadgenerator] request handled; status=200 latency_ms=12
2024-03-15T00:23:23Z [INFO]  [paymentservice] request handled; status=200 latency_ms=13
2024-03-15T00:23:24Z [INFO]  [productcatalogservice] request handled; status=200 latency_ms=14
2024-03-15T00:23:25Z [INFO]  [recommendationservice] request handled; status=200 latency_ms=15
2024-03-15T00:23:26Z [INFO]  [redis-cart] request handled; status=200 latency_ms=16
2024-03-15T00:23:27Z [INFO]  [shippingservice] request handled; status=200 latency_ms=17
2024-03-15T00:23:28Z [INFO]  [adservice] request handled; status=200 latency_ms=18
2024-03-15T00:23:29Z [INFO]  [cartservice] request handled; status=200 latency_ms=19
2024-03-15T00:23:29Z [WARN]  [frontend] upstream call degraded via paymentservice latency_ms=309
2024-03-15T00:23:30Z [INFO]  [checkoutservice] request handled; status=200 latency_ms=20
2024-03-15T00:23:31Z [INFO]  [currencyservice] request handled; status=200 latency_ms=21
2024-03-15T00:23:32Z [INFO]  [emailservice] request handled; status=200 latency_ms=22
2024-03-15T00:23:33Z [INFO]  [frontend] request handled; status=200 latency_ms=23
2024-03-15T00:23:34Z [INFO]  [loadgenerator] request handled; status=200 latency_ms=24
2024-03-15T00:23:35Z [INFO]  [paymentservice] request handled; status=200 latency_ms=25
2024-03-15T00:23:36Z [INFO]  [productcatalogservice] request handled; status=200 latency_ms=26
2024-03-15T00:23:37Z [INFO]  [recommendationservice] request handled; status=200 latency_ms=27
2024-03-15T00:23:38Z [INFO]  [redis-cart] request handled; status=200 latency_ms=28
2024-03-15T00:23:39Z [INFO]  [shippingservice] request handled; status=200 latency_ms=29
2024-03-15T00:23:40Z [INFO]  [adservice] request handled; status=200 latency_ms=30
2024-03-15T00:23:41Z [INFO]  [cartservice] request handled; status=200 latency_ms=31
2024-03-15T00:23:42Z [INFO]  [checkoutservice] request handled; status=200 latency_ms=32
2024-03-15T00:23:43Z [INFO]  [currencyservice] request handled; status=200 latency_ms=33
2024-03-15T00:23:44Z [INFO]  [emailservice] request handled; status=200 latency_ms=34
2024-03-15T00:23:45Z [INFO]  [frontend] request handled; status=200 latency_ms=35
2024-03-15T00:23:46Z [INFO]  [loadgenerator] request handled; status=200 latency_ms=36
2024-03-15T00:23:46Z [WARN]  [frontend] upstream call degraded via paymentservice latency_ms=326
2024-03-15T00:23:47Z [INFO]  [paymentservice] request handled; status=200 latency_ms=37
2024-03-15T00:23:48Z [INFO]  [productcatalogservice] request handled; status=200 latency_ms=38
2024-03-15T00:23:49Z [INFO]  [recommendationservice] request handled; status=200 latency_ms=39
2024-03-15T00:23:50Z [INFO]  [redis-cart] request handled; status=200 latency_ms=40
2024-03-15T00:23:51Z [INFO]  [shippingservice] request handled; status=200 latency_ms=41
2024-03-15T00:23:52Z [INFO]  [adservice] request handled; status=200 latency_ms=42
2024-03-15T00:23:53Z [INFO]  [cartservice] request handled; status=200 latency_ms=43
2024-03-15T00:23:54Z [INFO]  [checkoutservice] request handled; status=200 latency_ms=44
2024-03-15T00:23:55Z [INFO]  [currencyservice] request handled; status=200 latency_ms=45
2024-03-15T00:23:56Z [INFO]  [emailservice] request handled; status=200 latency_ms=46
2024-03-15T00:23:57Z [INFO]  [frontend] request handled; status=200 latency_ms=47
2024-03-15T00:23:57Z [ERROR] [emailservice] init error: template directory missing '/app/templates'
2024-03-15T00:23:57Z [ERROR] [emailservice] CrashLoopBackOff (exit code 1)
2024-03-15T00:23:58Z [INFO]  [loadgenerator] request handled; status=200 latency_ms=48
2024-03-15T00:23:59Z [INFO]  [paymentservice] request handled; status=200 latency_ms=49
2024-03-15T00:24:00Z [INFO]  [productcatalogservice] request handled; status=200 latency_ms=50
2024-03-15T00:24:01Z [INFO]  [recommendationservice] request handled; status=200 latency_ms=51
2024-03-15T00:24:02Z [INFO]  [redis-cart] request handled; status=200 latency_ms=52
2024-03-15T00:24:03Z [INFO]  [shippingservice] request handled; status=200 latency_ms=53
2024-03-15T00:24:03Z [WARN]  [frontend] upstream call degraded via paymentservice latency_ms=343
2024-03-15T00:24:04Z [INFO]  [adservice] request handled; status=200 latency_ms=54
2024-03-15T00:24:05Z [INFO]  [cartservice] request handled; status=200 latency_ms=55
2024-03-15T00:24:06Z [INFO]  [checkoutservice] request handled; status=200 latency_ms=56
2024-03-15T00:24:07Z [INFO]  [currencyservice] request handled; status=200 latency_ms=57
2024-03-15T00:24:08Z [INFO]  [emailservice] request handled; status=200 latency_ms=58
2024-03-15T00:24:09Z [INFO]  [frontend] request handled; status=200 latency_ms=59
2024-03-15T00:24:10Z [INFO]  [loadgenerator] request handled; status=200 latency_ms=10
2024-03-15T00:24:11Z [INFO]  [paymentservice] request handled; status=200 latency_ms=11
2024-03-15T00:24:12Z [INFO]  [productcatalogservice] request handled; status=200 latency_ms=12
2024-03-15T00:24:13Z [INFO]  [recommendationservice] request handled; status=200 latency_ms=13
2024-03-15T00:24:14Z [INFO]  [redis-cart] request handled; status=200 latency_ms=14
2024-03-15T00:24:15Z [INFO]  [shippingservice] request handled; status=200 latency_ms=15
2024-03-15T00:24:16Z [INFO]  [adservice] request handled; status=200 latency_ms=16
2024-03-15T00:24:16Z [ERROR] [paymentservice] OOMKilled: container killed by out-of-memory
2024-03-15T00:24:16Z [WARNING] [paymentservice] pod restarted, reason=OOMKilled
2024-03-15T00:24:16Z [ERROR] [frontend] /payment page: HTTP 500 returned
2024-03-15T00:24:16Z [ERROR] [frontend] Error at payment page: paymentservice unavailable
2024-03-15T00:24:17Z [INFO]  [cartservice] request handled; status=200 latency_ms=17
2024-03-15T00:24:18Z [INFO]  [checkoutservice] request handled; status=200 latency_ms=18
2024-03-15T00:24:19Z [INFO]  [currencyservice] request handled; status=200 latency_ms=19
2024-03-15T00:24:20Z [INFO]  [emailservice] request handled; status=200 latency_ms=20
2024-03-15T00:24:20Z [WARN]  [frontend] upstream call degraded via paymentservice latency_ms=360
2024-03-15T00:24:21Z [INFO]  [frontend] request handled; status=200 latency_ms=21
2024-03-15T00:24:22Z [INFO]  [loadgenerator] request handled; status=200 latency_ms=22
2024-03-15T00:24:23Z [INFO]  [paymentservice] request handled; status=200 latency_ms=23
2024-03-15T00:24:24Z [INFO]  [productcatalogservice] request handled; status=200 latency_ms=24
2024-03-15T00:24:25Z [INFO]  [recommendationservice] request handled; status=200 latency_ms=25
2024-03-15T00:24:26Z [INFO]  [redis-cart] request handled; status=200 latency_ms=26
2024-03-15T00:24:27Z [INFO]  [shippingservice] request handled; status=200 latency_ms=27
2024-03-15T00:24:28Z [INFO]  [adservice] request handled; status=200 latency_ms=28
2024-03-15T00:24:29Z [INFO]  [cartservice] request handled; status=200 latency_ms=29
2024-03-15T00:24:30Z [INFO]  [checkoutservice] request handled; status=200 latency_ms=30
2024-03-15T00:24:31Z [INFO]  [currencyservice] request handled; status=200 latency_ms=31
2024-03-15T00:24:32Z [INFO]  [emailservice] request handled; status=200 latency_ms=32
2024-03-15T00:24:33Z [INFO]  [frontend] request handled; status=200 latency_ms=33
2024-03-15T00:24:34Z [INFO]  [loadgenerator] request handled; status=200 latency_ms=34
2024-03-15T00:24:35Z [INFO]  [paymentservice] request handled; status=200 latency_ms=35
2024-03-15T00:24:36Z [INFO]  [productcatalogservice] request handled; status=200 latency_ms=36
2024-03-15T00:24:37Z [INFO]  [recommendationservice] request handled; status=200 latency_ms=37
2024-03-15T00:24:37Z [WARN]  [frontend] upstream call degraded via paymentservice latency_ms=377
2024-03-15T00:24:38Z [INFO]  [redis-cart] request handled; status=200 latency_ms=38
2024-03-15T00:24:39Z [INFO]  [shippingservice] request handled; status=200 latency_ms=39
2024-03-15T00:24:40Z [INFO]  [adservice] request handled; status=200 latency_ms=40
2024-03-15T00:24:41Z [INFO]  [cartservice] request handled; status=200 latency_ms=41
2024-03-15T00:24:42Z [INFO]  [checkoutservice] request handled; status=200 latency_ms=42
2024-03-15T00:24:43Z [INFO]  [currencyservice] request handled; status=200 latency_ms=43
2024-03-15T00:24:44Z [INFO]  [emailservice] request handled; status=200 latency_ms=44
2024-03-15T00:24:45Z [INFO]  [frontend] request handled; status=200 latency_ms=45
2024-03-15T00:24:46Z [INFO]  [loadgenerator] request handled; status=200 latency_ms=46
2024-03-15T00:24:47Z [INFO]  [paymentservice] request handled; status=200 latency_ms=47
2024-03-15T00:24:48Z [INFO]  [productcatalogservice] request handled; status=200 latency_ms=48
2024-03-15T00:24:49Z [INFO]  [recommendationservice] request handled; status=200 latency_ms=49
2024-03-15T00:24:50Z [INFO]  [redis-cart] request handled; status=200 latency_ms=50
2024-03-15T00:24:51Z [INFO]  [shippingservice] request handled; status=200 latency_ms=51
2024-03-15T00:24:52Z [INFO]  [adservice] request handled; status=200 latency_ms=52
2024-03-15T00:24:53Z [INFO]  [cartservice] request handled; status=200 latency_ms=53
2024-03-15T00:24:54Z [INFO]  [checkoutservice] request handled; status=200 latency_ms=54
2024-03-15T00:24:54Z [WARN]  [frontend] upstream call degraded via paymentservice latency_ms=394
2024-03-15T00:24:55Z [INFO]  [currencyservice] request handled; status=200 latency_ms=55
2024-03-15T00:24:56Z [INFO]  [emailservice] request handled; status=200 latency_ms=56
2024-03-15T00:24:57Z [INFO]  [frontend] request handled; status=200 latency_ms=57
2024-03-15T00:24:58Z [INFO]  [loadgenerator] request handled; status=200 latency_ms=58
2024-03-15T00:24:59Z [INFO]  [paymentservice] request handled; status=200 latency_ms=59
2024-03-15T00:25:00Z [INFO]  [productcatalogservice] request handled; status=200 latency_ms=10
2024-03-15T00:25:01Z [INFO]  [recommendationservice] request handled; status=200 latency_ms=11
2024-03-15T00:25:02Z [INFO]  [redis-cart] request handled; status=200 latency_ms=12
2024-03-15T00:25:03Z [INFO]  [shippingservice] request handled; status=200 latency_ms=13
2024-03-15T00:25:04Z [INFO]  [adservice] request handled; status=200 latency_ms=14
2024-03-15T00:25:05Z [INFO]  [cartservice] request handled; status=200 latency_ms=15
2024-03-15T00:25:06Z [INFO]  [checkoutservice] request handled; status=200 latency_ms=16
2024-03-15T00:25:07Z [INFO]  [currencyservice] request handled; status=200 latency_ms=17
2024-03-15T00:25:08Z [INFO]  [emailservice] request handled; status=200 latency_ms=18
2024-03-15T00:25:09Z [INFO]  [frontend] request handled; status=200 latency_ms=19
2024-03-15T00:25:10Z [INFO]  [loadgenerator] request handled; status=200 latency_ms=20
2024-03-15T00:25:11Z [INFO]  [paymentservice] request handled; status=200 latency_ms=21
2024-03-15T00:25:11Z [WARN]  [frontend] upstream call degraded via paymentservice latency_ms=411
2024-03-15T00:25:12Z [INFO]  [productcatalogservice] request handled; status=200 latency_ms=22
2024-03-15T00:25:13Z [INFO]  [recommendationservice] request handled; status=200 latency_ms=23
2024-03-15T00:25:14Z [INFO]  [redis-cart] request handled; status=200 latency_ms=24
2024-03-15T00:25:15Z [INFO]  [shippingservice] request handled; status=200 latency_ms=25
2024-03-15T00:25:16Z [INFO]  [adservice] request handled; status=200 latency_ms=26
2024-03-15T00:25:17Z [INFO]  [cartservice] request handled; status=200 latency_ms=27
2024-03-15T00:25:18Z [INFO]  [checkoutservice] request handled; status=200 latency_ms=28
2024-03-15T00:25:19Z [INFO]  [currencyservice] request handled; status=200 latency_ms=29
2024-03-15T00:25:20Z [INFO]  [emailservice] request handled; status=200 latency_ms=30
2024-03-15T00:25:21Z [INFO]  [frontend] request handled; status=200 latency_ms=31
2024-03-15T00:25:22Z [INFO]  [loadgenerator] request handled; status=200 latency_ms=32
2024-03-15T00:25:23Z [INFO]  [paymentservice] request handled; status=200 latency_ms=33
2024-03-15T00:25:24Z [INFO]  [productcatalogservice] request handled; status=200 latency_ms=34
2024-03-15T00:25:25Z [INFO]  [recommendationservice] request handled; status=200 latency_ms=35
2024-03-15T00:25:26Z [INFO]  [redis-cart] request handled; status=200 latency_ms=36
2024-03-15T00:25:27Z [INFO]  [shippingservice] request handled; status=200 latency_ms=37
2024-03-15T00:25:28Z [INFO]  [adservice] request handled; status=200 latency_ms=38
2024-03-15T00:25:28Z [WARN]  [frontend] upstream call degraded via paymentservice latency_ms=428
2024-03-15T00:25:29Z [INFO]  [cartservice] request handled; status=200 latency_ms=39
2024-03-15T00:25:30Z [INFO]  [checkoutservice] request handled; status=200 latency_ms=40
2024-03-15T00:25:31Z [INFO]  [currencyservice] request handled; status=200 latency_ms=41
2024-03-15T00:25:32Z [INFO]  [emailservice] request handled; status=200 latency_ms=42
2024-03-15T00:25:33Z [INFO]  [frontend] request handled; status=200 latency_ms=43
2024-03-15T00:25:34Z [INFO]  [loadgenerator] request handled; status=200 latency_ms=44
2024-03-15T00:25:35Z [INFO]  [paymentservice] request handled; status=200 latency_ms=45
2024-03-15T00:25:36Z [INFO]  [productcatalogservice] request handled; status=200 latency_ms=46
2024-03-15T00:25:37Z [INFO]  [recommendationservice] request handled; status=200 latency_ms=47
2024-03-15T00:25:38Z [INFO]  [redis-cart] request handled; status=200 latency_ms=48
2024-03-15T00:25:39Z [INFO]  [shippingservice] request handled; status=200 latency_ms=49
2024-03-15T00:25:40Z [INFO]  [adservice] request handled; status=200 latency_ms=50
2024-03-15T00:25:41Z [INFO]  [cartservice] request handled; status=200 latency_ms=51
2024-03-15T00:25:42Z [INFO]  [checkoutservice] request handled; status=200 latency_ms=52
2024-03-15T00:25:43Z [INFO]  [currencyservice] request handled; status=200 latency_ms=53
2024-03-15T00:25:44Z [INFO]  [emailservice] request handled; status=200 latency_ms=54
2024-03-15T00:25:45Z [INFO]  [frontend] request handled; status=200 latency_ms=55
2024-03-15T00:25:45Z [WARN]  [frontend] upstream call degraded via paymentservice latency_ms=445
2024-03-15T00:25:46Z [INFO]  [loadgenerator] request handled; status=200 latency_ms=56
2024-03-15T00:25:47Z [INFO]  [paymentservice] request handled; status=200 latency_ms=57
2024-03-15T00:25:48Z [INFO]  [productcatalogservice] request handled; status=200 latency_ms=58
2024-03-15T00:25:49Z [INFO]  [recommendationservice] request handled; status=200 latency_ms=59
2024-03-15T00:25:50Z [INFO]  [redis-cart] request handled; status=200 latency_ms=10
2024-03-15T00:25:51Z [INFO]  [shippingservice] request handled; status=200 latency_ms=11
2024-03-15T00:25:52Z [INFO]  [adservice] request handled; status=200 latency_ms=12
2024-03-15T00:25:53Z [INFO]  [cartservice] request handled; status=200 latency_ms=13
2024-03-15T00:25:54Z [INFO]  [checkoutservice] request handled; status=200 latency_ms=14
2024-03-15T00:25:55Z [INFO]  [currencyservice] request handled; status=200 latency_ms=15
2024-03-15T00:25:56Z [INFO]  [emailservice] request handled; status=200 latency_ms=16
2024-03-15T00:25:57Z [INFO]  [frontend] request handled; status=200 latency_ms=17
2024-03-15T00:25:58Z [INFO]  [loadgenerator] request handled; status=200 latency_ms=18
2024-03-15T00:25:59Z [INFO]  [paymentservice] request handled; status=200 latency_ms=19
2024-03-15T00:26:00Z [INFO]  [productcatalogservice] request handled; status=200 latency_ms=20
2024-03-15T00:26:01Z [INFO]  [recommendationservice] request handled; status=200 latency_ms=21
2024-03-15T00:26:02Z [INFO]  [redis-cart] request handled; status=200 latency_ms=22
2024-03-15T00:26:02Z [WARN]  [frontend] upstream call degraded via paymentservice latency_ms=462
2024-03-15T00:26:03Z [INFO]  [shippingservice] request handled; status=200 latency_ms=23
2024-03-15T00:26:04Z [INFO]  [adservice] request handled; status=200 latency_ms=24
2024-03-15T00:26:05Z [INFO]  [cartservice] request handled; status=200 latency_ms=25
2024-03-15T00:26:06Z [INFO]  [checkoutservice] request handled; status=200 latency_ms=26
2024-03-15T00:26:07Z [INFO]  [currencyservice] request handled; status=200 latency_ms=27
2024-03-15T00:26:08Z [INFO]  [emailservice] request handled; status=200 latency_ms=28
2024-03-15T00:26:09Z [INFO]  [frontend] request handled; status=200 latency_ms=29
2024-03-15T00:26:09Z [ERROR] [paymentservice] OOMKilled: container killed by out-of-memory
2024-03-15T00:26:09Z [WARNING] [paymentservice] pod restarted, reason=OOMKilled
2024-03-15T00:26:09Z [ERROR] [frontend] /payment page: HTTP 500 returned
2024-03-15T00:26:09Z [ERROR] [frontend] Error at payment page: paymentservice unavailable
2024-03-15T00:26:10Z [INFO]  [loadgenerator] request handled; status=200 latency_ms=30
2024-03-15T00:26:11Z [INFO]  [paymentservice] request handled; status=200 latency_ms=31
2024-03-15T00:26:12Z [INFO]  [productcatalogservice] request handled; status=200 latency_ms=32
2024-03-15T00:26:13Z [INFO]  [recommendationservice] request handled; status=200 latency_ms=33
2024-03-15T00:26:14Z [INFO]  [redis-cart] request handled; status=200 latency_ms=34
2024-03-15T00:26:15Z [INFO]  [shippingservice] request handled; status=200 latency_ms=35
2024-03-15T00:26:16Z [INFO]  [adservice] request handled; status=200 latency_ms=36
2024-03-15T00:26:17Z [INFO]  [cartservice] request handled; status=200 latency_ms=37
2024-03-15T00:26:18Z [INFO]  [checkoutservice] request handled; status=200 latency_ms=38
2024-03-15T00:26:19Z [INFO]  [currencyservice] request handled; status=200 latency_ms=39
2024-03-15T00:26:19Z [WARN]  [frontend] upstream call degraded via paymentservice latency_ms=479
2024-03-15T00:26:20Z [INFO]  [emailservice] request handled; status=200 latency_ms=40
2024-03-15T00:26:21Z [INFO]  [frontend] request handled; status=200 latency_ms=41
2024-03-15T00:26:22Z [INFO]  [loadgenerator] request handled; status=200 latency_ms=42
2024-03-15T00:26:23Z [INFO]  [paymentservice] request handled; status=200 latency_ms=43
2024-03-15T00:26:24Z [INFO]  [productcatalogservice] request handled; status=200 latency_ms=44
2024-03-15T00:26:25Z [INFO]  [recommendationservice] request handled; status=200 latency_ms=45
2024-03-15T00:26:26Z [INFO]  [redis-cart] request handled; status=200 latency_ms=46
2024-03-15T00:26:27Z [INFO]  [shippingservice] request handled; status=200 latency_ms=47
2024-03-15T00:26:28Z [INFO]  [adservice] request handled; status=200 latency_ms=48
2024-03-15T00:26:29Z [INFO]  [cartservice] request handled; status=200 latency_ms=49
2024-03-15T00:26:30Z [INFO]  [checkoutservice] request handled; status=200 latency_ms=50
2024-03-15T00:26:31Z [INFO]  [currencyservice] request handled; status=200 latency_ms=51
2024-03-15T00:26:32Z [INFO]  [emailservice] request handled; status=200 latency_ms=52
2024-03-15T00:26:33Z [INFO]  [frontend] request handled; status=200 latency_ms=53
2024-03-15T00:26:34Z [INFO]  [loadgenerator] request handled; status=200 latency_ms=54
2024-03-15T00:26:35Z [INFO]  [paymentservice] request handled; status=200 latency_ms=55
2024-03-15T00:26:36Z [INFO]  [productcatalogservice] request handled; status=200 latency_ms=56
2024-03-15T00:26:36Z [WARN]  [frontend] upstream call degraded via paymentservice latency_ms=496
2024-03-15T00:26:37Z [INFO]  [recommendationservice] request handled; status=200 latency_ms=57
2024-03-15T00:26:38Z [INFO]  [redis-cart] request handled; status=200 latency_ms=58
2024-03-15T00:26:39Z [INFO]  [shippingservice] request handled; status=200 latency_ms=59
2024-03-15T00:26:40Z [INFO]  [adservice] request handled; status=200 latency_ms=10
2024-03-15T00:26:41Z [INFO]  [cartservice] request handled; status=200 latency_ms=11
2024-03-15T00:26:42Z [INFO]  [checkoutservice] request handled; status=200 latency_ms=12
2024-03-15T00:26:43Z [INFO]  [currencyservice] request handled; status=200 latency_ms=13
2024-03-15T00:26:44Z [INFO]  [emailservice] request handled; status=200 latency_ms=14
2024-03-15T00:26:45Z [INFO]  [frontend] request handled; status=200 latency_ms=15
2024-03-15T00:26:46Z [INFO]  [loadgenerator] request handled; status=200 latency_ms=16
2024-03-15T00:26:47Z [INFO]  [paymentservice] request handled; status=200 latency_ms=17
2024-03-15T00:26:48Z [INFO]  [productcatalogservice] request handled; status=200 latency_ms=18
2024-03-15T00:26:49Z [INFO]  [recommendationservice] request handled; status=200 latency_ms=19
2024-03-15T00:26:50Z [INFO]  [redis-cart] request handled; status=200 latency_ms=20
2024-03-15T00:26:51Z [INFO]  [shippingservice] request handled; status=200 latency_ms=21
2024-03-15T00:26:52Z [INFO]  [adservice] request handled; status=200 latency_ms=22
2024-03-15T00:26:53Z [INFO]  [cartservice] request handled; status=200 latency_ms=23
2024-03-15T00:26:53Z [WARN]  [frontend] upstream call degraded via paymentservice latency_ms=213
2024-03-15T00:26:54Z [INFO]  [checkoutservice] request handled; status=200 latency_ms=24
2024-03-15T00:26:55Z [INFO]  [currencyservice] request handled; status=200 latency_ms=25
2024-03-15T00:26:56Z [INFO]  [emailservice] request handled; status=200 latency_ms=26
2024-03-15T00:26:57Z [INFO]  [frontend] request handled; status=200 latency_ms=27
2024-03-15T00:26:58Z [INFO]  [loadgenerator] request handled; status=200 latency_ms=28
2024-03-15T00:26:59Z [INFO]  [paymentservice] request handled; status=200 latency_ms=29
2024-03-15T00:27:00Z [INFO]  [productcatalogservice] request handled; status=200 latency_ms=30
2024-03-15T00:27:01Z [INFO]  [recommendationservice] request handled; status=200 latency_ms=31
2024-03-15T00:27:02Z [INFO]  [redis-cart] request handled; status=200 latency_ms=32
2024-03-15T00:27:03Z [INFO]  [shippingservice] request handled; status=200 latency_ms=33
2024-03-15T00:27:04Z [INFO]  [adservice] request handled; status=200 latency_ms=34
2024-03-15T00:27:05Z [INFO]  [cartservice] request handled; status=200 latency_ms=35
2024-03-15T00:27:06Z [INFO]  [checkoutservice] request handled; status=200 latency_ms=36
2024-03-15T00:27:07Z [INFO]  [currencyservice] request handled; status=200 latency_ms=37
2024-03-15T00:27:08Z [INFO]  [emailservice] request handled; status=200 latency_ms=38
2024-03-15T00:27:08Z [ERROR] [emailservice] init error: template directory missing '/app/templates'
2024-03-15T00:27:08Z [ERROR] [emailservice] CrashLoopBackOff (exit code 1)
2024-03-15T00:27:09Z [INFO]  [frontend] request handled; status=200 latency_ms=39
2024-03-15T00:27:10Z [INFO]  [loadgenerator] request handled; status=200 latency_ms=40
2024-03-15T00:27:10Z [WARN]  [frontend] upstream call degraded via paymentservice latency_ms=230
2024-03-15T00:27:11Z [INFO]  [paymentservice] request handled; status=200 latency_ms=41
2024-03-15T00:27:12Z [INFO]  [productcatalogservice] request handled; status=200 latency_ms=42
2024-03-15T00:27:13Z [INFO]  [recommendationservice] request handled; status=200 latency_ms=43
2024-03-15T00:27:14Z [INFO]  [redis-cart] request handled; status=200 latency_ms=44
2024-03-15T00:27:15Z [INFO]  [shippingservice] request handled; status=200 latency_ms=45
2024-03-15T00:27:16Z [INFO]  [adservice] request handled; status=200 latency_ms=46
2024-03-15T00:27:17Z [INFO]  [cartservice] request handled; status=200 latency_ms=47
2024-03-15T00:27:18Z [INFO]  [checkoutservice] request handled; status=200 latency_ms=48
2024-03-15T00:27:19Z [INFO]  [currencyservice] request handled; status=200 latency_ms=49
2024-03-15T00:27:20Z [INFO]  [emailservice] request handled; status=200 latency_ms=50
2024-03-15T00:27:21Z [INFO]  [frontend] request handled; status=200 latency_ms=51
2024-03-15T00:27:22Z [INFO]  [loadgenerator] request handled; status=200 latency_ms=52
2024-03-15T00:27:23Z [INFO]  [paymentservice] request handled; status=200 latency_ms=53
2024-03-15T00:27:24Z [INFO]  [productcatalogservice] request handled; status=200 latency_ms=54
2024-03-15T00:27:25Z [INFO]  [recommendationservice] request handled; status=200 latency_ms=55
2024-03-15T00:27:26Z [INFO]  [redis-cart] request handled; status=200 latency_ms=56
2024-03-15T00:27:27Z [INFO]  [shippingservice] request handled; status=200 latency_ms=57
2024-03-15T00:27:27Z [WARN]  [frontend] upstream call degraded via paymentservice latency_ms=247
2024-03-15T00:27:28Z [INFO]  [adservice] request handled; status=200 latency_ms=58
2024-03-15T00:27:29Z [INFO]  [cartservice] request handled; status=200 latency_ms=59
2024-03-15T00:27:30Z [INFO]  [checkoutservice] request handled; status=200 latency_ms=10
2024-03-15T00:27:31Z [INFO]  [currencyservice] request handled; status=200 latency_ms=11
2024-03-15T00:27:32Z [INFO]  [emailservice] request handled; status=200 latency_ms=12
2024-03-15T00:27:33Z [INFO]  [frontend] request handled; status=200 latency_ms=13
2024-03-15T00:27:34Z [INFO]  [loadgenerator] request handled; status=200 latency_ms=14
2024-03-15T00:27:35Z [INFO]  [paymentservice] request handled; status=200 latency_ms=15
2024-03-15T00:27:36Z [INFO]  [productcatalogservice] request handled; status=200 latency_ms=16
2024-03-15T00:27:37Z [INFO]  [recommendationservice] request handled; status=200 latency_ms=17
2024-03-15T00:27:38Z [INFO]  [redis-cart] request handled; status=200 latency_ms=18
2024-03-15T00:27:39Z [INFO]  [shippingservice] request handled; status=200 latency_ms=19
2024-03-15T00:27:40Z [INFO]  [adservice] request handled; status=200 latency_ms=20
2024-03-15T00:27:41Z [INFO]  [cartservice] request handled; status=200 latency_ms=21
2024-03-15T00:27:42Z [INFO]  [checkoutservice] request handled; status=200 latency_ms=22
2024-03-15T00:27:43Z [INFO]  [currencyservice] request handled; status=200 latency_ms=23
2024-03-15T00:27:44Z [INFO]  [emailservice] request handled; status=200 latency_ms=24
2024-03-15T00:27:44Z [WARN]  [frontend] upstream call degraded via paymentservice latency_ms=264
2024-03-15T00:27:45Z [INFO]  [frontend] request handled; status=200 latency_ms=25
2024-03-15T00:27:46Z [INFO]  [loadgenerator] request handled; status=200 latency_ms=26
2024-03-15T00:27:47Z [INFO]  [paymentservice] request handled; status=200 latency_ms=27
2024-03-15T00:27:48Z [INFO]  [productcatalogservice] request handled; status=200 latency_ms=28
2024-03-15T00:27:49Z [INFO]  [recommendationservice] request handled; status=200 latency_ms=29
2024-03-15T00:27:50Z [INFO]  [redis-cart] request handled; status=200 latency_ms=30
2024-03-15T00:27:51Z [INFO]  [shippingservice] request handled; status=200 latency_ms=31
2024-03-15T00:27:52Z [INFO]  [adservice] request handled; status=200 latency_ms=32
2024-03-15T00:27:53Z [INFO]  [cartservice] request handled; status=200 latency_ms=33
2024-03-15T00:27:54Z [INFO]  [checkoutservice] request handled; status=200 latency_ms=34
2024-03-15T00:27:55Z [INFO]  [currencyservice] request handled; status=200 latency_ms=35
2024-03-15T00:27:56Z [INFO]  [emailservice] request handled; status=200 latency_ms=36
2024-03-15T00:27:57Z [INFO]  [frontend] request handled; status=200 latency_ms=37
2024-03-15T00:27:58Z [INFO]  [loadgenerator] request handled; status=200 latency_ms=38
2024-03-15T00:27:59Z [INFO]  [paymentservice] request handled; status=200 latency_ms=39
2024-03-15T00:28:00Z [INFO]  [productcatalogservice] request handled; status=200 latency_ms=40
2024-03-15T00:28:01Z [INFO]  [recommendationservice] request handled; status=200 latency_ms=41
2024-03-15T00:28:01Z [WARN]  [frontend] upstream call degraded via paymentservice latency_ms=281
2024-03-15T00:28:02Z [INFO]  [redis-cart] request handled; status=200 latency_ms=42
2024-03-15T00:28:02Z [ERROR] [paymentservice] OOMKilled: container killed by out-of-memory
2024-03-15T00:28:02Z [WARNING] [paymentservice] pod restarted, reason=OOMKilled
2024-03-15T00:28:02Z [ERROR] [frontend] /payment page: HTTP 500 returned
2024-03-15T00:28:02Z [ERROR] [frontend] Error at payment page: paymentservice unavailable
2024-03-15T00:28:03Z [INFO]  [shippingservice] request handled; status=200 latency_ms=43
2024-03-15T00:28:04Z [INFO]  [adservice] request handled; status=200 latency_ms=44
2024-03-15T00:28:05Z [INFO]  [cartservice] request handled; status=200 latency_ms=45
2024-03-15T00:28:06Z [INFO]  [checkoutservice] request handled; status=200 latency_ms=46
2024-03-15T00:28:07Z [INFO]  [currencyservice] request handled; status=200 latency_ms=47
2024-03-15T00:28:08Z [INFO]  [emailservice] request handled; status=200 latency_ms=48
2024-03-15T00:28:09Z [INFO]  [frontend] request handled; status=200 latency_ms=49
2024-03-15T00:28:10Z [INFO]  [loadgenerator] request handled; status=200 latency_ms=50
2024-03-15T00:28:11Z [INFO]  [paymentservice] request handled; status=200 latency_ms=51
2024-03-15T00:28:12Z [INFO]  [productcatalogservice] request handled; status=200 latency_ms=52
2024-03-15T00:28:13Z [INFO]  [recommendationservice] request handled; status=200 latency_ms=53
2024-03-15T00:28:14Z [INFO]  [redis-cart] request handled; status=200 latency_ms=54
2024-03-15T00:28:15Z [INFO]  [shippingservice] request handled; status=200 latency_ms=55
2024-03-15T00:28:16Z [INFO]  [adservice] request handled; status=200 latency_ms=56
2024-03-15T00:28:17Z [INFO]  [cartservice] request handled; status=200 latency_ms=57
2024-03-15T00:28:18Z [INFO]  [checkoutservice] request handled; status=200 latency_ms=58
2024-03-15T00:28:18Z [WARN]  [frontend] upstream call degraded via paymentservice latency_ms=298
2024-03-15T00:28:19Z [INFO]  [currencyservice] request handled; status=200 latency_ms=59
2024-03-15T00:28:20Z [INFO]  [emailservice] request handled; status=200 latency_ms=10
2024-03-15T00:28:21Z [INFO]  [frontend] request handled; status=200 latency_ms=11
2024-03-15T00:28:22Z [INFO]  [loadgenerator] request handled; status=200 latency_ms=12
2024-03-15T00:28:23Z [INFO]  [paymentservice] request handled; status=200 latency_ms=13
2024-03-15T00:28:24Z [INFO]  [productcatalogservice] request handled; status=200 latency_ms=14
2024-03-15T00:28:25Z [INFO]  [recommendationservice] request handled; status=200 latency_ms=15
2024-03-15T00:28:26Z [INFO]  [redis-cart] request handled; status=200 latency_ms=16
2024-03-15T00:28:27Z [INFO]  [shippingservice] request handled; status=200 latency_ms=17
2024-03-15T00:28:28Z [INFO]  [adservice] request handled; status=200 latency_ms=18
2024-03-15T00:28:29Z [INFO]  [cartservice] request handled; status=200 latency_ms=19
2024-03-15T00:28:30Z [INFO]  [checkoutservice] request handled; status=200 latency_ms=20
2024-03-15T00:28:31Z [INFO]  [currencyservice] request handled; status=200 latency_ms=21
2024-03-15T00:28:32Z [INFO]  [emailservice] request handled; status=200 latency_ms=22
2024-03-15T00:28:33Z [INFO]  [frontend] request handled; status=200 latency_ms=23
2024-03-15T00:28:34Z [INFO]  [loadgenerator] request handled; status=200 latency_ms=24
2024-03-15T00:28:35Z [INFO]  [paymentservice] request handled; status=200 latency_ms=25
2024-03-15T00:28:35Z [WARN]  [frontend] upstream call degraded via paymentservice latency_ms=315
2024-03-15T00:28:36Z [INFO]  [productcatalogservice] request handled; status=200 latency_ms=26
2024-03-15T00:28:37Z [INFO]  [recommendationservice] request handled; status=200 latency_ms=27
2024-03-15T00:28:38Z [INFO]  [redis-cart] request handled; status=200 latency_ms=28
2024-03-15T00:28:39Z [INFO]  [shippingservice] request handled; status=200 latency_ms=29
2024-03-15T00:28:40Z [INFO]  [adservice] request handled; status=200 latency_ms=30
2024-03-15T00:28:41Z [INFO]  [cartservice] request handled; status=200 latency_ms=31
2024-03-15T00:28:42Z [INFO]  [checkoutservice] request handled; status=200 latency_ms=32
2024-03-15T00:28:43Z [INFO]  [currencyservice] request handled; status=200 latency_ms=33
2024-03-15T00:28:44Z [INFO]  [emailservice] request handled; status=200 latency_ms=34
2024-03-15T00:28:45Z [INFO]  [frontend] request handled; status=200 latency_ms=35
2024-03-15T00:28:46Z [INFO]  [loadgenerator] request handled; status=200 latency_ms=36
2024-03-15T00:28:47Z [INFO]  [paymentservice] request handled; status=200 latency_ms=37
2024-03-15T00:28:48Z [INFO]  [productcatalogservice] request handled; status=200 latency_ms=38
2024-03-15T00:28:49Z [INFO]  [recommendationservice] request handled; status=200 latency_ms=39
2024-03-15T00:28:50Z [INFO]  [redis-cart] request handled; status=200 latency_ms=40
2024-03-15T00:28:51Z [INFO]  [shippingservice] request handled; status=200 latency_ms=41
2024-03-15T00:28:52Z [INFO]  [adservice] request handled; status=200 latency_ms=42
2024-03-15T00:28:52Z [WARN]  [frontend] upstream call degraded via paymentservice latency_ms=332
2024-03-15T00:28:53Z [INFO]  [cartservice] request handled; status=200 latency_ms=43
2024-03-15T00:28:54Z [INFO]  [checkoutservice] request handled; status=200 latency_ms=44
2024-03-15T00:28:55Z [INFO]  [currencyservice] request handled; status=200 latency_ms=45
2024-03-15T00:28:56Z [INFO]  [emailservice] request handled; status=200 latency_ms=46
2024-03-15T00:28:57Z [INFO]  [frontend] request handled; status=200 latency_ms=47
2024-03-15T00:28:58Z [INFO]  [loadgenerator] request handled; status=200 latency_ms=48
2024-03-15T00:28:59Z [INFO]  [paymentservice] request handled; status=200 latency_ms=49
2024-03-15T00:29:00Z [INFO]  [productcatalogservice] request handled; status=200 latency_ms=50
2024-03-15T00:29:01Z [INFO]  [recommendationservice] request handled; status=200 latency_ms=51
2024-03-15T00:29:02Z [INFO]  [redis-cart] request handled; status=200 latency_ms=52
2024-03-15T00:29:03Z [INFO]  [shippingservice] request handled; status=200 latency_ms=53
2024-03-15T00:29:04Z [INFO]  [adservice] request handled; status=200 latency_ms=54
2024-03-15T00:29:05Z [INFO]  [cartservice] request handled; status=200 latency_ms=55
2024-03-15T00:29:06Z [INFO]  [checkoutservice] request handled; status=200 latency_ms=56
2024-03-15T00:29:07Z [INFO]  [currencyservice] request handled; status=200 latency_ms=57
2024-03-15T00:29:08Z [INFO]  [emailservice] request handled; status=200 latency_ms=58
2024-03-15T00:29:09Z [INFO]  [frontend] request handled; status=200 latency_ms=59
2024-03-15T00:29:09Z [WARN]  [frontend] upstream call degraded via paymentservice latency_ms=349
2024-03-15T00:29:10Z [INFO]  [loadgenerator] request handled; status=200 latency_ms=10
2024-03-15T00:29:11Z [INFO]  [paymentservice] request handled; status=200 latency_ms=11
2024-03-15T00:29:12Z [INFO]  [productcatalogservice] request handled; status=200 latency_ms=12
2024-03-15T00:29:13Z [INFO]  [recommendationservice] request handled; status=200 latency_ms=13
2024-03-15T00:29:14Z [INFO]  [redis-cart] request handled; status=200 latency_ms=14
2024-03-15T00:29:15Z [INFO]  [shippingservice] request handled; status=200 latency_ms=15
2024-03-15T00:29:16Z [INFO]  [adservice] request handled; status=200 latency_ms=16
2024-03-15T00:29:17Z [INFO]  [cartservice] request handled; status=200 latency_ms=17
2024-03-15T00:29:18Z [INFO]  [checkoutservice] request handled; status=200 latency_ms=18
2024-03-15T00:29:19Z [INFO]  [currencyservice] request handled; status=200 latency_ms=19
2024-03-15T00:29:20Z [INFO]  [emailservice] request handled; status=200 latency_ms=20
2024-03-15T00:29:21Z [INFO]  [frontend] request handled; status=200 latency_ms=21
2024-03-15T00:29:22Z [INFO]  [loadgenerator] request handled; status=200 latency_ms=22
2024-03-15T00:29:23Z [INFO]  [paymentservice] request handled; status=200 latency_ms=23
2024-03-15T00:29:24Z [INFO]  [productcatalogservice] request handled; status=200 latency_ms=24
2024-03-15T00:29:25Z [INFO]  [recommendationservice] request handled; status=200 latency_ms=25
2024-03-15T00:29:26Z [INFO]  [redis-cart] request handled; status=200 latency_ms=26
2024-03-15T00:29:26Z [WARN]  [frontend] upstream call degraded via paymentservice latency_ms=366
2024-03-15T00:29:27Z [INFO]  [shippingservice] request handled; status=200 latency_ms=27
2024-03-15T00:29:28Z [INFO]  [adservice] request handled; status=200 latency_ms=28
2024-03-15T00:29:29Z [INFO]  [cartservice] request handled; status=200 latency_ms=29
2024-03-15T00:29:30Z [INFO]  [checkoutservice] request handled; status=200 latency_ms=30
2024-03-15T00:29:31Z [INFO]  [currencyservice] request handled; status=200 latency_ms=31
2024-03-15T00:29:32Z [INFO]  [emailservice] request handled; status=200 latency_ms=32
2024-03-15T00:29:33Z [INFO]  [frontend] request handled; status=200 latency_ms=33
2024-03-15T00:29:34Z [INFO]  [loadgenerator] request handled; status=200 latency_ms=34
2024-03-15T00:29:35Z [INFO]  [paymentservice] request handled; status=200 latency_ms=35
2024-03-15T00:29:36Z [INFO]  [productcatalogservice] request handled; status=200 latency_ms=36
2024-03-15T00:29:37Z [INFO]  [recommendationservice] request handled; status=200 latency_ms=37
2024-03-15T00:29:38Z [INFO]  [redis-cart] request handled; status=200 latency_ms=38
2024-03-15T00:29:39Z [INFO]  [shippingservice] request handled; status=200 latency_ms=39
2024-03-15T00:29:40Z [INFO]  [adservice] request handled; status=200 latency_ms=40
2024-03-15T00:29:41Z [INFO]  [cartservice] request handled; status=200 latency_ms=41
2024-03-15T00:29:42Z [INFO]  [checkoutservice] request handled; status=200 latency_ms=42
2024-03-15T00:29:43Z [INFO]  [currencyservice] request handled; status=200 latency_ms=43
2024-03-15T00:29:43Z [WARN]  [frontend] upstream call degraded via paymentservice latency_ms=383
2024-03-15T00:29:44Z [INFO]  [emailservice] request handled; status=200 latency_ms=44
2024-03-15T00:29:45Z [INFO]  [frontend] request handled; status=200 latency_ms=45
2024-03-15T00:29:46Z [INFO]  [loadgenerator] request handled; status=200 latency_ms=46
2024-03-15T00:29:47Z [INFO]  [paymentservice] request handled; status=200 latency_ms=47
2024-03-15T00:29:48Z [INFO]  [productcatalogservice] request handled; status=200 latency_ms=48
2024-03-15T00:29:49Z [INFO]  [recommendationservice] request handled; status=200 latency_ms=49
2024-03-15T00:29:50Z [INFO]  [redis-cart] request handled; status=200 latency_ms=50
2024-03-15T00:29:51Z [INFO]  [shippingservice] request handled; status=200 latency_ms=51
2024-03-15T00:29:52Z [INFO]  [adservice] request handled; status=200 latency_ms=52
2024-03-15T00:29:53Z [INFO]  [cartservice] request handled; status=200 latency_ms=53
2024-03-15T00:29:54Z [INFO]  [checkoutservice] request handled; status=200 latency_ms=54
2024-03-15T00:29:55Z [INFO]  [currencyservice] request handled; status=200 latency_ms=55
2024-03-15T00:29:55Z [ERROR] [paymentservice] OOMKilled: container killed by out-of-memory
2024-03-15T00:29:55Z [WARNING] [paymentservice] pod restarted, reason=OOMKilled
2024-03-15T00:29:55Z [ERROR] [frontend] /payment page: HTTP 500 returned
2024-03-15T00:29:55Z [ERROR] [frontend] Error at payment page: paymentservice unavailable
2024-03-15T00:29:56Z [INFO]  [emailservice] request handled; status=200 latency_ms=56
2024-03-15T00:29:57Z [INFO]  [frontend] request handled; status=200 latency_ms=57
2024-03-15T00:29:58Z [INFO]  [loadgenerator] request handled; status=200 latency_ms=58
2024-03-15T00:29:59Z [INFO]  [paymentservice] request handled; status=200 latency_ms=59
2024-03-15T00:30:00Z [INFO]  [productcatalogservice] request handled; status=200 latency_ms=10
2024-03-15T00:30:00Z [WARN]  [frontend] upstream call degraded via paymentservice latency_ms=400
2024-03-15T00:30:01Z [INFO]  [recommendationservice] request handled; status=200 latency_ms=11
2024-03-15T00:30:02Z [INFO]  [redis-cart] request handled; status=200 latency_ms=12
2024-03-15T00:30:03Z [INFO]  [shippingservice] request handled; status=200 latency_ms=13
2024-03-15T00:30:04Z [INFO]  [adservice] request handled; status=200 latency_ms=14
2024-03-15T00:30:05Z [INFO]  [cartservice] request handled; status=200 latency_ms=15
2024-03-15T00:30:06Z [INFO]  [checkoutservice] request handled; status=200 latency_ms=16
2024-03-15T00:30:07Z [INFO]  [currencyservice] request handled; status=200 latency_ms=17
2024-03-15T00:30:08Z [INFO]  [emailservice] request handled; status=200 latency_ms=18
2024-03-15T00:30:09Z [INFO]  [frontend] request handled; status=200 latency_ms=19
2024-03-15T00:30:10Z [INFO]  [loadgenerator] request handled; status=200 latency_ms=20
2024-03-15T00:30:11Z [INFO]  [paymentservice] request handled; status=200 latency_ms=21
2024-03-15T00:30:12Z [INFO]  [productcatalogservice] request handled; status=200 latency_ms=22
2024-03-15T00:30:13Z [INFO]  [recommendationservice] request handled; status=200 latency_ms=23
2024-03-15T00:30:14Z [INFO]  [redis-cart] request handled; status=200 latency_ms=24
2024-03-15T00:30:15Z [INFO]  [shippingservice] request handled; status=200 latency_ms=25
2024-03-15T00:30:16Z [INFO]  [adservice] request handled; status=200 latency_ms=26
2024-03-15T00:30:17Z [INFO]  [cartservice] request handled; status=200 latency_ms=27
2024-03-15T00:30:17Z [WARN]  [frontend] upstream call degraded via paymentservice latency_ms=417
2024-03-15T00:30:18Z [INFO]  [checkoutservice] request handled; status=200 latency_ms=28
2024-03-15T00:30:19Z [INFO]  [currencyservice] request handled; status=200 latency_ms=29
2024-03-15T00:30:19Z [ERROR] [emailservice] init error: template directory missing '/app/templates'
2024-03-15T00:30:19Z [ERROR] [emailservice] CrashLoopBackOff (exit code 1)
2024-03-15T00:30:20Z [INFO]  [emailservice] request handled; status=200 latency_ms=30
2024-03-15T00:30:21Z [INFO]  [frontend] request handled; status=200 latency_ms=31
2024-03-15T00:30:22Z [INFO]  [loadgenerator] request handled; status=200 latency_ms=32
2024-03-15T00:30:23Z [INFO]  [paymentservice] request handled; status=200 latency_ms=33
2024-03-15T00:30:24Z [INFO]  [productcatalogservice] request handled; status=200 latency_ms=34
2024-03-15T00:30:25Z [INFO]  [recommendationservice] request handled; status=200 latency_ms=35
2024-03-15T00:30:26Z [INFO]  [redis-cart] request handled; status=200 latency_ms=36
2024-03-15T00:30:27Z [INFO]  [shippingservice] request handled; status=200 latency_ms=37
2024-03-15T00:30:28Z [INFO]  [adservice] request handled; status=200 latency_ms=38
2024-03-15T00:30:29Z [INFO]  [cartservice] request handled; status=200 latency_ms=39
2024-03-15T00:30:30Z [INFO]  [checkoutservice] request handled; status=200 latency_ms=40
2024-03-15T00:30:31Z [INFO]  [currencyservice] request handled; status=200 latency_ms=41
2024-03-15T00:30:32Z [INFO]  [emailservice] request handled; status=200 latency_ms=42
2024-03-15T00:30:33Z [INFO]  [frontend] request handled; status=200 latency_ms=43
2024-03-15T00:30:34Z [INFO]  [loadgenerator] request handled; status=200 latency_ms=44
2024-03-15T00:30:34Z [WARN]  [frontend] upstream call degraded via paymentservice latency_ms=434
2024-03-15T00:30:35Z [INFO]  [paymentservice] request handled; status=200 latency_ms=45
2024-03-15T00:30:36Z [INFO]  [productcatalogservice] request handled; status=200 latency_ms=46
2024-03-15T00:30:37Z [INFO]  [recommendationservice] request handled; status=200 latency_ms=47
2024-03-15T00:30:38Z [INFO]  [redis-cart] request handled; status=200 latency_ms=48
2024-03-15T00:30:39Z [INFO]  [shippingservice] request handled; status=200 latency_ms=49
2024-03-15T00:30:40Z [INFO]  [adservice] request handled; status=200 latency_ms=50
2024-03-15T00:30:41Z [INFO]  [cartservice] request handled; status=200 latency_ms=51
2024-03-15T00:30:42Z [INFO]  [checkoutservice] request handled; status=200 latency_ms=52
2024-03-15T00:30:43Z [INFO]  [currencyservice] request handled; status=200 latency_ms=53
2024-03-15T00:30:44Z [INFO]  [emailservice] request handled; status=200 latency_ms=54
2024-03-15T00:30:45Z [INFO]  [frontend] request handled; status=200 latency_ms=55
2024-03-15T00:30:46Z [INFO]  [loadgenerator] request handled; status=200 latency_ms=56
2024-03-15T00:30:47Z [INFO]  [paymentservice] request handled; status=200 latency_ms=57
2024-03-15T00:30:48Z [INFO]  [productcatalogservice] request handled; status=200 latency_ms=58
2024-03-15T00:30:49Z [INFO]  [recommendationservice] request handled; status=200 latency_ms=59
2024-03-15T00:30:50Z [INFO]  [redis-cart] request handled; status=200 latency_ms=10
2024-03-15T00:30:51Z [INFO]  [shippingservice] request handled; status=200 latency_ms=11
2024-03-15T00:30:51Z [WARN]  [frontend] upstream call degraded via paymentservice latency_ms=451
2024-03-15T00:30:52Z [INFO]  [adservice] request handled; status=200 latency_ms=12
2024-03-15T00:30:53Z [INFO]  [cartservice] request handled; status=200 latency_ms=13
2024-03-15T00:30:54Z [INFO]  [checkoutservice] request handled; status=200 latency_ms=14
2024-03-15T00:30:55Z [INFO]  [currencyservice] request handled; status=200 latency_ms=15
2024-03-15T00:30:56Z [INFO]  [emailservice] request handled; status=200 latency_ms=16
2024-03-15T00:30:57Z [INFO]  [frontend] request handled; status=200 latency_ms=17
2024-03-15T00:30:58Z [INFO]  [loadgenerator] request handled; status=200 latency_ms=18
2024-03-15T00:30:59Z [INFO]  [paymentservice] request handled; status=200 latency_ms=19
2024-03-15T00:31:00Z [INFO]  [productcatalogservice] request handled; status=200 latency_ms=20
2024-03-15T00:31:01Z [INFO]  [recommendationservice] request handled; status=200 latency_ms=21
2024-03-15T00:31:02Z [INFO]  [redis-cart] request handled; status=200 latency_ms=22
2024-03-15T00:31:03Z [INFO]  [shippingservice] request handled; status=200 latency_ms=23
2024-03-15T00:31:04Z [INFO]  [adservice] request handled; status=200 latency_ms=24
2024-03-15T00:31:05Z [INFO]  [cartservice] request handled; status=200 latency_ms=25
2024-03-15T00:31:06Z [INFO]  [checkoutservice] request handled; status=200 latency_ms=26
2024-03-15T00:31:07Z [INFO]  [currencyservice] request handled; status=200 latency_ms=27
2024-03-15T00:31:08Z [INFO]  [emailservice] request handled; status=200 latency_ms=28
2024-03-15T00:31:08Z [WARN]  [frontend] upstream call degraded via paymentservice latency_ms=468
2024-03-15T00:31:09Z [INFO]  [frontend] request handled; status=200 latency_ms=29
2024-03-15T00:31:10Z [INFO]  [loadgenerator] request handled; status=200 latency_ms=30
2024-03-15T00:31:11Z [INFO]  [paymentservice] request handled; status=200 latency_ms=31
2024-03-15T00:31:12Z [INFO]  [productcatalogservice] request handled; status=200 latency_ms=32
2024-03-15T00:31:13Z [INFO]  [recommendationservice] request handled; status=200 latency_ms=33
2024-03-15T00:31:14Z [INFO]  [redis-cart] request handled; status=200 latency_ms=34
2024-03-15T00:31:15Z [INFO]  [shippingservice] request handled; status=200 latency_ms=35
2024-03-15T00:31:16Z [INFO]  [adservice] request handled; status=200 latency_ms=36
2024-03-15T00:31:17Z [INFO]  [cartservice] request handled; status=200 latency_ms=37
2024-03-15T00:31:18Z [INFO]  [checkoutservice] request handled; status=200 latency_ms=38
2024-03-15T00:31:19Z [INFO]  [currencyservice] request handled; status=200 latency_ms=39
2024-03-15T00:31:20Z [INFO]  [emailservice] request handled; status=200 latency_ms=40
2024-03-15T00:31:21Z [INFO]  [frontend] request handled; status=200 latency_ms=41
2024-03-15T00:31:22Z [INFO]  [loadgenerator] request handled; status=200 latency_ms=42
2024-03-15T00:31:23Z [INFO]  [paymentservice] request handled; status=200 latency_ms=43
2024-03-15T00:31:24Z [INFO]  [productcatalogservice] request handled; status=200 latency_ms=44
2024-03-15T00:31:25Z [INFO]  [recommendationservice] request handled; status=200 latency_ms=45
2024-03-15T00:31:25Z [WARN]  [frontend] upstream call degraded via paymentservice latency_ms=485
2024-03-15T00:31:26Z [INFO]  [redis-cart] request handled; status=200 latency_ms=46
2024-03-15T00:31:27Z [INFO]  [shippingservice] request handled; status=200 latency_ms=47
2024-03-15T00:31:28Z [INFO]  [adservice] request handled; status=200 latency_ms=48
2024-03-15T00:31:29Z [INFO]  [cartservice] request handled; status=200 latency_ms=49
2024-03-15T00:31:30Z [INFO]  [checkoutservice] request handled; status=200 latency_ms=50
2024-03-15T00:31:31Z [INFO]  [currencyservice] request handled; status=200 latency_ms=51
2024-03-15T00:31:32Z [INFO]  [emailservice] request handled; status=200 latency_ms=52
2024-03-15T00:31:33Z [INFO]  [frontend] request handled; status=200 latency_ms=53
2024-03-15T00:31:34Z [INFO]  [loadgenerator] request handled; status=200 latency_ms=54
2024-03-15T00:31:35Z [INFO]  [paymentservice] request handled; status=200 latency_ms=55
2024-03-15T00:31:36Z [INFO]  [productcatalogservice] request handled; status=200 latency_ms=56
2024-03-15T00:31:37Z [INFO]  [recommendationservice] request handled; status=200 latency_ms=57
2024-03-15T00:31:38Z [INFO]  [redis-cart] request handled; status=200 latency_ms=58
2024-03-15T00:31:39Z [INFO]  [shippingservice] request handled; status=200 latency_ms=59
2024-03-15T00:31:40Z [INFO]  [adservice] request handled; status=200 latency_ms=10
2024-03-15T00:31:41Z [INFO]  [cartservice] request handled; status=200 latency_ms=11
2024-03-15T00:31:42Z [INFO]  [checkoutservice] request handled; status=200 latency_ms=12
2024-03-15T00:31:42Z [WARN]  [frontend] upstream call degraded via paymentservice latency_ms=202
2024-03-15T00:31:43Z [INFO]  [currencyservice] request handled; status=200 latency_ms=13
2024-03-15T00:31:44Z [INFO]  [emailservice] request handled; status=200 latency_ms=14
2024-03-15T00:31:45Z [INFO]  [frontend] request handled; status=200 latency_ms=15
2024-03-15T00:31:46Z [INFO]  [loadgenerator] request handled; status=200 latency_ms=16
2024-03-15T00:31:47Z [INFO]  [paymentservice] request handled; status=200 latency_ms=17
2024-03-15T00:31:48Z [INFO]  [productcatalogservice] request handled; status=200 latency_ms=18
2024-03-15T00:31:48Z [ERROR] [paymentservice] OOMKilled: container killed by out-of-memory
2024-03-15T00:31:48Z [WARNING] [paymentservice] pod restarted, reason=OOMKilled
2024-03-15T00:31:48Z [ERROR] [frontend] /payment page: HTTP 500 returned
2024-03-15T00:31:48Z [ERROR] [frontend] Error at payment page: paymentservice unavailable
2024-03-15T00:31:49Z [INFO]  [recommendationservice] request handled; status=200 latency_ms=19
2024-03-15T00:31:50Z [INFO]  [redis-cart] request handled; status=200 latency_ms=20
2024-03-15T00:31:51Z [INFO]  [shippingservice] request handled; status=200 latency_ms=21
2024-03-15T00:31:52Z [INFO]  [adservice] request handled; status=200 latency_ms=22
2024-03-15T00:31:53Z [INFO]  [cartservice] request handled; status=200 latency_ms=23
2024-03-15T00:31:54Z [INFO]  [checkoutservice] request handled; status=200 latency_ms=24
2024-03-15T00:31:55Z [INFO]  [currencyservice] request handled; status=200 latency_ms=25
2024-03-15T00:31:56Z [INFO]  [emailservice] request handled; status=200 latency_ms=26
2024-03-15T00:31:57Z [INFO]  [frontend] request handled; status=200 latency_ms=27
2024-03-15T00:31:58Z [INFO]  [loadgenerator] request handled; status=200 latency_ms=28
2024-03-15T00:31:59Z [INFO]  [paymentservice] request handled; status=200 latency_ms=29
2024-03-15T00:31:59Z [WARN]  [frontend] upstream call degraded via paymentservice latency_ms=219
2024-03-15T00:32:00Z [INFO]  [productcatalogservice] request handled; status=200 latency_ms=30
2024-03-15T00:32:01Z [INFO]  [recommendationservice] request handled; status=200 latency_ms=31
2024-03-15T00:32:02Z [INFO]  [redis-cart] request handled; status=200 latency_ms=32
2024-03-15T00:32:03Z [INFO]  [shippingservice] request handled; status=200 latency_ms=33
2024-03-15T00:32:04Z [INFO]  [adservice] request handled; status=200 latency_ms=34
2024-03-15T00:32:05Z [INFO]  [cartservice] request handled; status=200 latency_ms=35
2024-03-15T00:32:06Z [INFO]  [checkoutservice] request handled; status=200 latency_ms=36
2024-03-15T00:32:07Z [INFO]  [currencyservice] request handled; status=200 latency_ms=37
2024-03-15T00:32:08Z [INFO]  [emailservice] request handled; status=200 latency_ms=38
2024-03-15T00:32:09Z [INFO]  [frontend] request handled; status=200 latency_ms=39
2024-03-15T00:32:10Z [INFO]  [loadgenerator] request handled; status=200 latency_ms=40
2024-03-15T00:32:11Z [INFO]  [paymentservice] request handled; status=200 latency_ms=41
2024-03-15T00:32:12Z [INFO]  [productcatalogservice] request handled; status=200 latency_ms=42
2024-03-15T00:32:13Z [INFO]  [recommendationservice] request handled; status=200 latency_ms=43
2024-03-15T00:32:14Z [INFO]  [redis-cart] request handled; status=200 latency_ms=44
2024-03-15T00:32:15Z [INFO]  [shippingservice] request handled; status=200 latency_ms=45
2024-03-15T00:32:16Z [INFO]  [adservice] request handled; status=200 latency_ms=46
2024-03-15T00:32:16Z [WARN]  [frontend] upstream call degraded via paymentservice latency_ms=236
2024-03-15T00:32:17Z [INFO]  [cartservice] request handled; status=200 latency_ms=47
2024-03-15T00:32:18Z [INFO]  [checkoutservice] request handled; status=200 latency_ms=48
2024-03-15T00:32:19Z [INFO]  [currencyservice] request handled; status=200 latency_ms=49
2024-03-15T00:32:20Z [INFO]  [emailservice] request handled; status=200 latency_ms=50
2024-03-15T00:32:21Z [INFO]  [frontend] request handled; status=200 latency_ms=51
2024-03-15T00:32:22Z [INFO]  [loadgenerator] request handled; status=200 latency_ms=52
2024-03-15T00:32:23Z [INFO]  [paymentservice] request handled; status=200 latency_ms=53
2024-03-15T00:32:24Z [INFO]  [productcatalogservice] request handled; status=200 latency_ms=54
2024-03-15T00:32:25Z [INFO]  [recommendationservice] request handled; status=200 latency_ms=55
2024-03-15T00:32:26Z [INFO]  [redis-cart] request handled; status=200 latency_ms=56
2024-03-15T00:32:27Z [INFO]  [shippingservice] request handled; status=200 latency_ms=57
2024-03-15T00:32:28Z [INFO]  [adservice] request handled; status=200 latency_ms=58
2024-03-15T00:32:29Z [INFO]  [cartservice] request handled; status=200 latency_ms=59
2024-03-15T00:32:30Z [INFO]  [checkoutservice] request handled; status=200 latency_ms=10
2024-03-15T00:32:31Z [INFO]  [currencyservice] request handled; status=200 latency_ms=11
2024-03-15T00:32:32Z [INFO]  [emailservice] request handled; status=200 latency_ms=12
2024-03-15T00:32:33Z [INFO]  [frontend] request handled; status=200 latency_ms=13
2024-03-15T00:32:33Z [WARN]  [frontend] upstream call degraded via paymentservice latency_ms=253
2024-03-15T00:32:34Z [INFO]  [loadgenerator] request handled; status=200 latency_ms=14
2024-03-15T00:32:35Z [INFO]  [paymentservice] request handled; status=200 latency_ms=15
2024-03-15T00:32:36Z [INFO]  [productcatalogservice] request handled; status=200 latency_ms=16
2024-03-15T00:32:37Z [INFO]  [recommendationservice] request handled; status=200 latency_ms=17
2024-03-15T00:32:38Z [INFO]  [redis-cart] request handled; status=200 latency_ms=18
2024-03-15T00:32:39Z [INFO]  [shippingservice] request handled; status=200 latency_ms=19
2024-03-15T00:32:40Z [INFO]  [adservice] request handled; status=200 latency_ms=20
2024-03-15T00:32:41Z [INFO]  [cartservice] request handled; status=200 latency_ms=21
2024-03-15T00:32:42Z [INFO]  [checkoutservice] request handled; status=200 latency_ms=22
2024-03-15T00:32:43Z [INFO]  [currencyservice] request handled; status=200 latency_ms=23
2024-03-15T00:32:44Z [INFO]  [emailservice] request handled; status=200 latency_ms=24
2024-03-15T00:32:45Z [INFO]  [frontend] request handled; status=200 latency_ms=25
2024-03-15T00:32:46Z [INFO]  [loadgenerator] request handled; status=200 latency_ms=26
2024-03-15T00:32:47Z [INFO]  [paymentservice] request handled; status=200 latency_ms=27
2024-03-15T00:32:48Z [INFO]  [productcatalogservice] request handled; status=200 latency_ms=28
2024-03-15T00:32:49Z [INFO]  [recommendationservice] request handled; status=200 latency_ms=29
2024-03-15T00:32:50Z [INFO]  [redis-cart] request handled; status=200 latency_ms=30
2024-03-15T00:32:50Z [WARN]  [frontend] upstream call degraded via paymentservice latency_ms=270
2024-03-15T00:32:51Z [INFO]  [shippingservice] request handled; status=200 latency_ms=31
2024-03-15T00:32:52Z [INFO]  [adservice] request handled; status=200 latency_ms=32
2024-03-15T00:32:53Z [INFO]  [cartservice] request handled; status=200 latency_ms=33
2024-03-15T00:32:54Z [INFO]  [checkoutservice] request handled; status=200 latency_ms=34
2024-03-15T00:32:55Z [INFO]  [currencyservice] request handled; status=200 latency_ms=35
2024-03-15T00:32:56Z [INFO]  [emailservice] request handled; status=200 latency_ms=36
2024-03-15T00:32:57Z [INFO]  [frontend] request handled; status=200 latency_ms=37
2024-03-15T00:32:58Z [INFO]  [loadgenerator] request handled; status=200 latency_ms=38
2024-03-15T00:32:59Z [INFO]  [paymentservice] request handled; status=200 latency_ms=39
2024-03-15T00:33:00Z [INFO]  [productcatalogservice] request handled; status=200 latency_ms=40
2024-03-15T00:33:01Z [INFO]  [recommendationservice] request handled; status=200 latency_ms=41
2024-03-15T00:33:02Z [INFO]  [redis-cart] request handled; status=200 latency_ms=42
2024-03-15T00:33:03Z [INFO]  [shippingservice] request handled; status=200 latency_ms=43
2024-03-15T00:33:04Z [INFO]  [adservice] request handled; status=200 latency_ms=44
2024-03-15T00:33:05Z [INFO]  [cartservice] request handled; status=200 latency_ms=45
2024-03-15T00:33:06Z [INFO]  [checkoutservice] request handled; status=200 latency_ms=46
2024-03-15T00:33:07Z [INFO]  [currencyservice] request handled; status=200 latency_ms=47
2024-03-15T00:33:07Z [WARN]  [frontend] upstream call degraded via paymentservice latency_ms=287
2024-03-15T00:33:08Z [INFO]  [emailservice] request handled; status=200 latency_ms=48
2024-03-15T00:33:09Z [INFO]  [frontend] request handled; status=200 latency_ms=49
2024-03-15T00:33:10Z [INFO]  [loadgenerator] request handled; status=200 latency_ms=50
2024-03-15T00:33:11Z [INFO]  [paymentservice] request handled; status=200 latency_ms=51
2024-03-15T00:33:12Z [INFO]  [productcatalogservice] request handled; status=200 latency_ms=52
2024-03-15T00:33:13Z [INFO]  [recommendationservice] request handled; status=200 latency_ms=53
2024-03-15T00:33:14Z [INFO]  [redis-cart] request handled; status=200 latency_ms=54
2024-03-15T00:33:15Z [INFO]  [shippingservice] request handled; status=200 latency_ms=55
2024-03-15T00:33:16Z [INFO]  [adservice] request handled; status=200 latency_ms=56
2024-03-15T00:33:17Z [INFO]  [cartservice] request handled; status=200 latency_ms=57
2024-03-15T00:33:18Z [INFO]  [checkoutservice] request handled; status=200 latency_ms=58
2024-03-15T00:33:19Z [INFO]  [currencyservice] request handled; status=200 latency_ms=59
2024-03-15T00:33:20Z [INFO]  [emailservice] request handled; status=200 latency_ms=10
2024-03-15T00:33:21Z [INFO]  [frontend] request handled; status=200 latency_ms=11
2024-03-15T00:33:22Z [INFO]  [loadgenerator] request handled; status=200 latency_ms=12
2024-03-15T00:33:23Z [INFO]  [paymentservice] request handled; status=200 latency_ms=13
2024-03-15T00:33:24Z [INFO]  [productcatalogservice] request handled; status=200 latency_ms=14
2024-03-15T00:33:24Z [WARN]  [frontend] upstream call degraded via paymentservice latency_ms=304
2024-03-15T00:33:25Z [INFO]  [recommendationservice] request handled; status=200 latency_ms=15
2024-03-15T00:33:26Z [INFO]  [redis-cart] request handled; status=200 latency_ms=16
2024-03-15T00:33:27Z [INFO]  [shippingservice] request handled; status=200 latency_ms=17
2024-03-15T00:33:28Z [INFO]  [adservice] request handled; status=200 latency_ms=18
2024-03-15T00:33:29Z [INFO]  [cartservice] request handled; status=200 latency_ms=19
2024-03-15T00:33:30Z [INFO]  [checkoutservice] request handled; status=200 latency_ms=20
2024-03-15T00:33:30Z [ERROR] [emailservice] init error: template directory missing '/app/templates'
2024-03-15T00:33:30Z [ERROR] [emailservice] CrashLoopBackOff (exit code 1)
2024-03-15T00:33:31Z [INFO]  [currencyservice] request handled; status=200 latency_ms=21
2024-03-15T00:33:32Z [INFO]  [emailservice] request handled; status=200 latency_ms=22
2024-03-15T00:33:33Z [INFO]  [frontend] request handled; status=200 latency_ms=23
2024-03-15T00:33:34Z [INFO]  [loadgenerator] request handled; status=200 latency_ms=24
2024-03-15T00:33:35Z [INFO]  [paymentservice] request handled; status=200 latency_ms=25
2024-03-15T00:33:36Z [INFO]  [productcatalogservice] request handled; status=200 latency_ms=26
2024-03-15T00:33:37Z [INFO]  [recommendationservice] request handled; status=200 latency_ms=27
2024-03-15T00:33:38Z [INFO]  [redis-cart] request handled; status=200 latency_ms=28
2024-03-15T00:33:39Z [INFO]  [shippingservice] request handled; status=200 latency_ms=29
2024-03-15T00:33:40Z [INFO]  [adservice] request handled; status=200 latency_ms=30
2024-03-15T00:33:41Z [INFO]  [cartservice] request handled; status=200 latency_ms=31
2024-03-15T00:33:41Z [WARN]  [frontend] upstream call degraded via paymentservice latency_ms=321
2024-03-15T00:33:41Z [ERROR] [paymentservice] OOMKilled: container killed by out-of-memory
2024-03-15T00:33:41Z [WARNING] [paymentservice] pod restarted, reason=OOMKilled
2024-03-15T00:33:41Z [ERROR] [frontend] /payment page: HTTP 500 returned
2024-03-15T00:33:41Z [ERROR] [frontend] Error at payment page: paymentservice unavailable
2024-03-15T00:33:42Z [INFO]  [checkoutservice] request handled; status=200 latency_ms=32
2024-03-15T00:33:43Z [INFO]  [currencyservice] request handled; status=200 latency_ms=33
2024-03-15T00:33:44Z [INFO]  [emailservice] request handled; status=200 latency_ms=34
2024-03-15T00:33:45Z [INFO]  [frontend] request handled; status=200 latency_ms=35
2024-03-15T00:33:46Z [INFO]  [loadgenerator] request handled; status=200 latency_ms=36
2024-03-15T00:33:47Z [INFO]  [paymentservice] request handled; status=200 latency_ms=37
2024-03-15T00:33:48Z [INFO]  [productcatalogservice] request handled; status=200 latency_ms=38
2024-03-15T00:33:49Z [INFO]  [recommendationservice] request handled; status=200 latency_ms=39
2024-03-15T00:33:50Z [INFO]  [redis-cart] request handled; status=200 latency_ms=40
2024-03-15T00:33:51Z [INFO]  [shippingservice] request handled; status=200 latency_ms=41
2024-03-15T00:33:52Z [INFO]  [adservice] request handled; status=200 latency_ms=42
2024-03-15T00:33:53Z [INFO]  [cartservice] request handled; status=200 latency_ms=43
2024-03-15T00:33:54Z [INFO]  [checkoutservice] request handled; status=200 latency_ms=44
2024-03-15T00:33:55Z [INFO]  [currencyservice] request handled; status=200 latency_ms=45
2024-03-15T00:33:56Z [INFO]  [emailservice] request handled; status=200 latency_ms=46
2024-03-15T00:33:57Z [INFO]  [frontend] request handled; status=200 latency_ms=47
2024-03-15T00:33:58Z [INFO]  [loadgenerator] request handled; status=200 latency_ms=48
2024-03-15T00:33:58Z [WARN]  [frontend] upstream call degraded via paymentservice latency_ms=338
2024-03-15T00:33:59Z [INFO]  [paymentservice] request handled; status=200 latency_ms=49
2024-03-15T00:34:00Z [INFO]  [productcatalogservice] request handled; status=200 latency_ms=50
2024-03-15T00:34:01Z [INFO]  [recommendationservice] request handled; status=200 latency_ms=51
2024-03-15T00:34:02Z [INFO]  [redis-cart] request handled; status=200 latency_ms=52
2024-03-15T00:34:03Z [INFO]  [shippingservice] request handled; status=200 latency_ms=53
2024-03-15T00:34:04Z [INFO]  [adservice] request handled; status=200 latency_ms=54
2024-03-15T00:34:05Z [INFO]  [cartservice] request handled; status=200 latency_ms=55
2024-03-15T00:34:06Z [INFO]  [checkoutservice] request handled; status=200 latency_ms=56
2024-03-15T00:34:07Z [INFO]  [currencyservice] request handled; status=200 latency_ms=57
2024-03-15T00:34:08Z [INFO]  [emailservice] request handled; status=200 latency_ms=58
2024-03-15T00:34:09Z [INFO]  [frontend] request handled; status=200 latency_ms=59
2024-03-15T00:34:10Z [INFO]  [loadgenerator] request handled; status=200 latency_ms=10
2024-03-15T00:34:11Z [INFO]  [paymentservice] request handled; status=200 latency_ms=11
2024-03-15T00:34:12Z [INFO]  [productcatalogservice] request handled; status=200 latency_ms=12
2024-03-15T00:34:13Z [INFO]  [recommendationservice] request handled; status=200 latency_ms=13
2024-03-15T00:34:14Z [INFO]  [redis-cart] request handled; status=200 latency_ms=14
2024-03-15T00:34:15Z [INFO]  [shippingservice] request handled; status=200 latency_ms=15
2024-03-15T00:34:15Z [WARN]  [frontend] upstream call degraded via paymentservice latency_ms=355
2024-03-15T00:34:16Z [INFO]  [adservice] request handled; status=200 latency_ms=16
2024-03-15T00:34:17Z [INFO]  [cartservice] request handled; status=200 latency_ms=17
2024-03-15T00:34:18Z [INFO]  [checkoutservice] request handled; status=200 latency_ms=18
2024-03-15T00:34:19Z [INFO]  [currencyservice] request handled; status=200 latency_ms=19
2024-03-15T00:34:20Z [INFO]  [emailservice] request handled; status=200 latency_ms=20
2024-03-15T00:34:21Z [INFO]  [frontend] request handled; status=200 latency_ms=21
2024-03-15T00:34:22Z [INFO]  [loadgenerator] request handled; status=200 latency_ms=22
2024-03-15T00:34:23Z [INFO]  [paymentservice] request handled; status=200 latency_ms=23
2024-03-15T00:34:24Z [INFO]  [productcatalogservice] request handled; status=200 latency_ms=24
2024-03-15T00:34:25Z [INFO]  [recommendationservice] request handled; status=200 latency_ms=25
2024-03-15T00:34:26Z [INFO]  [redis-cart] request handled; status=200 latency_ms=26
2024-03-15T00:34:27Z [INFO]  [shippingservice] request handled; status=200 latency_ms=27
2024-03-15T00:34:28Z [INFO]  [adservice] request handled; status=200 latency_ms=28
2024-03-15T00:34:29Z [INFO]  [cartservice] request handled; status=200 latency_ms=29
2024-03-15T00:34:30Z [INFO]  [checkoutservice] request handled; status=200 latency_ms=30
2024-03-15T00:34:31Z [INFO]  [currencyservice] request handled; status=200 latency_ms=31
2024-03-15T00:34:32Z [INFO]  [emailservice] request handled; status=200 latency_ms=32
2024-03-15T00:34:32Z [WARN]  [frontend] upstream call degraded via paymentservice latency_ms=372
2024-03-15T00:34:33Z [INFO]  [frontend] request handled; status=200 latency_ms=33
2024-03-15T00:34:34Z [INFO]  [loadgenerator] request handled; status=200 latency_ms=34
2024-03-15T00:34:35Z [INFO]  [paymentservice] request handled; status=200 latency_ms=35
2024-03-15T00:34:36Z [INFO]  [productcatalogservice] request handled; status=200 latency_ms=36
2024-03-15T00:34:37Z [INFO]  [recommendationservice] request handled; status=200 latency_ms=37
2024-03-15T00:34:38Z [INFO]  [redis-cart] request handled; status=200 latency_ms=38
2024-03-15T00:34:39Z [INFO]  [shippingservice] request handled; status=200 latency_ms=39
2024-03-15T00:34:40Z [INFO]  [adservice] request handled; status=200 latency_ms=40
2024-03-15T00:34:41Z [INFO]  [cartservice] request handled; status=200 latency_ms=41
2024-03-15T00:34:42Z [INFO]  [checkoutservice] request handled; status=200 latency_ms=42
2024-03-15T00:34:43Z [INFO]  [currencyservice] request handled; status=200 latency_ms=43
2024-03-15T00:34:44Z [INFO]  [emailservice] request handled; status=200 latency_ms=44
2024-03-15T00:34:45Z [INFO]  [frontend] request handled; status=200 latency_ms=45
2024-03-15T00:34:46Z [INFO]  [loadgenerator] request handled; status=200 latency_ms=46
2024-03-15T00:34:47Z [INFO]  [paymentservice] request handled; status=200 latency_ms=47
2024-03-15T00:34:48Z [INFO]  [productcatalogservice] request handled; status=200 latency_ms=48
2024-03-15T00:34:49Z [INFO]  [recommendationservice] request handled; status=200 latency_ms=49
2024-03-15T00:34:49Z [WARN]  [frontend] upstream call degraded via paymentservice latency_ms=389
2024-03-15T00:34:50Z [INFO]  [redis-cart] request handled; status=200 latency_ms=50
2024-03-15T00:34:51Z [INFO]  [shippingservice] request handled; status=200 latency_ms=51
2024-03-15T00:34:52Z [INFO]  [adservice] request handled; status=200 latency_ms=52
2024-03-15T00:34:53Z [INFO]  [cartservice] request handled; status=200 latency_ms=53
2024-03-15T00:34:54Z [INFO]  [checkoutservice] request handled; status=200 latency_ms=54
2024-03-15T00:34:55Z [INFO]  [currencyservice] request handled; status=200 latency_ms=55
2024-03-15T00:34:56Z [INFO]  [emailservice] request handled; status=200 latency_ms=56
2024-03-15T00:34:57Z [INFO]  [frontend] request handled; status=200 latency_ms=57
2024-03-15T00:34:58Z [INFO]  [loadgenerator] request handled; status=200 latency_ms=58
2024-03-15T00:34:59Z [INFO]  [paymentservice] request handled; status=200 latency_ms=59
2024-03-15T00:35:00Z [INFO]  [productcatalogservice] request handled; status=200 latency_ms=10
2024-03-15T00:35:01Z [INFO]  [recommendationservice] request handled; status=200 latency_ms=11
2024-03-15T00:35:02Z [INFO]  [redis-cart] request handled; status=200 latency_ms=12
2024-03-15T00:35:03Z [INFO]  [shippingservice] request handled; status=200 latency_ms=13
2024-03-15T00:35:04Z [INFO]  [adservice] request handled; status=200 latency_ms=14
2024-03-15T00:35:05Z [INFO]  [cartservice] request handled; status=200 latency_ms=15
2024-03-15T00:35:06Z [INFO]  [checkoutservice] request handled; status=200 latency_ms=16
2024-03-15T00:35:06Z [WARN]  [frontend] upstream call degraded via paymentservice latency_ms=406
2024-03-15T00:35:07Z [INFO]  [currencyservice] request handled; status=200 latency_ms=17
2024-03-15T00:35:08Z [INFO]  [emailservice] request handled; status=200 latency_ms=18
2024-03-15T00:35:09Z [INFO]  [frontend] request handled; status=200 latency_ms=19
2024-03-15T00:35:10Z [INFO]  [loadgenerator] request handled; status=200 latency_ms=20
2024-03-15T00:35:11Z [INFO]  [paymentservice] request handled; status=200 latency_ms=21
2024-03-15T00:35:12Z [INFO]  [productcatalogservice] request handled; status=200 latency_ms=22
2024-03-15T00:35:13Z [INFO]  [recommendationservice] request handled; status=200 latency_ms=23
2024-03-15T00:35:14Z [INFO]  [redis-cart] request handled; status=200 latency_ms=24
2024-03-15T00:35:15Z [INFO]  [shippingservice] request handled; status=200 latency_ms=25
2024-03-15T00:35:16Z [INFO]  [adservice] request handled; status=200 latency_ms=26
2024-03-15T00:35:17Z [INFO]  [cartservice] request handled; status=200 latency_ms=27
2024-03-15T00:35:18Z [INFO]  [checkoutservice] request handled; status=200 latency_ms=28
2024-03-15T00:35:19Z [INFO]  [currencyservice] request handled; status=200 latency_ms=29
2024-03-15T00:35:20Z [INFO]  [emailservice] request handled; status=200 latency_ms=30
2024-03-15T00:35:21Z [INFO]  [frontend] request handled; status=200 latency_ms=31
2024-03-15T00:35:22Z [INFO]  [loadgenerator] request handled; status=200 latency_ms=32
2024-03-15T00:35:23Z [INFO]  [paymentservice] request handled; status=200 latency_ms=33
2024-03-15T00:35:23Z [WARN]  [frontend] upstream call degraded via paymentservice latency_ms=423
2024-03-15T00:35:24Z [INFO]  [productcatalogservice] request handled; status=200 latency_ms=34
2024-03-15T00:35:25Z [INFO]  [recommendationservice] request handled; status=200 latency_ms=35
2024-03-15T00:35:26Z [INFO]  [redis-cart] request handled; status=200 latency_ms=36
2024-03-15T00:35:27Z [INFO]  [shippingservice] request handled; status=200 latency_ms=37
2024-03-15T00:35:28Z [INFO]  [adservice] request handled; status=200 latency_ms=38
2024-03-15T00:35:29Z [INFO]  [cartservice] request handled; status=200 latency_ms=39
2024-03-15T00:35:30Z [INFO]  [checkoutservice] request handled; status=200 latency_ms=40
2024-03-15T00:35:31Z [INFO]  [currencyservice] request handled; status=200 latency_ms=41
2024-03-15T00:35:32Z [INFO]  [emailservice] request handled; status=200 latency_ms=42
2024-03-15T00:35:33Z [INFO]  [frontend] request handled; status=200 latency_ms=43
2024-03-15T00:35:34Z [INFO]  [loadgenerator] request handled; status=200 latency_ms=44
2024-03-15T00:35:34Z [ERROR] [paymentservice] OOMKilled: container killed by out-of-memory
2024-03-15T00:35:34Z [WARNING] [paymentservice] pod restarted, reason=OOMKilled
2024-03-15T00:35:34Z [ERROR] [frontend] /payment page: HTTP 500 returned
2024-03-15T00:35:34Z [ERROR] [frontend] Error at payment page: paymentservice unavailable
2024-03-15T00:35:35Z [INFO]  [paymentservice] request handled; status=200 latency_ms=45
2024-03-15T00:35:36Z [INFO]  [productcatalogservice] request handled; status=200 latency_ms=46
2024-03-15T00:35:37Z [INFO]  [recommendationservice] request handled; status=200 latency_ms=47
2024-03-15T00:35:38Z [INFO]  [redis-cart] request handled; status=200 latency_ms=48
2024-03-15T00:35:39Z [INFO]  [shippingservice] request handled; status=200 latency_ms=49
2024-03-15T00:35:40Z [INFO]  [adservice] request handled; status=200 latency_ms=50
2024-03-15T00:35:40Z [WARN]  [frontend] upstream call degraded via paymentservice latency_ms=440
2024-03-15T00:35:41Z [INFO]  [cartservice] request handled; status=200 latency_ms=51
2024-03-15T00:35:42Z [INFO]  [checkoutservice] request handled; status=200 latency_ms=52
2024-03-15T00:35:43Z [INFO]  [currencyservice] request handled; status=200 latency_ms=53
2024-03-15T00:35:44Z [INFO]  [emailservice] request handled; status=200 latency_ms=54
2024-03-15T00:35:45Z [INFO]  [frontend] request handled; status=200 latency_ms=55
2024-03-15T00:35:46Z [INFO]  [loadgenerator] request handled; status=200 latency_ms=56
2024-03-15T00:35:47Z [INFO]  [paymentservice] request handled; status=200 latency_ms=57
2024-03-15T00:35:48Z [INFO]  [productcatalogservice] request handled; status=200 latency_ms=58
2024-03-15T00:35:49Z [INFO]  [recommendationservice] request handled; status=200 latency_ms=59
2024-03-15T00:35:50Z [INFO]  [redis-cart] request handled; status=200 latency_ms=10
2024-03-15T00:35:51Z [INFO]  [shippingservice] request handled; status=200 latency_ms=11
2024-03-15T00:35:52Z [INFO]  [adservice] request handled; status=200 latency_ms=12
2024-03-15T00:35:53Z [INFO]  [cartservice] request handled; status=200 latency_ms=13
2024-03-15T00:35:54Z [INFO]  [checkoutservice] request handled; status=200 latency_ms=14
2024-03-15T00:35:55Z [INFO]  [currencyservice] request handled; status=200 latency_ms=15
2024-03-15T00:35:56Z [INFO]  [emailservice] request handled; status=200 latency_ms=16
2024-03-15T00:35:57Z [INFO]  [frontend] request handled; status=200 latency_ms=17
2024-03-15T00:35:57Z [WARN]  [frontend] upstream call degraded via paymentservice latency_ms=457
2024-03-15T00:35:58Z [INFO]  [loadgenerator] request handled; status=200 latency_ms=18
2024-03-15T00:35:59Z [INFO]  [paymentservice] request handled; status=200 latency_ms=19
2024-03-15T00:36:00Z [INFO]  [productcatalogservice] request handled; status=200 latency_ms=20
2024-03-15T00:36:01Z [INFO]  [recommendationservice] request handled; status=200 latency_ms=21
2024-03-15T00:36:02Z [INFO]  [redis-cart] request handled; status=200 latency_ms=22
2024-03-15T00:36:03Z [INFO]  [shippingservice] request handled; status=200 latency_ms=23
2024-03-15T00:36:04Z [INFO]  [adservice] request handled; status=200 latency_ms=24
2024-03-15T00:36:05Z [INFO]  [cartservice] request handled; status=200 latency_ms=25
2024-03-15T00:36:06Z [INFO]  [checkoutservice] request handled; status=200 latency_ms=26
2024-03-15T00:36:07Z [INFO]  [currencyservice] request handled; status=200 latency_ms=27
2024-03-15T00:36:08Z [INFO]  [emailservice] request handled; status=200 latency_ms=28
2024-03-15T00:36:09Z [INFO]  [frontend] request handled; status=200 latency_ms=29
2024-03-15T00:36:10Z [INFO]  [loadgenerator] request handled; status=200 latency_ms=30
2024-03-15T00:36:11Z [INFO]  [paymentservice] request handled; status=200 latency_ms=31
2024-03-15T00:36:12Z [INFO]  [productcatalogservice] request handled; status=200 latency_ms=32
2024-03-15T00:36:13Z [INFO]  [recommendationservice] request handled; status=200 latency_ms=33
2024-03-15T00:36:14Z [INFO]  [redis-cart] request handled; status=200 latency_ms=34
2024-03-15T00:36:14Z [WARN]  [frontend] upstream call degraded via paymentservice latency_ms=474
2024-03-15T00:36:15Z [INFO]  [shippingservice] request handled; status=200 latency_ms=35
2024-03-15T00:36:16Z [INFO]  [adservice] request handled; status=200 latency_ms=36
2024-03-15T00:36:17Z [INFO]  [cartservice] request handled; status=200 latency_ms=37
2024-03-15T00:36:18Z [INFO]  [checkoutservice] request handled; status=200 latency_ms=38
2024-03-15T00:36:19Z [INFO]  [currencyservice] request handled; status=200 latency_ms=39
2024-03-15T00:36:20Z [INFO]  [emailservice] request handled; status=200 latency_ms=40
2024-03-15T00:36:21Z [INFO]  [frontend] request handled; status=200 latency_ms=41
2024-03-15T00:36:22Z [INFO]  [loadgenerator] request handled; status=200 latency_ms=42
2024-03-15T00:36:23Z [INFO]  [paymentservice] request handled; status=200 latency_ms=43
2024-03-15T00:36:24Z [INFO]  [productcatalogservice] request handled; status=200 latency_ms=44
2024-03-15T00:36:25Z [INFO]  [recommendationservice] request handled; status=200 latency_ms=45
2024-03-15T00:36:26Z [INFO]  [redis-cart] request handled; status=200 latency_ms=46
2024-03-15T00:36:27Z [INFO]  [shippingservice] request handled; status=200 latency_ms=47
2024-03-15T00:36:28Z [INFO]  [adservice] request handled; status=200 latency_ms=48
2024-03-15T00:36:29Z [INFO]  [cartservice] request handled; status=200 latency_ms=49
2024-03-15T00:36:30Z [INFO]  [checkoutservice] request handled; status=200 latency_ms=50
2024-03-15T00:36:31Z [INFO]  [currencyservice] request handled; status=200 latency_ms=51
2024-03-15T00:36:31Z [WARN]  [frontend] upstream call degraded via paymentservice latency_ms=491
2024-03-15T00:36:32Z [INFO]  [emailservice] request handled; status=200 latency_ms=52
2024-03-15T00:36:33Z [INFO]  [frontend] request handled; status=200 latency_ms=53
2024-03-15T00:36:34Z [INFO]  [loadgenerator] request handled; status=200 latency_ms=54
2024-03-15T00:36:35Z [INFO]  [paymentservice] request handled; status=200 latency_ms=55
2024-03-15T00:36:36Z [INFO]  [productcatalogservice] request handled; status=200 latency_ms=56
2024-03-15T00:36:37Z [INFO]  [recommendationservice] request handled; status=200 latency_ms=57
2024-03-15T00:36:38Z [INFO]  [redis-cart] request handled; status=200 latency_ms=58
2024-03-15T00:36:39Z [INFO]  [shippingservice] request handled; status=200 latency_ms=59
2024-03-15T00:36:40Z [INFO]  [adservice] request handled; status=200 latency_ms=10
2024-03-15T00:36:41Z [INFO]  [cartservice] request handled; status=200 latency_ms=11
2024-03-15T00:36:41Z [ERROR] [emailservice] init error: template directory missing '/app/templates'
2024-03-15T00:36:41Z [ERROR] [emailservice] CrashLoopBackOff (exit code 1)
2024-03-15T00:36:42Z [INFO]  [checkoutservice] request handled; status=200 latency_ms=12
2024-03-15T00:36:43Z [INFO]  [currencyservice] request handled; status=200 latency_ms=13
2024-03-15T00:36:44Z [INFO]  [emailservice] request handled; status=200 latency_ms=14
2024-03-15T00:36:45Z [INFO]  [frontend] request handled; status=200 latency_ms=15
2024-03-15T00:36:46Z [INFO]  [loadgenerator] request handled; status=200 latency_ms=16
2024-03-15T00:36:47Z [INFO]  [paymentservice] request handled; status=200 latency_ms=17
2024-03-15T00:36:48Z [INFO]  [productcatalogservice] request handled; status=200 latency_ms=18
2024-03-15T00:36:48Z [WARN]  [frontend] upstream call degraded via paymentservice latency_ms=208
2024-03-15T00:36:49Z [INFO]  [recommendationservice] request handled; status=200 latency_ms=19
2024-03-15T00:36:50Z [INFO]  [redis-cart] request handled; status=200 latency_ms=20
2024-03-15T00:36:51Z [INFO]  [shippingservice] request handled; status=200 latency_ms=21
2024-03-15T00:36:52Z [INFO]  [adservice] request handled; status=200 latency_ms=22
2024-03-15T00:36:53Z [INFO]  [cartservice] request handled; status=200 latency_ms=23
2024-03-15T00:36:54Z [INFO]  [checkoutservice] request handled; status=200 latency_ms=24
2024-03-15T00:36:55Z [INFO]  [currencyservice] request handled; status=200 latency_ms=25
2024-03-15T00:36:56Z [INFO]  [emailservice] request handled; status=200 latency_ms=26
2024-03-15T00:36:57Z [INFO]  [frontend] request handled; status=200 latency_ms=27
2024-03-15T00:36:58Z [INFO]  [loadgenerator] request handled; status=200 latency_ms=28
2024-03-15T00:36:59Z [INFO]  [paymentservice] request handled; status=200 latency_ms=29
2024-03-15T00:37:00Z [INFO]  [productcatalogservice] request handled; status=200 latency_ms=30
2024-03-15T00:37:01Z [INFO]  [recommendationservice] request handled; status=200 latency_ms=31
2024-03-15T00:37:02Z [INFO]  [redis-cart] request handled; status=200 latency_ms=32
2024-03-15T00:37:03Z [INFO]  [shippingservice] request handled; status=200 latency_ms=33
2024-03-15T00:37:04Z [INFO]  [adservice] request handled; status=200 latency_ms=34
2024-03-15T00:37:05Z [INFO]  [cartservice] request handled; status=200 latency_ms=35
2024-03-15T00:37:05Z [WARN]  [frontend] upstream call degraded via paymentservice latency_ms=225
2024-03-15T00:37:06Z [INFO]  [checkoutservice] request handled; status=200 latency_ms=36
2024-03-15T00:37:07Z [INFO]  [currencyservice] request handled; status=200 latency_ms=37
2024-03-15T00:37:08Z [INFO]  [emailservice] request handled; status=200 latency_ms=38
2024-03-15T00:37:09Z [INFO]  [frontend] request handled; status=200 latency_ms=39
2024-03-15T00:37:10Z [INFO]  [loadgenerator] request handled; status=200 latency_ms=40
2024-03-15T00:37:11Z [INFO]  [paymentservice] request handled; status=200 latency_ms=41
2024-03-15T00:37:12Z [INFO]  [productcatalogservice] request handled; status=200 latency_ms=42
2024-03-15T00:37:13Z [INFO]  [recommendationservice] request handled; status=200 latency_ms=43
2024-03-15T00:37:14Z [INFO]  [redis-cart] request handled; status=200 latency_ms=44
2024-03-15T00:37:15Z [INFO]  [shippingservice] request handled; status=200 latency_ms=45
2024-03-15T00:37:16Z [INFO]  [adservice] request handled; status=200 latency_ms=46
2024-03-15T00:37:17Z [INFO]  [cartservice] request handled; status=200 latency_ms=47
2024-03-15T00:37:18Z [INFO]  [checkoutservice] request handled; status=200 latency_ms=48
2024-03-15T00:37:19Z [INFO]  [currencyservice] request handled; status=200 latency_ms=49
2024-03-15T00:37:20Z [INFO]  [emailservice] request handled; status=200 latency_ms=50
2024-03-15T00:37:21Z [INFO]  [frontend] request handled; status=200 latency_ms=51
2024-03-15T00:37:22Z [INFO]  [loadgenerator] request handled; status=200 latency_ms=52
2024-03-15T00:37:22Z [WARN]  [frontend] upstream call degraded via paymentservice latency_ms=242
2024-03-15T00:37:23Z [INFO]  [paymentservice] request handled; status=200 latency_ms=53
2024-03-15T00:37:24Z [INFO]  [productcatalogservice] request handled; status=200 latency_ms=54
2024-03-15T00:37:25Z [INFO]  [recommendationservice] request handled; status=200 latency_ms=55
2024-03-15T00:37:26Z [INFO]  [redis-cart] request handled; status=200 latency_ms=56
2024-03-15T00:37:27Z [INFO]  [shippingservice] request handled; status=200 latency_ms=57
2024-03-15T00:37:27Z [ERROR] [paymentservice] OOMKilled: container killed by out-of-memory
2024-03-15T00:37:27Z [WARNING] [paymentservice] pod restarted, reason=OOMKilled
2024-03-15T00:37:27Z [ERROR] [frontend] /payment page: HTTP 500 returned
2024-03-15T00:37:27Z [ERROR] [frontend] Error at payment page: paymentservice unavailable
2024-03-15T00:37:28Z [INFO]  [adservice] request handled; status=200 latency_ms=58
2024-03-15T00:37:29Z [INFO]  [cartservice] request handled; status=200 latency_ms=59
2024-03-15T00:37:30Z [INFO]  [checkoutservice] request handled; status=200 latency_ms=10
2024-03-15T00:37:31Z [INFO]  [currencyservice] request handled; status=200 latency_ms=11
2024-03-15T00:37:32Z [INFO]  [emailservice] request handled; status=200 latency_ms=12
2024-03-15T00:37:33Z [INFO]  [frontend] request handled; status=200 latency_ms=13
2024-03-15T00:37:34Z [INFO]  [loadgenerator] request handled; status=200 latency_ms=14
2024-03-15T00:37:35Z [INFO]  [paymentservice] request handled; status=200 latency_ms=15
2024-03-15T00:37:36Z [INFO]  [productcatalogservice] request handled; status=200 latency_ms=16
2024-03-15T00:37:37Z [INFO]  [recommendationservice] request handled; status=200 latency_ms=17
2024-03-15T00:37:38Z [INFO]  [redis-cart] request handled; status=200 latency_ms=18
2024-03-15T00:37:39Z [INFO]  [shippingservice] request handled; status=200 latency_ms=19
2024-03-15T00:37:39Z [WARN]  [frontend] upstream call degraded via paymentservice latency_ms=259
2024-03-15T00:37:40Z [INFO]  [adservice] request handled; status=200 latency_ms=20
2024-03-15T00:37:41Z [INFO]  [cartservice] request handled; status=200 latency_ms=21
2024-03-15T00:37:42Z [INFO]  [checkoutservice] request handled; status=200 latency_ms=22
2024-03-15T00:37:43Z [INFO]  [currencyservice] request handled; status=200 latency_ms=23
2024-03-15T00:37:44Z [INFO]  [emailservice] request handled; status=200 latency_ms=24
2024-03-15T00:37:45Z [INFO]  [frontend] request handled; status=200 latency_ms=25
2024-03-15T00:37:46Z [INFO]  [loadgenerator] request handled; status=200 latency_ms=26
2024-03-15T00:37:47Z [INFO]  [paymentservice] request handled; status=200 latency_ms=27
2024-03-15T00:37:48Z [INFO]  [productcatalogservice] request handled; status=200 latency_ms=28
2024-03-15T00:37:49Z [INFO]  [recommendationservice] request handled; status=200 latency_ms=29
2024-03-15T00:37:50Z [INFO]  [redis-cart] request handled; status=200 latency_ms=30
2024-03-15T00:37:51Z [INFO]  [shippingservice] request handled; status=200 latency_ms=31
2024-03-15T00:37:52Z [INFO]  [adservice] request handled; status=200 latency_ms=32
2024-03-15T00:37:53Z [INFO]  [cartservice] request handled; status=200 latency_ms=33
2024-03-15T00:37:54Z [INFO]  [checkoutservice] request handled; status=200 latency_ms=34
2024-03-15T00:37:55Z [INFO]  [currencyservice] request handled; status=200 latency_ms=35
2024-03-15T00:37:56Z [INFO]  [emailservice] request handled; status=200 latency_ms=36
2024-03-15T00:37:56Z [WARN]  [frontend] upstream call degraded via paymentservice latency_ms=276
2024-03-15T00:37:57Z [INFO]  [frontend] request handled; status=200 latency_ms=37
2024-03-15T00:37:58Z [INFO]  [loadgenerator] request handled; status=200 latency_ms=38
2024-03-15T00:37:59Z [INFO]  [paymentservice] request handled; status=200 latency_ms=39
2024-03-15T00:38:00Z [INFO]  [productcatalogservice] request handled; status=200 latency_ms=40
2024-03-15T00:38:01Z [INFO]  [recommendationservice] request handled; status=200 latency_ms=41
2024-03-15T00:38:02Z [INFO]  [redis-cart] request handled; status=200 latency_ms=42
2024-03-15T00:38:03Z [INFO]  [shippingservice] request handled; status=200 latency_ms=43
2024-03-15T00:38:04Z [INFO]  [adservice] request handled; status=200 latency_ms=44
2024-03-15T00:38:05Z [INFO]  [cartservice] request handled; status=200 latency_ms=45
2024-03-15T00:38:06Z [INFO]  [checkoutservice] request handled; status=200 latency_ms=46
2024-03-15T00:38:07Z [INFO]  [currencyservice] request handled; status=200 latency_ms=47
2024-03-15T00:38:08Z [INFO]  [emailservice] request handled; status=200 latency_ms=48
2024-03-15T00:38:09Z [INFO]  [frontend] request handled; status=200 latency_ms=49
2024-03-15T00:38:10Z [INFO]  [loadgenerator] request handled; status=200 latency_ms=50
2024-03-15T00:38:11Z [INFO]  [paymentservice] request handled; status=200 latency_ms=51
2024-03-15T00:38:12Z [INFO]  [productcatalogservice] request handled; status=200 latency_ms=52
2024-03-15T00:38:13Z [INFO]  [recommendationservice] request handled; status=200 latency_ms=53
2024-03-15T00:38:13Z [WARN]  [frontend] upstream call degraded via paymentservice latency_ms=293
2024-03-15T00:38:14Z [INFO]  [redis-cart] request handled; status=200 latency_ms=54
2024-03-15T00:38:15Z [INFO]  [shippingservice] request handled; status=200 latency_ms=55
2024-03-15T00:38:16Z [INFO]  [adservice] request handled; status=200 latency_ms=56
2024-03-15T00:38:17Z [INFO]  [cartservice] request handled; status=200 latency_ms=57
2024-03-15T00:38:18Z [INFO]  [checkoutservice] request handled; status=200 latency_ms=58
2024-03-15T00:38:19Z [INFO]  [currencyservice] request handled; status=200 latency_ms=59
2024-03-15T00:38:20Z [INFO]  [emailservice] request handled; status=200 latency_ms=10
2024-03-15T00:38:21Z [INFO]  [frontend] request handled; status=200 latency_ms=11
2024-03-15T00:38:22Z [INFO]  [loadgenerator] request handled; status=200 latency_ms=12
2024-03-15T00:38:23Z [INFO]  [paymentservice] request handled; status=200 latency_ms=13
2024-03-15T00:38:24Z [INFO]  [productcatalogservice] request handled; status=200 latency_ms=14
2024-03-15T00:38:25Z [INFO]  [recommendationservice] request handled; status=200 latency_ms=15
2024-03-15T00:38:26Z [INFO]  [redis-cart] request handled; status=200 latency_ms=16
2024-03-15T00:38:27Z [INFO]  [shippingservice] request handled; status=200 latency_ms=17
2024-03-15T00:38:28Z [INFO]  [adservice] request handled; status=200 latency_ms=18
2024-03-15T00:38:29Z [INFO]  [cartservice] request handled; status=200 latency_ms=19
2024-03-15T00:38:30Z [INFO]  [checkoutservice] request handled; status=200 latency_ms=20
2024-03-15T00:38:30Z [WARN]  [frontend] upstream call degraded via paymentservice latency_ms=310
2024-03-15T00:38:31Z [INFO]  [currencyservice] request handled; status=200 latency_ms=21
2024-03-15T00:38:32Z [INFO]  [emailservice] request handled; status=200 latency_ms=22
2024-03-15T00:38:33Z [INFO]  [frontend] request handled; status=200 latency_ms=23
2024-03-15T00:38:34Z [INFO]  [loadgenerator] request handled; status=200 latency_ms=24
2024-03-15T00:38:35Z [INFO]  [paymentservice] request handled; status=200 latency_ms=25
2024-03-15T00:38:36Z [INFO]  [productcatalogservice] request handled; status=200 latency_ms=26
2024-03-15T00:38:37Z [INFO]  [recommendationservice] request handled; status=200 latency_ms=27
2024-03-15T00:38:38Z [INFO]  [redis-cart] request handled; status=200 latency_ms=28
2024-03-15T00:38:39Z [INFO]  [shippingservice] request handled; status=200 latency_ms=29
2024-03-15T00:38:40Z [INFO]  [adservice] request handled; status=200 latency_ms=30
2024-03-15T00:38:41Z [INFO]  [cartservice] request handled; status=200 latency_ms=31
2024-03-15T00:38:42Z [INFO]  [checkoutservice] request handled; status=200 latency_ms=32
2024-03-15T00:38:43Z [INFO]  [currencyservice] request handled; status=200 latency_ms=33
2024-03-15T00:38:44Z [INFO]  [emailservice] request handled; status=200 latency_ms=34
2024-03-15T00:38:45Z [INFO]  [frontend] request handled; status=200 latency_ms=35
2024-03-15T00:38:46Z [INFO]  [loadgenerator] request handled; status=200 latency_ms=36
2024-03-15T00:38:47Z [INFO]  [paymentservice] request handled; status=200 latency_ms=37
2024-03-15T00:38:47Z [WARN]  [frontend] upstream call degraded via paymentservice latency_ms=327
2024-03-15T00:38:48Z [INFO]  [productcatalogservice] request handled; status=200 latency_ms=38
2024-03-15T00:38:49Z [INFO]  [recommendationservice] request handled; status=200 latency_ms=39
2024-03-15T00:38:50Z [INFO]  [redis-cart] request handled; status=200 latency_ms=40
2024-03-15T00:38:51Z [INFO]  [shippingservice] request handled; status=200 latency_ms=41
2024-03-15T00:38:52Z [INFO]  [adservice] request handled; status=200 latency_ms=42
2024-03-15T00:38:53Z [INFO]  [cartservice] request handled; status=200 latency_ms=43
2024-03-15T00:38:54Z [INFO]  [checkoutservice] request handled; status=200 latency_ms=44
2024-03-15T00:38:55Z [INFO]  [currencyservice] request handled; status=200 latency_ms=45
2024-03-15T00:38:56Z [INFO]  [emailservice] request handled; status=200 latency_ms=46
2024-03-15T00:38:57Z [INFO]  [frontend] request handled; status=200 latency_ms=47
2024-03-15T00:38:58Z [INFO]  [loadgenerator] request handled; status=200 latency_ms=48
2024-03-15T00:38:59Z [INFO]  [paymentservice] request handled; status=200 latency_ms=49
2024-03-15T00:39:00Z [INFO]  [productcatalogservice] request handled; status=200 latency_ms=50
2024-03-15T00:39:01Z [INFO]  [recommendationservice] request handled; status=200 latency_ms=51
2024-03-15T00:39:02Z [INFO]  [redis-cart] request handled; status=200 latency_ms=52
2024-03-15T00:39:03Z [INFO]  [shippingservice] request handled; status=200 latency_ms=53
2024-03-15T00:39:04Z [INFO]  [adservice] request handled; status=200 latency_ms=54
2024-03-15T00:39:04Z [WARN]  [frontend] upstream call degraded via paymentservice latency_ms=344
2024-03-15T00:39:05Z [INFO]  [cartservice] request handled; status=200 latency_ms=55
2024-03-15T00:39:06Z [INFO]  [checkoutservice] request handled; status=200 latency_ms=56
2024-03-15T00:39:07Z [INFO]  [currencyservice] request handled; status=200 latency_ms=57
2024-03-15T00:39:08Z [INFO]  [emailservice] request handled; status=200 latency_ms=58
2024-03-15T00:39:09Z [INFO]  [frontend] request handled; status=200 latency_ms=59
2024-03-15T00:39:10Z [INFO]  [loadgenerator] request handled; status=200 latency_ms=10
2024-03-15T00:39:11Z [INFO]  [paymentservice] request handled; status=200 latency_ms=11
2024-03-15T00:39:12Z [INFO]  [productcatalogservice] request handled; status=200 latency_ms=12
2024-03-15T00:39:13Z [INFO]  [recommendationservice] request handled; status=200 latency_ms=13
2024-03-15T00:39:14Z [INFO]  [redis-cart] request handled; status=200 latency_ms=14
2024-03-15T00:39:15Z [INFO]  [shippingservice] request handled; status=200 latency_ms=15
2024-03-15T00:39:16Z [INFO]  [adservice] request handled; status=200 latency_ms=16
2024-03-15T00:39:17Z [INFO]  [cartservice] request handled; status=200 latency_ms=17
2024-03-15T00:39:18Z [INFO]  [checkoutservice] request handled; status=200 latency_ms=18
2024-03-15T00:39:19Z [INFO]  [currencyservice] request handled; status=200 latency_ms=19
2024-03-15T00:39:20Z [INFO]  [emailservice] request handled; status=200 latency_ms=20
2024-03-15T00:39:20Z [ERROR] [paymentservice] OOMKilled: container killed by out-of-memory
2024-03-15T00:39:20Z [WARNING] [paymentservice] pod restarted, reason=OOMKilled
2024-03-15T00:39:20Z [ERROR] [frontend] /payment page: HTTP 500 returned
2024-03-15T00:39:20Z [ERROR] [frontend] Error at payment page: paymentservice unavailable
2024-03-15T00:39:21Z [INFO]  [frontend] request handled; status=200 latency_ms=21
2024-03-15T00:39:21Z [WARN]  [frontend] upstream call degraded via paymentservice latency_ms=361
2024-03-15T00:39:22Z [INFO]  [loadgenerator] request handled; status=200 latency_ms=22
2024-03-15T00:39:23Z [INFO]  [paymentservice] request handled; status=200 latency_ms=23
2024-03-15T00:39:24Z [INFO]  [productcatalogservice] request handled; status=200 latency_ms=24
2024-03-15T00:39:25Z [INFO]  [recommendationservice] request handled; status=200 latency_ms=25
2024-03-15T00:39:26Z [INFO]  [redis-cart] request handled; status=200 latency_ms=26
2024-03-15T00:39:27Z [INFO]  [shippingservice] request handled; status=200 latency_ms=27
2024-03-15T00:39:28Z [INFO]  [adservice] request handled; status=200 latency_ms=28
2024-03-15T00:39:29Z [INFO]  [cartservice] request handled; status=200 latency_ms=29
2024-03-15T00:39:30Z [INFO]  [checkoutservice] request handled; status=200 latency_ms=30
2024-03-15T00:39:31Z [INFO]  [currencyservice] request handled; status=200 latency_ms=31
2024-03-15T00:39:32Z [INFO]  [emailservice] request handled; status=200 latency_ms=32
2024-03-15T00:39:33Z [INFO]  [frontend] request handled; status=200 latency_ms=33
2024-03-15T00:39:34Z [INFO]  [loadgenerator] request handled; status=200 latency_ms=34
2024-03-15T00:39:35Z [INFO]  [paymentservice] request handled; status=200 latency_ms=35
2024-03-15T00:39:36Z [INFO]  [productcatalogservice] request handled; status=200 latency_ms=36
2024-03-15T00:39:37Z [INFO]  [recommendationservice] request handled; status=200 latency_ms=37
2024-03-15T00:39:38Z [INFO]  [redis-cart] request handled; status=200 latency_ms=38
2024-03-15T00:39:38Z [WARN]  [frontend] upstream call degraded via paymentservice latency_ms=378
2024-03-15T00:39:39Z [INFO]  [shippingservice] request handled; status=200 latency_ms=39
2024-03-15T00:39:40Z [INFO]  [adservice] request handled; status=200 latency_ms=40
2024-03-15T00:39:41Z [INFO]  [cartservice] request handled; status=200 latency_ms=41
2024-03-15T00:39:42Z [INFO]  [checkoutservice] request handled; status=200 latency_ms=42
2024-03-15T00:39:43Z [INFO]  [currencyservice] request handled; status=200 latency_ms=43
2024-03-15T00:39:44Z [INFO]  [emailservice] request handled; status=200 latency_ms=44
2024-03-15T00:39:45Z [INFO]  [frontend] request handled; status=200 latency_ms=45
2024-03-15T00:39:46Z [INFO]  [loadgenerator] request handled; status=200 latency_ms=46
2024-03-15T00:39:47Z [INFO]  [paymentservice] request handled; status=200 latency_ms=47
2024-03-15T00:39:48Z [INFO]  [productcatalogservice] request handled; status=200 latency_ms=48
2024-03-15T00:39:49Z [INFO]  [recommendationservice] request handled; status=200 latency_ms=49
2024-03-15T00:39:50Z [INFO]  [redis-cart] request handled; status=200 latency_ms=50
2024-03-15T00:39:51Z [INFO]  [shippingservice] request handled; status=200 latency_ms=51
2024-03-15T00:39:52Z [INFO]  [adservice] request handled; status=200 latency_ms=52
2024-03-15T00:39:52Z [ERROR] [emailservice] init error: template directory missing '/app/templates'
2024-03-15T00:39:52Z [ERROR] [emailservice] CrashLoopBackOff (exit code 1)
2024-03-15T00:39:53Z [INFO]  [cartservice] request handled; status=200 latency_ms=53
2024-03-15T00:39:54Z [INFO]  [checkoutservice] request handled; status=200 latency_ms=54
2024-03-15T00:39:55Z [INFO]  [currencyservice] request handled; status=200 latency_ms=55
2024-03-15T00:39:55Z [WARN]  [frontend] upstream call degraded via paymentservice latency_ms=395
2024-03-15T00:39:56Z [INFO]  [emailservice] request handled; status=200 latency_ms=56
2024-03-15T00:39:57Z [INFO]  [frontend] request handled; status=200 latency_ms=57
2024-03-15T00:39:58Z [INFO]  [loadgenerator] request handled; status=200 latency_ms=58
2024-03-15T00:39:59Z [INFO]  [paymentservice] request handled; status=200 latency_ms=59
2024-03-15T00:40:00Z [INFO]  [productcatalogservice] request handled; status=200 latency_ms=10
2024-03-15T00:40:01Z [INFO]  [recommendationservice] request handled; status=200 latency_ms=11
2024-03-15T00:40:02Z [INFO]  [redis-cart] request handled; status=200 latency_ms=12
2024-03-15T00:40:03Z [INFO]  [shippingservice] request handled; status=200 latency_ms=13
2024-03-15T00:40:04Z [INFO]  [adservice] request handled; status=200 latency_ms=14
2024-03-15T00:40:05Z [INFO]  [cartservice] request handled; status=200 latency_ms=15
2024-03-15T00:40:06Z [INFO]  [checkoutservice] request handled; status=200 latency_ms=16
2024-03-15T00:40:07Z [INFO]  [currencyservice] request handled; status=200 latency_ms=17
2024-03-15T00:40:08Z [INFO]  [emailservice] request handled; status=200 latency_ms=18
2024-03-15T00:40:09Z [INFO]  [frontend] request handled; status=200 latency_ms=19
2024-03-15T00:40:10Z [INFO]  [loadgenerator] request handled; status=200 latency_ms=20
2024-03-15T00:40:11Z [INFO]  [paymentservice] request handled; status=200 latency_ms=21
2024-03-15T00:40:12Z [INFO]  [productcatalogservice] request handled; status=200 latency_ms=22
2024-03-15T00:40:12Z [WARN]  [frontend] upstream call degraded via paymentservice latency_ms=412
2024-03-15T00:40:13Z [INFO]  [recommendationservice] request handled; status=200 latency_ms=23
2024-03-15T00:40:14Z [INFO]  [redis-cart] request handled; status=200 latency_ms=24
2024-03-15T00:40:15Z [INFO]  [shippingservice] request handled; status=200 latency_ms=25
2024-03-15T00:40:16Z [INFO]  [adservice] request handled; status=200 latency_ms=26
2024-03-15T00:40:17Z [INFO]  [cartservice] request handled; status=200 latency_ms=27
2024-03-15T00:40:18Z [INFO]  [checkoutservice] request handled; status=200 latency_ms=28
2024-03-15T00:40:19Z [INFO]  [currencyservice] request handled; status=200 latency_ms=29
2024-03-15T00:40:20Z [INFO]  [emailservice] request handled; status=200 latency_ms=30
2024-03-15T00:40:21Z [INFO]  [frontend] request handled; status=200 latency_ms=31
2024-03-15T00:40:22Z [INFO]  [loadgenerator] request handled; status=200 latency_ms=32
2024-03-15T00:40:23Z [INFO]  [paymentservice] request handled; status=200 latency_ms=33
2024-03-15T00:40:24Z [INFO]  [productcatalogservice] request handled; status=200 latency_ms=34
2024-03-15T00:40:25Z [INFO]  [recommendationservice] request handled; status=200 latency_ms=35
2024-03-15T00:40:26Z [INFO]  [redis-cart] request handled; status=200 latency_ms=36
2024-03-15T00:40:27Z [INFO]  [shippingservice] request handled; status=200 latency_ms=37
2024-03-15T00:40:28Z [INFO]  [adservice] request handled; status=200 latency_ms=38
2024-03-15T00:40:29Z [INFO]  [cartservice] request handled; status=200 latency_ms=39
2024-03-15T00:40:29Z [WARN]  [frontend] upstream call degraded via paymentservice latency_ms=429
2024-03-15T00:40:30Z [INFO]  [checkoutservice] request handled; status=200 latency_ms=40
2024-03-15T00:40:31Z [INFO]  [currencyservice] request handled; status=200 latency_ms=41
2024-03-15T00:40:32Z [INFO]  [emailservice] request handled; status=200 latency_ms=42
2024-03-15T00:40:33Z [INFO]  [frontend] request handled; status=200 latency_ms=43
2024-03-15T00:40:34Z [INFO]  [loadgenerator] request handled; status=200 latency_ms=44
2024-03-15T00:40:35Z [INFO]  [paymentservice] request handled; status=200 latency_ms=45
2024-03-15T00:40:36Z [INFO]  [productcatalogservice] request handled; status=200 latency_ms=46
2024-03-15T00:40:37Z [INFO]  [recommendationservice] request handled; status=200 latency_ms=47
2024-03-15T00:40:38Z [INFO]  [redis-cart] request handled; status=200 latency_ms=48
2024-03-15T00:40:39Z [INFO]  [shippingservice] request handled; status=200 latency_ms=49
2024-03-15T00:40:40Z [INFO]  [adservice] request handled; status=200 latency_ms=50
2024-03-15T00:40:41Z [INFO]  [cartservice] request handled; status=200 latency_ms=51
2024-03-15T00:40:42Z [INFO]  [checkoutservice] request handled; status=200 latency_ms=52
2024-03-15T00:40:43Z [INFO]  [currencyservice] request handled; status=200 latency_ms=53
2024-03-15T00:40:44Z [INFO]  [emailservice] request handled; status=200 latency_ms=54
2024-03-15T00:40:45Z [INFO]  [frontend] request handled; status=200 latency_ms=55
2024-03-15T00:40:46Z [INFO]  [loadgenerator] request handled; status=200 latency_ms=56
2024-03-15T00:40:46Z [WARN]  [frontend] upstream call degraded via paymentservice latency_ms=446
2024-03-15T00:40:47Z [INFO]  [paymentservice] request handled; status=200 latency_ms=57
2024-03-15T00:40:48Z [INFO]  [productcatalogservice] request handled; status=200 latency_ms=58
2024-03-15T00:40:49Z [INFO]  [recommendationservice] request handled; status=200 latency_ms=59
2024-03-15T00:40:50Z [INFO]  [redis-cart] request handled; status=200 latency_ms=10
2024-03-15T00:40:51Z [INFO]  [shippingservice] request handled; status=200 latency_ms=11
2024-03-15T00:40:52Z [INFO]  [adservice] request handled; status=200 latency_ms=12
2024-03-15T00:40:53Z [INFO]  [cartservice] request handled; status=200 latency_ms=13
2024-03-15T00:40:54Z [INFO]  [checkoutservice] request handled; status=200 latency_ms=14
2024-03-15T00:40:55Z [INFO]  [currencyservice] request handled; status=200 latency_ms=15
2024-03-15T00:40:56Z [INFO]  [emailservice] request handled; status=200 latency_ms=16
2024-03-15T00:40:57Z [INFO]  [frontend] request handled; status=200 latency_ms=17
2024-03-15T00:40:58Z [INFO]  [loadgenerator] request handled; status=200 latency_ms=18
2024-03-15T00:40:59Z [INFO]  [paymentservice] request handled; status=200 latency_ms=19
2024-03-15T00:41:00Z [INFO]  [productcatalogservice] request handled; status=200 latency_ms=20
2024-03-15T00:41:01Z [INFO]  [recommendationservice] request handled; status=200 latency_ms=21
2024-03-15T00:41:02Z [INFO]  [redis-cart] request handled; status=200 latency_ms=22
2024-03-15T00:41:03Z [INFO]  [shippingservice] request handled; status=200 latency_ms=23
2024-03-15T00:41:03Z [WARN]  [frontend] upstream call degraded via paymentservice latency_ms=463
2024-03-15T00:41:04Z [INFO]  [adservice] request handled; status=200 latency_ms=24
2024-03-15T00:41:05Z [INFO]  [cartservice] request handled; status=200 latency_ms=25
2024-03-15T00:41:06Z [INFO]  [checkoutservice] request handled; status=200 latency_ms=26
2024-03-15T00:41:07Z [INFO]  [currencyservice] request handled; status=200 latency_ms=27
2024-03-15T00:41:08Z [INFO]  [emailservice] request handled; status=200 latency_ms=28
2024-03-15T00:41:09Z [INFO]  [frontend] request handled; status=200 latency_ms=29
2024-03-15T00:41:10Z [INFO]  [loadgenerator] request handled; status=200 latency_ms=30
2024-03-15T00:41:11Z [INFO]  [paymentservice] request handled; status=200 latency_ms=31
2024-03-15T00:41:12Z [INFO]  [productcatalogservice] request handled; status=200 latency_ms=32
2024-03-15T00:41:13Z [INFO]  [recommendationservice] request handled; status=200 latency_ms=33
2024-03-15T00:41:13Z [ERROR] [paymentservice] OOMKilled: container killed by out-of-memory
2024-03-15T00:41:13Z [WARNING] [paymentservice] pod restarted, reason=OOMKilled
2024-03-15T00:41:13Z [ERROR] [frontend] /payment page: HTTP 500 returned
2024-03-15T00:41:13Z [ERROR] [frontend] Error at payment page: paymentservice unavailable
2024-03-15T00:41:14Z [INFO]  [redis-cart] request handled; status=200 latency_ms=34
2024-03-15T00:41:15Z [INFO]  [shippingservice] request handled; status=200 latency_ms=35
2024-03-15T00:41:16Z [INFO]  [adservice] request handled; status=200 latency_ms=36
2024-03-15T00:41:17Z [INFO]  [cartservice] request handled; status=200 latency_ms=37
2024-03-15T00:41:18Z [INFO]  [checkoutservice] request handled; status=200 latency_ms=38
2024-03-15T00:41:19Z [INFO]  [currencyservice] request handled; status=200 latency_ms=39
2024-03-15T00:41:20Z [INFO]  [emailservice] request handled; status=200 latency_ms=40
2024-03-15T00:41:20Z [WARN]  [frontend] upstream call degraded via paymentservice latency_ms=480
2024-03-15T00:41:21Z [INFO]  [frontend] request handled; status=200 latency_ms=41
2024-03-15T00:41:22Z [INFO]  [loadgenerator] request handled; status=200 latency_ms=42
2024-03-15T00:41:23Z [INFO]  [paymentservice] request handled; status=200 latency_ms=43
2024-03-15T00:41:24Z [INFO]  [productcatalogservice] request handled; status=200 latency_ms=44
2024-03-15T00:41:25Z [INFO]  [recommendationservice] request handled; status=200 latency_ms=45
2024-03-15T00:41:26Z [INFO]  [redis-cart] request handled; status=200 latency_ms=46
2024-03-15T00:41:27Z [INFO]  [shippingservice] request handled; status=200 latency_ms=47
2024-03-15T00:41:28Z [INFO]  [adservice] request handled; status=200 latency_ms=48
2024-03-15T00:41:29Z [INFO]  [cartservice] request handled; status=200 latency_ms=49
2024-03-15T00:41:30Z [INFO]  [checkoutservice] request handled; status=200 latency_ms=50
2024-03-15T00:41:31Z [INFO]  [currencyservice] request handled; status=200 latency_ms=51
2024-03-15T00:41:32Z [INFO]  [emailservice] request handled; status=200 latency_ms=52
2024-03-15T00:41:33Z [INFO]  [frontend] request handled; status=200 latency_ms=53
2024-03-15T00:41:34Z [INFO]  [loadgenerator] request handled; status=200 latency_ms=54
2024-03-15T00:41:35Z [INFO]  [paymentservice] request handled; status=200 latency_ms=55
2024-03-15T00:41:36Z [INFO]  [productcatalogservice] request handled; status=200 latency_ms=56
2024-03-15T00:41:37Z [INFO]  [recommendationservice] request handled; status=200 latency_ms=57
2024-03-15T00:41:37Z [WARN]  [frontend] upstream call degraded via paymentservice latency_ms=497
2024-03-15T00:41:38Z [INFO]  [redis-cart] request handled; status=200 latency_ms=58
2024-03-15T00:41:39Z [INFO]  [shippingservice] request handled; status=200 latency_ms=59
2024-03-15T00:41:40Z [INFO]  [adservice] request handled; status=200 latency_ms=10
2024-03-15T00:41:41Z [INFO]  [cartservice] request handled; status=200 latency_ms=11
2024-03-15T00:41:42Z [INFO]  [checkoutservice] request handled; status=200 latency_ms=12
2024-03-15T00:41:43Z [INFO]  [currencyservice] request handled; status=200 latency_ms=13
2024-03-15T00:41:44Z [INFO]  [emailservice] request handled; status=200 latency_ms=14
2024-03-15T00:41:45Z [INFO]  [frontend] request handled; status=200 latency_ms=15
2024-03-15T00:41:46Z [INFO]  [loadgenerator] request handled; status=200 latency_ms=16
2024-03-15T00:41:47Z [INFO]  [paymentservice] request handled; status=200 latency_ms=17
2024-03-15T00:41:48Z [INFO]  [productcatalogservice] request handled; status=200 latency_ms=18
2024-03-15T00:41:49Z [INFO]  [recommendationservice] request handled; status=200 latency_ms=19
2024-03-15T00:41:50Z [INFO]  [redis-cart] request handled; status=200 latency_ms=20
2024-03-15T00:41:51Z [INFO]  [shippingservice] request handled; status=200 latency_ms=21
2024-03-15T00:41:52Z [INFO]  [adservice] request handled; status=200 latency_ms=22
2024-03-15T00:41:53Z [INFO]  [cartservice] request handled; status=200 latency_ms=23
2024-03-15T00:41:54Z [INFO]  [checkoutservice] request handled; status=200 latency_ms=24
2024-03-15T00:41:54Z [WARN]  [frontend] upstream call degraded via paymentservice latency_ms=214
2024-03-15T00:41:55Z [INFO]  [currencyservice] request handled; status=200 latency_ms=25
2024-03-15T00:41:56Z [INFO]  [emailservice] request handled; status=200 latency_ms=26
2024-03-15T00:41:57Z [INFO]  [frontend] request handled; status=200 latency_ms=27
2024-03-15T00:41:58Z [INFO]  [loadgenerator] request handled; status=200 latency_ms=28
2024-03-15T00:41:59Z [INFO]  [paymentservice] request handled; status=200 latency_ms=29
2024-03-15T00:42:00Z [INFO]  [productcatalogservice] request handled; status=200 latency_ms=30
2024-03-15T00:42:01Z [INFO]  [recommendationservice] request handled; status=200 latency_ms=31
2024-03-15T00:42:02Z [INFO]  [redis-cart] request handled; status=200 latency_ms=32
2024-03-15T00:42:03Z [INFO]  [shippingservice] request handled; status=200 latency_ms=33
2024-03-15T00:42:04Z [INFO]  [adservice] request handled; status=200 latency_ms=34
2024-03-15T00:42:05Z [INFO]  [cartservice] request handled; status=200 latency_ms=35
2024-03-15T00:42:06Z [INFO]  [checkoutservice] request handled; status=200 latency_ms=36
2024-03-15T00:42:07Z [INFO]  [currencyservice] request handled; status=200 latency_ms=37
2024-03-15T00:42:08Z [INFO]  [emailservice] request handled; status=200 latency_ms=38
2024-03-15T00:42:09Z [INFO]  [frontend] request handled; status=200 latency_ms=39
2024-03-15T00:42:10Z [INFO]  [loadgenerator] request handled; status=200 latency_ms=40
2024-03-15T00:42:11Z [INFO]  [paymentservice] request handled; status=200 latency_ms=41
2024-03-15T00:42:11Z [WARN]  [frontend] upstream call degraded via paymentservice latency_ms=231
2024-03-15T00:42:12Z [INFO]  [productcatalogservice] request handled; status=200 latency_ms=42
2024-03-15T00:42:13Z [INFO]  [recommendationservice] request handled; status=200 latency_ms=43
2024-03-15T00:42:14Z [INFO]  [redis-cart] request handled; status=200 latency_ms=44
2024-03-15T00:42:15Z [INFO]  [shippingservice] request handled; status=200 latency_ms=45
2024-03-15T00:42:16Z [INFO]  [adservice] request handled; status=200 latency_ms=46
2024-03-15T00:42:17Z [INFO]  [cartservice] request handled; status=200 latency_ms=47
2024-03-15T00:42:18Z [INFO]  [checkoutservice] request handled; status=200 latency_ms=48
2024-03-15T00:42:19Z [INFO]  [currencyservice] request handled; status=200 latency_ms=49
2024-03-15T00:42:20Z [INFO]  [emailservice] request handled; status=200 latency_ms=50
2024-03-15T00:42:21Z [INFO]  [frontend] request handled; status=200 latency_ms=51
2024-03-15T00:42:22Z [INFO]  [loadgenerator] request handled; status=200 latency_ms=52
2024-03-15T00:42:23Z [INFO]  [paymentservice] request handled; status=200 latency_ms=53
2024-03-15T00:42:24Z [INFO]  [productcatalogservice] request handled; status=200 latency_ms=54
2024-03-15T00:42:25Z [INFO]  [recommendationservice] request handled; status=200 latency_ms=55
2024-03-15T00:42:26Z [INFO]  [redis-cart] request handled; status=200 latency_ms=56
2024-03-15T00:42:27Z [INFO]  [shippingservice] request handled; status=200 latency_ms=57
2024-03-15T00:42:28Z [INFO]  [adservice] request handled; status=200 latency_ms=58
2024-03-15T00:42:28Z [WARN]  [frontend] upstream call degraded via paymentservice latency_ms=248
2024-03-15T00:42:29Z [INFO]  [cartservice] request handled; status=200 latency_ms=59
2024-03-15T00:42:30Z [INFO]  [checkoutservice] request handled; status=200 latency_ms=10
2024-03-15T00:42:31Z [INFO]  [currencyservice] request handled; status=200 latency_ms=11
2024-03-15T00:42:32Z [INFO]  [emailservice] request handled; status=200 latency_ms=12
2024-03-15T00:42:33Z [INFO]  [frontend] request handled; status=200 latency_ms=13
2024-03-15T00:42:34Z [INFO]  [loadgenerator] request handled; status=200 latency_ms=14
2024-03-15T00:42:35Z [INFO]  [paymentservice] request handled; status=200 latency_ms=15
2024-03-15T00:42:36Z [INFO]  [productcatalogservice] request handled; status=200 latency_ms=16
2024-03-15T00:42:37Z [INFO]  [recommendationservice] request handled; status=200 latency_ms=17
2024-03-15T00:42:38Z [INFO]  [redis-cart] request handled; status=200 latency_ms=18
2024-03-15T00:42:39Z [INFO]  [shippingservice] request handled; status=200 latency_ms=19
2024-03-15T00:42:40Z [INFO]  [adservice] request handled; status=200 latency_ms=20
2024-03-15T00:42:41Z [INFO]  [cartservice] request handled; status=200 latency_ms=21
2024-03-15T00:42:42Z [INFO]  [checkoutservice] request handled; status=200 latency_ms=22
2024-03-15T00:42:43Z [INFO]  [currencyservice] request handled; status=200 latency_ms=23
2024-03-15T00:42:44Z [INFO]  [emailservice] request handled; status=200 latency_ms=24
2024-03-15T00:42:45Z [INFO]  [frontend] request handled; status=200 latency_ms=25
2024-03-15T00:42:45Z [WARN]  [frontend] upstream call degraded via paymentservice latency_ms=265
2024-03-15T00:42:46Z [INFO]  [loadgenerator] request handled; status=200 latency_ms=26
2024-03-15T00:42:47Z [INFO]  [paymentservice] request handled; status=200 latency_ms=27
2024-03-15T00:42:48Z [INFO]  [productcatalogservice] request handled; status=200 latency_ms=28
2024-03-15T00:42:49Z [INFO]  [recommendationservice] request handled; status=200 latency_ms=29
2024-03-15T00:42:50Z [INFO]  [redis-cart] request handled; status=200 latency_ms=30
2024-03-15T00:42:51Z [INFO]  [shippingservice] request handled; status=200 latency_ms=31
2024-03-15T00:42:52Z [INFO]  [adservice] request handled; status=200 latency_ms=32
2024-03-15T00:42:53Z [INFO]  [cartservice] request handled; status=200 latency_ms=33
2024-03-15T00:42:54Z [INFO]  [checkoutservice] request handled; status=200 latency_ms=34
2024-03-15T00:42:55Z [INFO]  [currencyservice] request handled; status=200 latency_ms=35
2024-03-15T00:42:56Z [INFO]  [emailservice] request handled; status=200 latency_ms=36
2024-03-15T00:42:57Z [INFO]  [frontend] request handled; status=200 latency_ms=37
2024-03-15T00:42:58Z [INFO]  [loadgenerator] request handled; status=200 latency_ms=38
2024-03-15T00:42:59Z [INFO]  [paymentservice] request handled; status=200 latency_ms=39
2024-03-15T00:43:00Z [INFO]  [productcatalogservice] request handled; status=200 latency_ms=40
2024-03-15T00:43:01Z [INFO]  [recommendationservice] request handled; status=200 latency_ms=41
2024-03-15T00:43:02Z [INFO]  [redis-cart] request handled; status=200 latency_ms=42
2024-03-15T00:43:02Z [WARN]  [frontend] upstream call degraded via paymentservice latency_ms=282
2024-03-15T00:43:03Z [INFO]  [shippingservice] request handled; status=200 latency_ms=43
2024-03-15T00:43:03Z [ERROR] [emailservice] init error: template directory missing '/app/templates'
2024-03-15T00:43:03Z [ERROR] [emailservice] CrashLoopBackOff (exit code 1)
2024-03-15T00:43:04Z [INFO]  [adservice] request handled; status=200 latency_ms=44
2024-03-15T00:43:05Z [INFO]  [cartservice] request handled; status=200 latency_ms=45
2024-03-15T00:43:06Z [INFO]  [checkoutservice] request handled; status=200 latency_ms=46
2024-03-15T00:43:06Z [ERROR] [paymentservice] OOMKilled: container killed by out-of-memory
2024-03-15T00:43:06Z [WARNING] [paymentservice] pod restarted, reason=OOMKilled
2024-03-15T00:43:06Z [ERROR] [frontend] /payment page: HTTP 500 returned
2024-03-15T00:43:06Z [ERROR] [frontend] Error at payment page: paymentservice unavailable
2024-03-15T00:43:07Z [INFO]  [currencyservice] request handled; status=200 latency_ms=47
2024-03-15T00:43:08Z [INFO]  [emailservice] request handled; status=200 latency_ms=48
2024-03-15T00:43:09Z [INFO]  [frontend] request handled; status=200 latency_ms=49
2024-03-15T00:43:10Z [INFO]  [loadgenerator] request handled; status=200 latency_ms=50
2024-03-15T00:43:11Z [INFO]  [paymentservice] request handled; status=200 latency_ms=51
2024-03-15T00:43:12Z [INFO]  [productcatalogservice] request handled; status=200 latency_ms=52
2024-03-15T00:43:13Z [INFO]  [recommendationservice] request handled; status=200 latency_ms=53
2024-03-15T00:43:14Z [INFO]  [redis-cart] request handled; status=200 latency_ms=54
2024-03-15T00:43:15Z [INFO]  [shippingservice] request handled; status=200 latency_ms=55
2024-03-15T00:43:16Z [INFO]  [adservice] request handled; status=200 latency_ms=56
2024-03-15T00:43:17Z [INFO]  [cartservice] request handled; status=200 latency_ms=57
2024-03-15T00:43:18Z [INFO]  [checkoutservice] request handled; status=200 latency_ms=58
2024-03-15T00:43:19Z [INFO]  [currencyservice] request handled; status=200 latency_ms=59
2024-03-15T00:43:19Z [WARN]  [frontend] upstream call degraded via paymentservice latency_ms=299
2024-03-15T00:43:20Z [INFO]  [emailservice] request handled; status=200 latency_ms=10
2024-03-15T00:43:21Z [INFO]  [frontend] request handled; status=200 latency_ms=11
2024-03-15T00:43:22Z [INFO]  [loadgenerator] request handled; status=200 latency_ms=12
2024-03-15T00:43:23Z [INFO]  [paymentservice] request handled; status=200 latency_ms=13
2024-03-15T00:43:24Z [INFO]  [productcatalogservice] request handled; status=200 latency_ms=14
2024-03-15T00:43:25Z [INFO]  [recommendationservice] request handled; status=200 latency_ms=15
2024-03-15T00:43:26Z [INFO]  [redis-cart] request handled; status=200 latency_ms=16
2024-03-15T00:43:27Z [INFO]  [shippingservice] request handled; status=200 latency_ms=17
2024-03-15T00:43:28Z [INFO]  [adservice] request handled; status=200 latency_ms=18
2024-03-15T00:43:29Z [INFO]  [cartservice] request handled; status=200 latency_ms=19
2024-03-15T00:43:30Z [INFO]  [checkoutservice] request handled; status=200 latency_ms=20
2024-03-15T00:43:31Z [INFO]  [currencyservice] request handled; status=200 latency_ms=21
2024-03-15T00:43:32Z [INFO]  [emailservice] request handled; status=200 latency_ms=22
2024-03-15T00:43:33Z [INFO]  [frontend] request handled; status=200 latency_ms=23
2024-03-15T00:43:34Z [INFO]  [loadgenerator] request handled; status=200 latency_ms=24
2024-03-15T00:43:35Z [INFO]  [paymentservice] request handled; status=200 latency_ms=25
2024-03-15T00:43:36Z [INFO]  [productcatalogservice] request handled; status=200 latency_ms=26
2024-03-15T00:43:36Z [WARN]  [frontend] upstream call degraded via paymentservice latency_ms=316
2024-03-15T00:43:37Z [INFO]  [recommendationservice] request handled; status=200 latency_ms=27
2024-03-15T00:43:38Z [INFO]  [redis-cart] request handled; status=200 latency_ms=28
2024-03-15T00:43:39Z [INFO]  [shippingservice] request handled; status=200 latency_ms=29
2024-03-15T00:43:40Z [INFO]  [adservice] request handled; status=200 latency_ms=30
2024-03-15T00:43:41Z [INFO]  [cartservice] request handled; status=200 latency_ms=31
2024-03-15T00:43:42Z [INFO]  [checkoutservice] request handled; status=200 latency_ms=32
2024-03-15T00:43:43Z [INFO]  [currencyservice] request handled; status=200 latency_ms=33
2024-03-15T00:43:44Z [INFO]  [emailservice] request handled; status=200 latency_ms=34
2024-03-15T00:43:45Z [INFO]  [frontend] request handled; status=200 latency_ms=35
2024-03-15T00:43:46Z [INFO]  [loadgenerator] request handled; status=200 latency_ms=36
2024-03-15T00:43:47Z [INFO]  [paymentservice] request handled; status=200 latency_ms=37
2024-03-15T00:43:48Z [INFO]  [productcatalogservice] request handled; status=200 latency_ms=38
2024-03-15T00:43:49Z [INFO]  [recommendationservice] request handled; status=200 latency_ms=39
2024-03-15T00:43:50Z [INFO]  [redis-cart] request handled; status=200 latency_ms=40
2024-03-15T00:43:51Z [INFO]  [shippingservice] request handled; status=200 latency_ms=41
2024-03-15T00:43:52Z [INFO]  [adservice] request handled; status=200 latency_ms=42
2024-03-15T00:43:53Z [INFO]  [cartservice] request handled; status=200 latency_ms=43
2024-03-15T00:43:53Z [WARN]  [frontend] upstream call degraded via paymentservice latency_ms=333
2024-03-15T00:43:54Z [INFO]  [checkoutservice] request handled; status=200 latency_ms=44
2024-03-15T00:43:55Z [INFO]  [currencyservice] request handled; status=200 latency_ms=45
2024-03-15T00:43:56Z [INFO]  [emailservice] request handled; status=200 latency_ms=46
2024-03-15T00:43:57Z [INFO]  [frontend] request handled; status=200 latency_ms=47
2024-03-15T00:43:58Z [INFO]  [loadgenerator] request handled; status=200 latency_ms=48
2024-03-15T00:43:59Z [INFO]  [paymentservice] request handled; status=200 latency_ms=49
2024-03-15T00:44:00Z [INFO]  [productcatalogservice] request handled; status=200 latency_ms=50
2024-03-15T00:44:01Z [INFO]  [recommendationservice] request handled; status=200 latency_ms=51
2024-03-15T00:44:02Z [INFO]  [redis-cart] request handled; status=200 latency_ms=52
2024-03-15T00:44:03Z [INFO]  [shippingservice] request handled; status=200 latency_ms=53
2024-03-15T00:44:04Z [INFO]  [adservice] request handled; status=200 latency_ms=54
2024-03-15T00:44:05Z [INFO]  [cartservice] request handled; status=200 latency_ms=55
2024-03-15T00:44:06Z [INFO]  [checkoutservice] request handled; status=200 latency_ms=56
2024-03-15T00:44:07Z [INFO]  [currencyservice] request handled; status=200 latency_ms=57
2024-03-15T00:44:08Z [INFO]  [emailservice] request handled; status=200 latency_ms=58
2024-03-15T00:44:09Z [INFO]  [frontend] request handled; status=200 latency_ms=59
2024-03-15T00:44:10Z [INFO]  [loadgenerator] request handled; status=200 latency_ms=10
2024-03-15T00:44:10Z [WARN]  [frontend] upstream call degraded via paymentservice latency_ms=350
2024-03-15T00:44:11Z [INFO]  [paymentservice] request handled; status=200 latency_ms=11
2024-03-15T00:44:12Z [INFO]  [productcatalogservice] request handled; status=200 latency_ms=12
2024-03-15T00:44:13Z [INFO]  [recommendationservice] request handled; status=200 latency_ms=13
2024-03-15T00:44:14Z [INFO]  [redis-cart] request handled; status=200 latency_ms=14
2024-03-15T00:44:15Z [INFO]  [shippingservice] request handled; status=200 latency_ms=15
2024-03-15T00:44:16Z [INFO]  [adservice] request handled; status=200 latency_ms=16
2024-03-15T00:44:17Z [INFO]  [cartservice] request handled; status=200 latency_ms=17
2024-03-15T00:44:18Z [INFO]  [checkoutservice] request handled; status=200 latency_ms=18
2024-03-15T00:44:19Z [INFO]  [currencyservice] request handled; status=200 latency_ms=19
2024-03-15T00:44:20Z [INFO]  [emailservice] request handled; status=200 latency_ms=20
2024-03-15T00:44:21Z [INFO]  [frontend] request handled; status=200 latency_ms=21
2024-03-15T00:44:22Z [INFO]  [loadgenerator] request handled; status=200 latency_ms=22
2024-03-15T00:44:23Z [INFO]  [paymentservice] request handled; status=200 latency_ms=23
2024-03-15T00:44:24Z [INFO]  [productcatalogservice] request handled; status=200 latency_ms=24
2024-03-15T00:44:25Z [INFO]  [recommendationservice] request handled; status=200 latency_ms=25
2024-03-15T00:44:26Z [INFO]  [redis-cart] request handled; status=200 latency_ms=26
2024-03-15T00:44:27Z [INFO]  [shippingservice] request handled; status=200 latency_ms=27
2024-03-15T00:44:27Z [WARN]  [frontend] upstream call degraded via paymentservice latency_ms=367
2024-03-15T00:44:28Z [INFO]  [adservice] request handled; status=200 latency_ms=28
2024-03-15T00:44:29Z [INFO]  [cartservice] request handled; status=200 latency_ms=29
2024-03-15T00:44:30Z [INFO]  [checkoutservice] request handled; status=200 latency_ms=30
2024-03-15T00:44:31Z [INFO]  [currencyservice] request handled; status=200 latency_ms=31
2024-03-15T00:44:32Z [INFO]  [emailservice] request handled; status=200 latency_ms=32
2024-03-15T00:44:33Z [INFO]  [frontend] request handled; status=200 latency_ms=33
2024-03-15T00:44:34Z [INFO]  [loadgenerator] request handled; status=200 latency_ms=34
2024-03-15T00:44:35Z [INFO]  [paymentservice] request handled; status=200 latency_ms=35
2024-03-15T00:44:36Z [INFO]  [productcatalogservice] request handled; status=200 latency_ms=36
2024-03-15T00:44:37Z [INFO]  [recommendationservice] request handled; status=200 latency_ms=37
2024-03-15T00:44:38Z [INFO]  [redis-cart] request handled; status=200 latency_ms=38
2024-03-15T00:44:39Z [INFO]  [shippingservice] request handled; status=200 latency_ms=39
2024-03-15T00:44:40Z [INFO]  [adservice] request handled; status=200 latency_ms=40
2024-03-15T00:44:41Z [INFO]  [cartservice] request handled; status=200 latency_ms=41
2024-03-15T00:44:42Z [INFO]  [checkoutservice] request handled; status=200 latency_ms=42
2024-03-15T00:44:43Z [INFO]  [currencyservice] request handled; status=200 latency_ms=43
2024-03-15T00:44:44Z [INFO]  [emailservice] request handled; status=200 latency_ms=44
2024-03-15T00:44:44Z [WARN]  [frontend] upstream call degraded via paymentservice latency_ms=384
2024-03-15T00:44:45Z [INFO]  [frontend] request handled; status=200 latency_ms=45
2024-03-15T00:44:46Z [INFO]  [loadgenerator] request handled; status=200 latency_ms=46
2024-03-15T00:44:47Z [INFO]  [paymentservice] request handled; status=200 latency_ms=47
2024-03-15T00:44:48Z [INFO]  [productcatalogservice] request handled; status=200 latency_ms=48
2024-03-15T00:44:49Z [INFO]  [recommendationservice] request handled; status=200 latency_ms=49
2024-03-15T00:44:50Z [INFO]  [redis-cart] request handled; status=200 latency_ms=50
2024-03-15T00:44:51Z [INFO]  [shippingservice] request handled; status=200 latency_ms=51
2024-03-15T00:44:52Z [INFO]  [adservice] request handled; status=200 latency_ms=52
2024-03-15T00:44:53Z [INFO]  [cartservice] request handled; status=200 latency_ms=53
2024-03-15T00:44:54Z [INFO]  [checkoutservice] request handled; status=200 latency_ms=54
2024-03-15T00:44:55Z [INFO]  [currencyservice] request handled; status=200 latency_ms=55
2024-03-15T00:44:56Z [INFO]  [emailservice] request handled; status=200 latency_ms=56
2024-03-15T00:44:57Z [INFO]  [frontend] request handled; status=200 latency_ms=57
2024-03-15T00:44:58Z [INFO]  [loadgenerator] request handled; status=200 latency_ms=58
2024-03-15T00:44:59Z [INFO]  [paymentservice] request handled; status=200 latency_ms=59
2024-03-15T00:44:59Z [ERROR] [paymentservice] OOMKilled: container killed by out-of-memory
2024-03-15T00:44:59Z [WARNING] [paymentservice] pod restarted, reason=OOMKilled
2024-03-15T00:44:59Z [ERROR] [frontend] /payment page: HTTP 500 returned
2024-03-15T00:44:59Z [ERROR] [frontend] Error at payment page: paymentservice unavailable
2024-03-15T00:45:00Z [INFO]  [productcatalogservice] request handled; status=200 latency_ms=10
2024-03-15T00:45:01Z [INFO]  [recommendationservice] request handled; status=200 latency_ms=11
2024-03-15T00:45:01Z [WARN]  [frontend] upstream call degraded via paymentservice latency_ms=401
2024-03-15T00:45:02Z [INFO]  [redis-cart] request handled; status=200 latency_ms=12
2024-03-15T00:45:03Z [INFO]  [shippingservice] request handled; status=200 latency_ms=13
2024-03-15T00:45:04Z [INFO]  [adservice] request handled; status=200 latency_ms=14
2024-03-15T00:45:05Z [INFO]  [cartservice] request handled; status=200 latency_ms=15
2024-03-15T00:45:06Z [INFO]  [checkoutservice] request handled; status=200 latency_ms=16
2024-03-15T00:45:07Z [INFO]  [currencyservice] request handled; status=200 latency_ms=17
2024-03-15T00:45:08Z [INFO]  [emailservice] request handled; status=200 latency_ms=18
2024-03-15T00:45:09Z [INFO]  [frontend] request handled; status=200 latency_ms=19
2024-03-15T00:45:10Z [INFO]  [loadgenerator] request handled; status=200 latency_ms=20
2024-03-15T00:45:11Z [INFO]  [paymentservice] request handled; status=200 latency_ms=21
2024-03-15T00:45:12Z [INFO]  [productcatalogservice] request handled; status=200 latency_ms=22
2024-03-15T00:45:13Z [INFO]  [recommendationservice] request handled; status=200 latency_ms=23
2024-03-15T00:45:14Z [INFO]  [redis-cart] request handled; status=200 latency_ms=24
2024-03-15T00:45:15Z [INFO]  [shippingservice] request handled; status=200 latency_ms=25
2024-03-15T00:45:16Z [INFO]  [adservice] request handled; status=200 latency_ms=26
2024-03-15T00:45:17Z [INFO]  [cartservice] request handled; status=200 latency_ms=27
2024-03-15T00:45:18Z [INFO]  [checkoutservice] request handled; status=200 latency_ms=28
2024-03-15T00:45:18Z [WARN]  [frontend] upstream call degraded via paymentservice latency_ms=418
2024-03-15T00:45:19Z [INFO]  [currencyservice] request handled; status=200 latency_ms=29
2024-03-15T00:45:20Z [INFO]  [emailservice] request handled; status=200 latency_ms=30
2024-03-15T00:45:21Z [INFO]  [frontend] request handled; status=200 latency_ms=31
2024-03-15T00:45:22Z [INFO]  [loadgenerator] request handled; status=200 latency_ms=32
2024-03-15T00:45:23Z [INFO]  [paymentservice] request handled; status=200 latency_ms=33
2024-03-15T00:45:24Z [INFO]  [productcatalogservice] request handled; status=200 latency_ms=34
2024-03-15T00:45:25Z [INFO]  [recommendationservice] request handled; status=200 latency_ms=35
2024-03-15T00:45:26Z [INFO]  [redis-cart] request handled; status=200 latency_ms=36
2024-03-15T00:45:27Z [INFO]  [shippingservice] request handled; status=200 latency_ms=37
2024-03-15T00:45:28Z [INFO]  [adservice] request handled; status=200 latency_ms=38
2024-03-15T00:45:29Z [INFO]  [cartservice] request handled; status=200 latency_ms=39
2024-03-15T00:45:30Z [INFO]  [checkoutservice] request handled; status=200 latency_ms=40
2024-03-15T00:45:31Z [INFO]  [currencyservice] request handled; status=200 latency_ms=41
2024-03-15T00:45:32Z [INFO]  [emailservice] request handled; status=200 latency_ms=42
2024-03-15T00:45:33Z [INFO]  [frontend] request handled; status=200 latency_ms=43
2024-03-15T00:45:34Z [INFO]  [loadgenerator] request handled; status=200 latency_ms=44
2024-03-15T00:45:35Z [INFO]  [paymentservice] request handled; status=200 latency_ms=45
2024-03-15T00:45:35Z [WARN]  [frontend] upstream call degraded via paymentservice latency_ms=435
2024-03-15T00:45:36Z [INFO]  [productcatalogservice] request handled; status=200 latency_ms=46
2024-03-15T00:45:37Z [INFO]  [recommendationservice] request handled; status=200 latency_ms=47
2024-03-15T00:45:38Z [INFO]  [redis-cart] request handled; status=200 latency_ms=48
2024-03-15T00:45:39Z [INFO]  [shippingservice] request handled; status=200 latency_ms=49
2024-03-15T00:45:40Z [INFO]  [adservice] request handled; status=200 latency_ms=50
2024-03-15T00:45:41Z [INFO]  [cartservice] request handled; status=200 latency_ms=51
2024-03-15T00:45:42Z [INFO]  [checkoutservice] request handled; status=200 latency_ms=52
2024-03-15T00:45:43Z [INFO]  [currencyservice] request handled; status=200 latency_ms=53
2024-03-15T00:45:44Z [INFO]  [emailservice] request handled; status=200 latency_ms=54
2024-03-15T00:45:45Z [INFO]  [frontend] request handled; status=200 latency_ms=55
2024-03-15T00:45:46Z [INFO]  [loadgenerator] request handled; status=200 latency_ms=56
2024-03-15T00:45:47Z [INFO]  [paymentservice] request handled; status=200 latency_ms=57
2024-03-15T00:45:48Z [INFO]  [productcatalogservice] request handled; status=200 latency_ms=58
2024-03-15T00:45:49Z [INFO]  [recommendationservice] request handled; status=200 latency_ms=59
2024-03-15T00:45:50Z [INFO]  [redis-cart] request handled; status=200 latency_ms=10
2024-03-15T00:45:51Z [INFO]  [shippingservice] request handled; status=200 latency_ms=11
2024-03-15T00:45:52Z [INFO]  [adservice] request handled; status=200 latency_ms=12
2024-03-15T00:45:52Z [WARN]  [frontend] upstream call degraded via paymentservice latency_ms=452
2024-03-15T00:45:53Z [INFO]  [cartservice] request handled; status=200 latency_ms=13
2024-03-15T00:45:54Z [INFO]  [checkoutservice] request handled; status=200 latency_ms=14
2024-03-15T00:45:55Z [INFO]  [currencyservice] request handled; status=200 latency_ms=15
2024-03-15T00:45:56Z [INFO]  [emailservice] request handled; status=200 latency_ms=16
2024-03-15T00:45:57Z [INFO]  [frontend] request handled; status=200 latency_ms=17
2024-03-15T00:45:58Z [INFO]  [loadgenerator] request handled; status=200 latency_ms=18
2024-03-15T00:45:59Z [INFO]  [paymentservice] request handled; status=200 latency_ms=19
2024-03-15T00:46:00Z [INFO]  [productcatalogservice] request handled; status=200 latency_ms=20
2024-03-15T00:46:01Z [INFO]  [recommendationservice] request handled; status=200 latency_ms=21
2024-03-15T00:46:02Z [INFO]  [redis-cart] request handled; status=200 latency_ms=22
2024-03-15T00:46:03Z [INFO]  [shippingservice] request handled; status=200 latency_ms=23
2024-03-15T00:46:04Z [INFO]  [adservice] request handled; status=200 latency_ms=24
2024-03-15T00:46:05Z [INFO]  [cartservice] request handled; status=200 latency_ms=25
2024-03-15T00:46:06Z [INFO]  [checkoutservice] request handled; status=200 latency_ms=26
2024-03-15T00:46:07Z [INFO]  [currencyservice] request handled; status=200 latency_ms=27
2024-03-15T00:46:08Z [INFO]  [emailservice] request handled; status=200 latency_ms=28
2024-03-15T00:46:09Z [INFO]  [frontend] request handled; status=200 latency_ms=29
2024-03-15T00:46:09Z [WARN]  [frontend] upstream call degraded via paymentservice latency_ms=469
2024-03-15T00:46:10Z [INFO]  [loadgenerator] request handled; status=200 latency_ms=30
2024-03-15T00:46:11Z [INFO]  [paymentservice] request handled; status=200 latency_ms=31
2024-03-15T00:46:12Z [INFO]  [productcatalogservice] request handled; status=200 latency_ms=32
2024-03-15T00:46:13Z [INFO]  [recommendationservice] request handled; status=200 latency_ms=33
2024-03-15T00:46:14Z [INFO]  [redis-cart] request handled; status=200 latency_ms=34
2024-03-15T00:46:14Z [ERROR] [emailservice] init error: template directory missing '/app/templates'
2024-03-15T00:46:14Z [ERROR] [emailservice] CrashLoopBackOff (exit code 1)
2024-03-15T00:46:15Z [INFO]  [shippingservice] request handled; status=200 latency_ms=35
2024-03-15T00:46:16Z [INFO]  [adservice] request handled; status=200 latency_ms=36
2024-03-15T00:46:17Z [INFO]  [cartservice] request handled; status=200 latency_ms=37
2024-03-15T00:46:18Z [INFO]  [checkoutservice] request handled; status=200 latency_ms=38
2024-03-15T00:46:19Z [INFO]  [currencyservice] request handled; status=200 latency_ms=39
2024-03-15T00:46:20Z [INFO]  [emailservice] request handled; status=200 latency_ms=40
2024-03-15T00:46:21Z [INFO]  [frontend] request handled; status=200 latency_ms=41
2024-03-15T00:46:22Z [INFO]  [loadgenerator] request handled; status=200 latency_ms=42
2024-03-15T00:46:23Z [INFO]  [paymentservice] request handled; status=200 latency_ms=43
2024-03-15T00:46:24Z [INFO]  [productcatalogservice] request handled; status=200 latency_ms=44
2024-03-15T00:46:25Z [INFO]  [recommendationservice] request handled; status=200 latency_ms=45
2024-03-15T00:46:26Z [INFO]  [redis-cart] request handled; status=200 latency_ms=46
2024-03-15T00:46:26Z [WARN]  [frontend] upstream call degraded via paymentservice latency_ms=486
2024-03-15T00:46:27Z [INFO]  [shippingservice] request handled; status=200 latency_ms=47
2024-03-15T00:46:28Z [INFO]  [adservice] request handled; status=200 latency_ms=48
2024-03-15T00:46:29Z [INFO]  [cartservice] request handled; status=200 latency_ms=49
2024-03-15T00:46:30Z [INFO]  [checkoutservice] request handled; status=200 latency_ms=50
2024-03-15T00:46:31Z [INFO]  [currencyservice] request handled; status=200 latency_ms=51
2024-03-15T00:46:32Z [INFO]  [emailservice] request handled; status=200 latency_ms=52
2024-03-15T00:46:33Z [INFO]  [frontend] request handled; status=200 latency_ms=53
2024-03-15T00:46:34Z [INFO]  [loadgenerator] request handled; status=200 latency_ms=54
2024-03-15T00:46:35Z [INFO]  [paymentservice] request handled; status=200 latency_ms=55
2024-03-15T00:46:36Z [INFO]  [productcatalogservice] request handled; status=200 latency_ms=56
2024-03-15T00:46:37Z [INFO]  [recommendationservice] request handled; status=200 latency_ms=57
2024-03-15T00:46:38Z [INFO]  [redis-cart] request handled; status=200 latency_ms=58
2024-03-15T00:46:39Z [INFO]  [shippingservice] request handled; status=200 latency_ms=59
2024-03-15T00:46:40Z [INFO]  [adservice] request handled; status=200 latency_ms=10
2024-03-15T00:46:41Z [INFO]  [cartservice] request handled; status=200 latency_ms=11
2024-03-15T00:46:42Z [INFO]  [checkoutservice] request handled; status=200 latency_ms=12
2024-03-15T00:46:43Z [INFO]  [currencyservice] request handled; status=200 latency_ms=13
2024-03-15T00:46:43Z [WARN]  [frontend] upstream call degraded via paymentservice latency_ms=203
2024-03-15T00:46:44Z [INFO]  [emailservice] request handled; status=200 latency_ms=14
2024-03-15T00:46:45Z [INFO]  [frontend] request handled; status=200 latency_ms=15
2024-03-15T00:46:46Z [INFO]  [loadgenerator] request handled; status=200 latency_ms=16
2024-03-15T00:46:47Z [INFO]  [paymentservice] request handled; status=200 latency_ms=17
2024-03-15T00:46:48Z [INFO]  [productcatalogservice] request handled; status=200 latency_ms=18
2024-03-15T00:46:49Z [INFO]  [recommendationservice] request handled; status=200 latency_ms=19
2024-03-15T00:46:50Z [INFO]  [redis-cart] request handled; status=200 latency_ms=20
2024-03-15T00:46:51Z [INFO]  [shippingservice] request handled; status=200 latency_ms=21
2024-03-15T00:46:52Z [INFO]  [adservice] request handled; status=200 latency_ms=22
2024-03-15T00:46:52Z [ERROR] [paymentservice] OOMKilled: container killed by out-of-memory
2024-03-15T00:46:52Z [WARNING] [paymentservice] pod restarted, reason=OOMKilled
2024-03-15T00:46:52Z [ERROR] [frontend] /payment page: HTTP 500 returned
2024-03-15T00:46:52Z [ERROR] [frontend] Error at payment page: paymentservice unavailable
2024-03-15T00:46:53Z [INFO]  [cartservice] request handled; status=200 latency_ms=23
2024-03-15T00:46:54Z [INFO]  [checkoutservice] request handled; status=200 latency_ms=24
2024-03-15T00:46:55Z [INFO]  [currencyservice] request handled; status=200 latency_ms=25
2024-03-15T00:46:56Z [INFO]  [emailservice] request handled; status=200 latency_ms=26
2024-03-15T00:46:57Z [INFO]  [frontend] request handled; status=200 latency_ms=27
2024-03-15T00:46:58Z [INFO]  [loadgenerator] request handled; status=200 latency_ms=28
2024-03-15T00:46:59Z [INFO]  [paymentservice] request handled; status=200 latency_ms=29
2024-03-15T00:47:00Z [INFO]  [productcatalogservice] request handled; status=200 latency_ms=30
2024-03-15T00:47:00Z [WARN]  [frontend] upstream call degraded via paymentservice latency_ms=220
2024-03-15T00:47:01Z [INFO]  [recommendationservice] request handled; status=200 latency_ms=31
2024-03-15T00:47:02Z [INFO]  [redis-cart] request handled; status=200 latency_ms=32
2024-03-15T00:47:03Z [INFO]  [shippingservice] request handled; status=200 latency_ms=33
2024-03-15T00:47:04Z [INFO]  [adservice] request handled; status=200 latency_ms=34
2024-03-15T00:47:05Z [INFO]  [cartservice] request handled; status=200 latency_ms=35
2024-03-15T00:47:06Z [INFO]  [checkoutservice] request handled; status=200 latency_ms=36
2024-03-15T00:47:07Z [INFO]  [currencyservice] request handled; status=200 latency_ms=37
2024-03-15T00:47:08Z [INFO]  [emailservice] request handled; status=200 latency_ms=38
2024-03-15T00:47:09Z [INFO]  [frontend] request handled; status=200 latency_ms=39
2024-03-15T00:47:10Z [INFO]  [loadgenerator] request handled; status=200 latency_ms=40
2024-03-15T00:47:11Z [INFO]  [paymentservice] request handled; status=200 latency_ms=41
2024-03-15T00:47:12Z [INFO]  [productcatalogservice] request handled; status=200 latency_ms=42
2024-03-15T00:47:13Z [INFO]  [recommendationservice] request handled; status=200 latency_ms=43
2024-03-15T00:47:14Z [INFO]  [redis-cart] request handled; status=200 latency_ms=44
2024-03-15T00:47:15Z [INFO]  [shippingservice] request handled; status=200 latency_ms=45
2024-03-15T00:47:16Z [INFO]  [adservice] request handled; status=200 latency_ms=46
2024-03-15T00:47:17Z [INFO]  [cartservice] request handled; status=200 latency_ms=47
2024-03-15T00:47:17Z [WARN]  [frontend] upstream call degraded via paymentservice latency_ms=237
2024-03-15T00:47:18Z [INFO]  [checkoutservice] request handled; status=200 latency_ms=48
2024-03-15T00:47:19Z [INFO]  [currencyservice] request handled; status=200 latency_ms=49
2024-03-15T00:47:20Z [INFO]  [emailservice] request handled; status=200 latency_ms=50
2024-03-15T00:47:21Z [INFO]  [frontend] request handled; status=200 latency_ms=51
2024-03-15T00:47:22Z [INFO]  [loadgenerator] request handled; status=200 latency_ms=52
2024-03-15T00:47:23Z [INFO]  [paymentservice] request handled; status=200 latency_ms=53
2024-03-15T00:47:24Z [INFO]  [productcatalogservice] request handled; status=200 latency_ms=54
2024-03-15T00:47:25Z [INFO]  [recommendationservice] request handled; status=200 latency_ms=55
2024-03-15T00:47:26Z [INFO]  [redis-cart] request handled; status=200 latency_ms=56
2024-03-15T00:47:27Z [INFO]  [shippingservice] request handled; status=200 latency_ms=57
2024-03-15T00:47:28Z [INFO]  [adservice] request handled; status=200 latency_ms=58
2024-03-15T00:47:29Z [INFO]  [cartservice] request handled; status=200 latency_ms=59
2024-03-15T00:47:30Z [INFO]  [checkoutservice] request handled; status=200 latency_ms=10
2024-03-15T00:47:31Z [INFO]  [currencyservice] request handled; status=200 latency_ms=11
2024-03-15T00:47:32Z [INFO]  [emailservice] request handled; status=200 latency_ms=12
2024-03-15T00:47:33Z [INFO]  [frontend] request handled; status=200 latency_ms=13
2024-03-15T00:47:34Z [INFO]  [loadgenerator] request handled; status=200 latency_ms=14
2024-03-15T00:47:34Z [WARN]  [frontend] upstream call degraded via paymentservice latency_ms=254
2024-03-15T00:47:35Z [INFO]  [paymentservice] request handled; status=200 latency_ms=15
2024-03-15T00:47:36Z [INFO]  [productcatalogservice] request handled; status=200 latency_ms=16
2024-03-15T00:47:37Z [INFO]  [recommendationservice] request handled; status=200 latency_ms=17
2024-03-15T00:47:38Z [INFO]  [redis-cart] request handled; status=200 latency_ms=18
2024-03-15T00:47:39Z [INFO]  [shippingservice] request handled; status=200 latency_ms=19
2024-03-15T00:47:40Z [INFO]  [adservice] request handled; status=200 latency_ms=20
2024-03-15T00:47:41Z [INFO]  [cartservice] request handled; status=200 latency_ms=21
2024-03-15T00:47:42Z [INFO]  [checkoutservice] request handled; status=200 latency_ms=22
2024-03-15T00:47:43Z [INFO]  [currencyservice] request handled; status=200 latency_ms=23
2024-03-15T00:47:44Z [INFO]  [emailservice] request handled; status=200 latency_ms=24
2024-03-15T00:47:45Z [INFO]  [frontend] request handled; status=200 latency_ms=25
2024-03-15T00:47:46Z [INFO]  [loadgenerator] request handled; status=200 latency_ms=26
2024-03-15T00:47:47Z [INFO]  [paymentservice] request handled; status=200 latency_ms=27
2024-03-15T00:47:48Z [INFO]  [productcatalogservice] request handled; status=200 latency_ms=28
2024-03-15T00:47:49Z [INFO]  [recommendationservice] request handled; status=200 latency_ms=29
2024-03-15T00:47:50Z [INFO]  [redis-cart] request handled; status=200 latency_ms=30
2024-03-15T00:47:51Z [INFO]  [shippingservice] request handled; status=200 latency_ms=31
2024-03-15T00:47:51Z [WARN]  [frontend] upstream call degraded via paymentservice latency_ms=271
2024-03-15T00:47:52Z [INFO]  [adservice] request handled; status=200 latency_ms=32
2024-03-15T00:47:53Z [INFO]  [cartservice] request handled; status=200 latency_ms=33
2024-03-15T00:47:54Z [INFO]  [checkoutservice] request handled; status=200 latency_ms=34
2024-03-15T00:47:55Z [INFO]  [currencyservice] request handled; status=200 latency_ms=35
2024-03-15T00:47:56Z [INFO]  [emailservice] request handled; status=200 latency_ms=36
2024-03-15T00:47:57Z [INFO]  [frontend] request handled; status=200 latency_ms=37
2024-03-15T00:47:58Z [INFO]  [loadgenerator] request handled; status=200 latency_ms=38
2024-03-15T00:47:59Z [INFO]  [paymentservice] request handled; status=200 latency_ms=39
2024-03-15T00:48:00Z [INFO]  [productcatalogservice] request handled; status=200 latency_ms=40
2024-03-15T00:48:01Z [INFO]  [recommendationservice] request handled; status=200 latency_ms=41
2024-03-15T00:48:02Z [INFO]  [redis-cart] request handled; status=200 latency_ms=42
2024-03-15T00:48:03Z [INFO]  [shippingservice] request handled; status=200 latency_ms=43
2024-03-15T00:48:04Z [INFO]  [adservice] request handled; status=200 latency_ms=44
2024-03-15T00:48:05Z [INFO]  [cartservice] request handled; status=200 latency_ms=45
2024-03-15T00:48:06Z [INFO]  [checkoutservice] request handled; status=200 latency_ms=46
2024-03-15T00:48:07Z [INFO]  [currencyservice] request handled; status=200 latency_ms=47
2024-03-15T00:48:08Z [INFO]  [emailservice] request handled; status=200 latency_ms=48
2024-03-15T00:48:08Z [WARN]  [frontend] upstream call degraded via paymentservice latency_ms=288
2024-03-15T00:48:09Z [INFO]  [frontend] request handled; status=200 latency_ms=49
2024-03-15T00:48:10Z [INFO]  [loadgenerator] request handled; status=200 latency_ms=50
2024-03-15T00:48:11Z [INFO]  [paymentservice] request handled; status=200 latency_ms=51
2024-03-15T00:48:12Z [INFO]  [productcatalogservice] request handled; status=200 latency_ms=52
2024-03-15T00:48:13Z [INFO]  [recommendationservice] request handled; status=200 latency_ms=53
2024-03-15T00:48:14Z [INFO]  [redis-cart] request handled; status=200 latency_ms=54
2024-03-15T00:48:15Z [INFO]  [shippingservice] request handled; status=200 latency_ms=55
2024-03-15T00:48:16Z [INFO]  [adservice] request handled; status=200 latency_ms=56
2024-03-15T00:48:17Z [INFO]  [cartservice] request handled; status=200 latency_ms=57
2024-03-15T00:48:18Z [INFO]  [checkoutservice] request handled; status=200 latency_ms=58
2024-03-15T00:48:19Z [INFO]  [currencyservice] request handled; status=200 latency_ms=59
2024-03-15T00:48:20Z [INFO]  [emailservice] request handled; status=200 latency_ms=10
2024-03-15T00:48:21Z [INFO]  [frontend] request handled; status=200 latency_ms=11
2024-03-15T00:48:22Z [INFO]  [loadgenerator] request handled; status=200 latency_ms=12
2024-03-15T00:48:23Z [INFO]  [paymentservice] request handled; status=200 latency_ms=13
2024-03-15T00:48:24Z [INFO]  [productcatalogservice] request handled; status=200 latency_ms=14
2024-03-15T00:48:25Z [INFO]  [recommendationservice] request handled; status=200 latency_ms=15
2024-03-15T00:48:25Z [WARN]  [frontend] upstream call degraded via paymentservice latency_ms=305
2024-03-15T00:48:26Z [INFO]  [redis-cart] request handled; status=200 latency_ms=16
2024-03-15T00:48:27Z [INFO]  [shippingservice] request handled; status=200 latency_ms=17
2024-03-15T00:48:28Z [INFO]  [adservice] request handled; status=200 latency_ms=18
2024-03-15T00:48:29Z [INFO]  [cartservice] request handled; status=200 latency_ms=19
2024-03-15T00:48:30Z [INFO]  [checkoutservice] request handled; status=200 latency_ms=20
2024-03-15T00:48:31Z [INFO]  [currencyservice] request handled; status=200 latency_ms=21
2024-03-15T00:48:32Z [INFO]  [emailservice] request handled; status=200 latency_ms=22
2024-03-15T00:48:33Z [INFO]  [frontend] request handled; status=200 latency_ms=23
2024-03-15T00:48:34Z [INFO]  [loadgenerator] request handled; status=200 latency_ms=24
2024-03-15T00:48:35Z [INFO]  [paymentservice] request handled; status=200 latency_ms=25
2024-03-15T00:48:36Z [INFO]  [productcatalogservice] request handled; status=200 latency_ms=26
2024-03-15T00:48:37Z [INFO]  [recommendationservice] request handled; status=200 latency_ms=27
2024-03-15T00:48:38Z [INFO]  [redis-cart] request handled; status=200 latency_ms=28
2024-03-15T00:48:39Z [INFO]  [shippingservice] request handled; status=200 latency_ms=29
2024-03-15T00:48:40Z [INFO]  [adservice] request handled; status=200 latency_ms=30
2024-03-15T00:48:41Z [INFO]  [cartservice] request handled; status=200 latency_ms=31
2024-03-15T00:48:42Z [INFO]  [checkoutservice] request handled; status=200 latency_ms=32
2024-03-15T00:48:42Z [WARN]  [frontend] upstream call degraded via paymentservice latency_ms=322
2024-03-15T00:48:43Z [INFO]  [currencyservice] request handled; status=200 latency_ms=33
2024-03-15T00:48:44Z [INFO]  [emailservice] request handled; status=200 latency_ms=34
2024-03-15T00:48:45Z [INFO]  [frontend] request handled; status=200 latency_ms=35
2024-03-15T00:48:45Z [ERROR] [paymentservice] OOMKilled: container killed by out-of-memory
2024-03-15T00:48:45Z [WARNING] [paymentservice] pod restarted, reason=OOMKilled
2024-03-15T00:48:45Z [ERROR] [frontend] /payment page: HTTP 500 returned
2024-03-15T00:48:45Z [ERROR] [frontend] Error at payment page: paymentservice unavailable
2024-03-15T00:48:46Z [INFO]  [loadgenerator] request handled; status=200 latency_ms=36
2024-03-15T00:48:47Z [INFO]  [paymentservice] request handled; status=200 latency_ms=37
2024-03-15T00:48:48Z [INFO]  [productcatalogservice] request handled; status=200 latency_ms=38
2024-03-15T00:48:49Z [INFO]  [recommendationservice] request handled; status=200 latency_ms=39
2024-03-15T00:48:50Z [INFO]  [redis-cart] request handled; status=200 latency_ms=40
2024-03-15T00:48:51Z [INFO]  [shippingservice] request handled; status=200 latency_ms=41
2024-03-15T00:48:52Z [INFO]  [adservice] request handled; status=200 latency_ms=42
2024-03-15T00:48:53Z [INFO]  [cartservice] request handled; status=200 latency_ms=43
2024-03-15T00:48:54Z [INFO]  [checkoutservice] request handled; status=200 latency_ms=44
2024-03-15T00:48:55Z [INFO]  [currencyservice] request handled; status=200 latency_ms=45
2024-03-15T00:48:56Z [INFO]  [emailservice] request handled; status=200 latency_ms=46
2024-03-15T00:48:57Z [INFO]  [frontend] request handled; status=200 latency_ms=47
2024-03-15T00:48:58Z [INFO]  [loadgenerator] request handled; status=200 latency_ms=48
2024-03-15T00:48:59Z [INFO]  [paymentservice] request handled; status=200 latency_ms=49
2024-03-15T00:48:59Z [WARN]  [frontend] upstream call degraded via paymentservice latency_ms=339
2024-03-15T00:49:00Z [INFO]  [productcatalogservice] request handled; status=200 latency_ms=50
2024-03-15T00:49:01Z [INFO]  [recommendationservice] request handled; status=200 latency_ms=51
2024-03-15T00:49:02Z [INFO]  [redis-cart] request handled; status=200 latency_ms=52
2024-03-15T00:49:03Z [INFO]  [shippingservice] request handled; status=200 latency_ms=53
2024-03-15T00:49:04Z [INFO]  [adservice] request handled; status=200 latency_ms=54
2024-03-15T00:49:05Z [INFO]  [cartservice] request handled; status=200 latency_ms=55
2024-03-15T00:49:06Z [INFO]  [checkoutservice] request handled; status=200 latency_ms=56
2024-03-15T00:49:07Z [INFO]  [currencyservice] request handled; status=200 latency_ms=57
2024-03-15T00:49:08Z [INFO]  [emailservice] request handled; status=200 latency_ms=58
2024-03-15T00:49:09Z [INFO]  [frontend] request handled; status=200 latency_ms=59
2024-03-15T00:49:10Z [INFO]  [loadgenerator] request handled; status=200 latency_ms=10
2024-03-15T00:49:11Z [INFO]  [paymentservice] request handled; status=200 latency_ms=11
2024-03-15T00:49:12Z [INFO]  [productcatalogservice] request handled; status=200 latency_ms=12
2024-03-15T00:49:13Z [INFO]  [recommendationservice] request handled; status=200 latency_ms=13
2024-03-15T00:49:14Z [INFO]  [redis-cart] request handled; status=200 latency_ms=14
2024-03-15T00:49:15Z [INFO]  [shippingservice] request handled; status=200 latency_ms=15
2024-03-15T00:49:16Z [INFO]  [adservice] request handled; status=200 latency_ms=16
2024-03-15T00:49:16Z [WARN]  [frontend] upstream call degraded via paymentservice latency_ms=356
2024-03-15T00:49:17Z [INFO]  [cartservice] request handled; status=200 latency_ms=17
2024-03-15T00:49:18Z [INFO]  [checkoutservice] request handled; status=200 latency_ms=18
2024-03-15T00:49:19Z [INFO]  [currencyservice] request handled; status=200 latency_ms=19
2024-03-15T00:49:20Z [INFO]  [emailservice] request handled; status=200 latency_ms=20
2024-03-15T00:49:21Z [INFO]  [frontend] request handled; status=200 latency_ms=21
2024-03-15T00:49:22Z [INFO]  [loadgenerator] request handled; status=200 latency_ms=22
2024-03-15T00:49:23Z [INFO]  [paymentservice] request handled; status=200 latency_ms=23
2024-03-15T00:49:24Z [INFO]  [productcatalogservice] request handled; status=200 latency_ms=24
2024-03-15T00:49:25Z [INFO]  [recommendationservice] request handled; status=200 latency_ms=25
2024-03-15T00:49:25Z [ERROR] [emailservice] init error: template directory missing '/app/templates'
2024-03-15T00:49:25Z [ERROR] [emailservice] CrashLoopBackOff (exit code 1)
2024-03-15T00:49:26Z [INFO]  [redis-cart] request handled; status=200 latency_ms=26
2024-03-15T00:49:27Z [INFO]  [shippingservice] request handled; status=200 latency_ms=27
2024-03-15T00:49:28Z [INFO]  [adservice] request handled; status=200 latency_ms=28
2024-03-15T00:49:29Z [INFO]  [cartservice] request handled; status=200 latency_ms=29
2024-03-15T00:49:30Z [INFO]  [checkoutservice] request handled; status=200 latency_ms=30
2024-03-15T00:49:31Z [INFO]  [currencyservice] request handled; status=200 latency_ms=31
2024-03-15T00:49:32Z [INFO]  [emailservice] request handled; status=200 latency_ms=32
2024-03-15T00:49:33Z [INFO]  [frontend] request handled; status=200 latency_ms=33
2024-03-15T00:49:33Z [WARN]  [frontend] upstream call degraded via paymentservice latency_ms=373
2024-03-15T00:49:34Z [INFO]  [loadgenerator] request handled; status=200 latency_ms=34
2024-03-15T00:49:35Z [INFO]  [paymentservice] request handled; status=200 latency_ms=35
2024-03-15T00:49:36Z [INFO]  [productcatalogservice] request handled; status=200 latency_ms=36
2024-03-15T00:49:37Z [INFO]  [recommendationservice] request handled; status=200 latency_ms=37
2024-03-15T00:49:38Z [INFO]  [redis-cart] request handled; status=200 latency_ms=38
2024-03-15T00:49:39Z [INFO]  [shippingservice] request handled; status=200 latency_ms=39
2024-03-15T00:49:40Z [INFO]  [adservice] request handled; status=200 latency_ms=40
2024-03-15T00:49:41Z [INFO]  [cartservice] request handled; status=200 latency_ms=41
2024-03-15T00:49:42Z [INFO]  [checkoutservice] request handled; status=200 latency_ms=42
2024-03-15T00:49:43Z [INFO]  [currencyservice] request handled; status=200 latency_ms=43
2024-03-15T00:49:44Z [INFO]  [emailservice] request handled; status=200 latency_ms=44
2024-03-15T00:49:45Z [INFO]  [frontend] request handled; status=200 latency_ms=45
2024-03-15T00:49:46Z [INFO]  [loadgenerator] request handled; status=200 latency_ms=46
2024-03-15T00:49:47Z [INFO]  [paymentservice] request handled; status=200 latency_ms=47
2024-03-15T00:49:48Z [INFO]  [productcatalogservice] request handled; status=200 latency_ms=48
2024-03-15T00:49:49Z [INFO]  [recommendationservice] request handled; status=200 latency_ms=49
2024-03-15T00:49:50Z [INFO]  [redis-cart] request handled; status=200 latency_ms=50
2024-03-15T00:49:50Z [WARN]  [frontend] upstream call degraded via paymentservice latency_ms=390
2024-03-15T00:49:51Z [INFO]  [shippingservice] request handled; status=200 latency_ms=51
2024-03-15T00:49:52Z [INFO]  [adservice] request handled; status=200 latency_ms=52
2024-03-15T00:49:53Z [INFO]  [cartservice] request handled; status=200 latency_ms=53
2024-03-15T00:49:54Z [INFO]  [checkoutservice] request handled; status=200 latency_ms=54
2024-03-15T00:49:55Z [INFO]  [currencyservice] request handled; status=200 latency_ms=55
2024-03-15T00:49:56Z [INFO]  [emailservice] request handled; status=200 latency_ms=56
2024-03-15T00:49:57Z [INFO]  [frontend] request handled; status=200 latency_ms=57
2024-03-15T00:49:58Z [INFO]  [loadgenerator] request handled; status=200 latency_ms=58
2024-03-15T00:49:59Z [INFO]  [paymentservice] request handled; status=200 latency_ms=59
2024-03-15T00:50:00Z [INFO]  [productcatalogservice] request handled; status=200 latency_ms=10
2024-03-15T00:50:01Z [INFO]  [recommendationservice] request handled; status=200 latency_ms=11
2024-03-15T00:50:02Z [INFO]  [redis-cart] request handled; status=200 latency_ms=12
2024-03-15T00:50:03Z [INFO]  [shippingservice] request handled; status=200 latency_ms=13
2024-03-15T00:50:04Z [INFO]  [adservice] request handled; status=200 latency_ms=14
2024-03-15T00:50:05Z [INFO]  [cartservice] request handled; status=200 latency_ms=15
2024-03-15T00:50:06Z [INFO]  [checkoutservice] request handled; status=200 latency_ms=16
2024-03-15T00:50:07Z [INFO]  [currencyservice] request handled; status=200 latency_ms=17
2024-03-15T00:50:07Z [WARN]  [frontend] upstream call degraded via paymentservice latency_ms=407
2024-03-15T00:50:08Z [INFO]  [emailservice] request handled; status=200 latency_ms=18
2024-03-15T00:50:09Z [INFO]  [frontend] request handled; status=200 latency_ms=19
2024-03-15T00:50:10Z [INFO]  [loadgenerator] request handled; status=200 latency_ms=20
2024-03-15T00:50:11Z [INFO]  [paymentservice] request handled; status=200 latency_ms=21
2024-03-15T00:50:12Z [INFO]  [productcatalogservice] request handled; status=200 latency_ms=22
2024-03-15T00:50:13Z [INFO]  [recommendationservice] request handled; status=200 latency_ms=23
2024-03-15T00:50:14Z [INFO]  [redis-cart] request handled; status=200 latency_ms=24
2024-03-15T00:50:15Z [INFO]  [shippingservice] request handled; status=200 latency_ms=25
2024-03-15T00:50:16Z [INFO]  [adservice] request handled; status=200 latency_ms=26
2024-03-15T00:50:17Z [INFO]  [cartservice] request handled; status=200 latency_ms=27
2024-03-15T00:50:18Z [INFO]  [checkoutservice] request handled; status=200 latency_ms=28
2024-03-15T00:50:19Z [INFO]  [currencyservice] request handled; status=200 latency_ms=29
2024-03-15T00:50:20Z [INFO]  [emailservice] request handled; status=200 latency_ms=30
2024-03-15T00:50:21Z [INFO]  [frontend] request handled; status=200 latency_ms=31
2024-03-15T00:50:22Z [INFO]  [loadgenerator] request handled; status=200 latency_ms=32
2024-03-15T00:50:23Z [INFO]  [paymentservice] request handled; status=200 latency_ms=33
2024-03-15T00:50:24Z [INFO]  [productcatalogservice] request handled; status=200 latency_ms=34
2024-03-15T00:50:24Z [WARN]  [frontend] upstream call degraded via paymentservice latency_ms=424
2024-03-15T00:50:25Z [INFO]  [recommendationservice] request handled; status=200 latency_ms=35
2024-03-15T00:50:26Z [INFO]  [redis-cart] request handled; status=200 latency_ms=36
2024-03-15T00:50:27Z [INFO]  [shippingservice] request handled; status=200 latency_ms=37
2024-03-15T00:50:28Z [INFO]  [adservice] request handled; status=200 latency_ms=38
2024-03-15T00:50:29Z [INFO]  [cartservice] request handled; status=200 latency_ms=39
2024-03-15T00:50:30Z [INFO]  [checkoutservice] request handled; status=200 latency_ms=40
2024-03-15T00:50:31Z [INFO]  [currencyservice] request handled; status=200 latency_ms=41
2024-03-15T00:50:32Z [INFO]  [emailservice] request handled; status=200 latency_ms=42
2024-03-15T00:50:33Z [INFO]  [frontend] request handled; status=200 latency_ms=43
2024-03-15T00:50:34Z [INFO]  [loadgenerator] request handled; status=200 latency_ms=44
2024-03-15T00:50:35Z [INFO]  [paymentservice] request handled; status=200 latency_ms=45
2024-03-15T00:50:36Z [INFO]  [productcatalogservice] request handled; status=200 latency_ms=46
2024-03-15T00:50:37Z [INFO]  [recommendationservice] request handled; status=200 latency_ms=47
2024-03-15T00:50:38Z [INFO]  [redis-cart] request handled; status=200 latency_ms=48
2024-03-15T00:50:38Z [ERROR] [paymentservice] OOMKilled: container killed by out-of-memory
2024-03-15T00:50:38Z [WARNING] [paymentservice] pod restarted, reason=OOMKilled
2024-03-15T00:50:38Z [ERROR] [frontend] /payment page: HTTP 500 returned
2024-03-15T00:50:38Z [ERROR] [frontend] Error at payment page: paymentservice unavailable
2024-03-15T00:50:39Z [INFO]  [shippingservice] request handled; status=200 latency_ms=49
2024-03-15T00:50:40Z [INFO]  [adservice] request handled; status=200 latency_ms=50
2024-03-15T00:50:41Z [INFO]  [cartservice] request handled; status=200 latency_ms=51
2024-03-15T00:50:41Z [WARN]  [frontend] upstream call degraded via paymentservice latency_ms=441
2024-03-15T00:50:42Z [INFO]  [checkoutservice] request handled; status=200 latency_ms=52
2024-03-15T00:50:43Z [INFO]  [currencyservice] request handled; status=200 latency_ms=53
2024-03-15T00:50:44Z [INFO]  [emailservice] request handled; status=200 latency_ms=54
2024-03-15T00:50:45Z [INFO]  [frontend] request handled; status=200 latency_ms=55
2024-03-15T00:50:46Z [INFO]  [loadgenerator] request handled; status=200 latency_ms=56
2024-03-15T00:50:47Z [INFO]  [paymentservice] request handled; status=200 latency_ms=57
2024-03-15T00:50:48Z [INFO]  [productcatalogservice] request handled; status=200 latency_ms=58
2024-03-15T00:50:49Z [INFO]  [recommendationservice] request handled; status=200 latency_ms=59
2024-03-15T00:50:50Z [INFO]  [redis-cart] request handled; status=200 latency_ms=10
2024-03-15T00:50:51Z [INFO]  [shippingservice] request handled; status=200 latency_ms=11
2024-03-15T00:50:52Z [INFO]  [adservice] request handled; status=200 latency_ms=12
2024-03-15T00:50:53Z [INFO]  [cartservice] request handled; status=200 latency_ms=13
2024-03-15T00:50:54Z [INFO]  [checkoutservice] request handled; status=200 latency_ms=14
2024-03-15T00:50:55Z [INFO]  [currencyservice] request handled; status=200 latency_ms=15
2024-03-15T00:50:56Z [INFO]  [emailservice] request handled; status=200 latency_ms=16
2024-03-15T00:50:57Z [INFO]  [frontend] request handled; status=200 latency_ms=17
2024-03-15T00:50:58Z [INFO]  [loadgenerator] request handled; status=200 latency_ms=18
2024-03-15T00:50:58Z [WARN]  [frontend] upstream call degraded via paymentservice latency_ms=458
2024-03-15T00:50:59Z [INFO]  [paymentservice] request handled; status=200 latency_ms=19
2024-03-15T00:51:00Z [INFO]  [productcatalogservice] request handled; status=200 latency_ms=20
2024-03-15T00:51:01Z [INFO]  [recommendationservice] request handled; status=200 latency_ms=21
2024-03-15T00:51:02Z [INFO]  [redis-cart] request handled; status=200 latency_ms=22
2024-03-15T00:51:03Z [INFO]  [shippingservice] request handled; status=200 latency_ms=23
2024-03-15T00:51:04Z [INFO]  [adservice] request handled; status=200 latency_ms=24
2024-03-15T00:51:05Z [INFO]  [cartservice] request handled; status=200 latency_ms=25
2024-03-15T00:51:06Z [INFO]  [checkoutservice] request handled; status=200 latency_ms=26
2024-03-15T00:51:07Z [INFO]  [currencyservice] request handled; status=200 latency_ms=27
2024-03-15T00:51:08Z [INFO]  [emailservice] request handled; status=200 latency_ms=28
2024-03-15T00:51:09Z [INFO]  [frontend] request handled; status=200 latency_ms=29
2024-03-15T00:51:10Z [INFO]  [loadgenerator] request handled; status=200 latency_ms=30
2024-03-15T00:51:11Z [INFO]  [paymentservice] request handled; status=200 latency_ms=31
2024-03-15T00:51:12Z [INFO]  [productcatalogservice] request handled; status=200 latency_ms=32
2024-03-15T00:51:13Z [INFO]  [recommendationservice] request handled; status=200 latency_ms=33
2024-03-15T00:51:14Z [INFO]  [redis-cart] request handled; status=200 latency_ms=34
2024-03-15T00:51:15Z [INFO]  [shippingservice] request handled; status=200 latency_ms=35
2024-03-15T00:51:15Z [WARN]  [frontend] upstream call degraded via paymentservice latency_ms=475
2024-03-15T00:51:16Z [INFO]  [adservice] request handled; status=200 latency_ms=36
2024-03-15T00:51:17Z [INFO]  [cartservice] request handled; status=200 latency_ms=37
2024-03-15T00:51:18Z [INFO]  [checkoutservice] request handled; status=200 latency_ms=38
2024-03-15T00:51:19Z [INFO]  [currencyservice] request handled; status=200 latency_ms=39
2024-03-15T00:51:20Z [INFO]  [emailservice] request handled; status=200 latency_ms=40
2024-03-15T00:51:21Z [INFO]  [frontend] request handled; status=200 latency_ms=41
2024-03-15T00:51:22Z [INFO]  [loadgenerator] request handled; status=200 latency_ms=42
2024-03-15T00:51:23Z [INFO]  [paymentservice] request handled; status=200 latency_ms=43
2024-03-15T00:51:24Z [INFO]  [productcatalogservice] request handled; status=200 latency_ms=44
2024-03-15T00:51:25Z [INFO]  [recommendationservice] request handled; status=200 latency_ms=45
2024-03-15T00:51:26Z [INFO]  [redis-cart] request handled; status=200 latency_ms=46
2024-03-15T00:51:27Z [INFO]  [shippingservice] request handled; status=200 latency_ms=47
2024-03-15T00:51:28Z [INFO]  [adservice] request handled; status=200 latency_ms=48
2024-03-15T00:51:29Z [INFO]  [cartservice] request handled; status=200 latency_ms=49
2024-03-15T00:51:30Z [INFO]  [checkoutservice] request handled; status=200 latency_ms=50
2024-03-15T00:51:31Z [INFO]  [currencyservice] request handled; status=200 latency_ms=51
2024-03-15T00:51:32Z [INFO]  [emailservice] request handled; status=200 latency_ms=52
2024-03-15T00:51:32Z [WARN]  [frontend] upstream call degraded via paymentservice latency_ms=492
2024-03-15T00:51:33Z [INFO]  [frontend] request handled; status=200 latency_ms=53
2024-03-15T00:51:34Z [INFO]  [loadgenerator] request handled; status=200 latency_ms=54
2024-03-15T00:51:35Z [INFO]  [paymentservice] request handled; status=200 latency_ms=55
2024-03-15T00:51:36Z [INFO]  [productcatalogservice] request handled; status=200 latency_ms=56
2024-03-15T00:51:37Z [INFO]  [recommendationservice] request handled; status=200 latency_ms=57
2024-03-15T00:51:38Z [INFO]  [redis-cart] request handled; status=200 latency_ms=58
2024-03-15T00:51:39Z [INFO]  [shippingservice] request handled; status=200 latency_ms=59
2024-03-15T00:51:40Z [INFO]  [adservice] request handled; status=200 latency_ms=10
2024-03-15T00:51:41Z [INFO]  [cartservice] request handled; status=200 latency_ms=11
2024-03-15T00:51:42Z [INFO]  [checkoutservice] request handled; status=200 latency_ms=12
2024-03-15T00:51:43Z [INFO]  [currencyservice] request handled; status=200 latency_ms=13
2024-03-15T00:51:44Z [INFO]  [emailservice] request handled; status=200 latency_ms=14
2024-03-15T00:51:45Z [INFO]  [frontend] request handled; status=200 latency_ms=15
2024-03-15T00:51:46Z [INFO]  [loadgenerator] request handled; status=200 latency_ms=16
2024-03-15T00:51:47Z [INFO]  [paymentservice] request handled; status=200 latency_ms=17
2024-03-15T00:51:48Z [INFO]  [productcatalogservice] request handled; status=200 latency_ms=18
2024-03-15T00:51:49Z [INFO]  [recommendationservice] request handled; status=200 latency_ms=19
2024-03-15T00:51:49Z [WARN]  [frontend] upstream call degraded via paymentservice latency_ms=209
2024-03-15T00:51:50Z [INFO]  [redis-cart] request handled; status=200 latency_ms=20
2024-03-15T00:51:51Z [INFO]  [shippingservice] request handled; status=200 latency_ms=21
2024-03-15T00:51:52Z [INFO]  [adservice] request handled; status=200 latency_ms=22
2024-03-15T00:51:53Z [INFO]  [cartservice] request handled; status=200 latency_ms=23
2024-03-15T00:51:54Z [INFO]  [checkoutservice] request handled; status=200 latency_ms=24
2024-03-15T00:51:55Z [INFO]  [currencyservice] request handled; status=200 latency_ms=25
2024-03-15T00:51:56Z [INFO]  [emailservice] request handled; status=200 latency_ms=26
2024-03-15T00:51:57Z [INFO]  [frontend] request handled; status=200 latency_ms=27
2024-03-15T00:51:58Z [INFO]  [loadgenerator] request handled; status=200 latency_ms=28
2024-03-15T00:51:59Z [INFO]  [paymentservice] request handled; status=200 latency_ms=29
2024-03-15T00:52:00Z [INFO]  [productcatalogservice] request handled; status=200 latency_ms=30
2024-03-15T00:52:01Z [INFO]  [recommendationservice] request handled; status=200 latency_ms=31
2024-03-15T00:52:02Z [INFO]  [redis-cart] request handled; status=200 latency_ms=32
2024-03-15T00:52:03Z [INFO]  [shippingservice] request handled; status=200 latency_ms=33
2024-03-15T00:52:04Z [INFO]  [adservice] request handled; status=200 latency_ms=34
2024-03-15T00:52:05Z [INFO]  [cartservice] request handled; status=200 latency_ms=35
2024-03-15T00:52:06Z [INFO]  [checkoutservice] request handled; status=200 latency_ms=36
2024-03-15T00:52:06Z [WARN]  [frontend] upstream call degraded via paymentservice latency_ms=226
2024-03-15T00:52:07Z [INFO]  [currencyservice] request handled; status=200 latency_ms=37
2024-03-15T00:52:08Z [INFO]  [emailservice] request handled; status=200 latency_ms=38
2024-03-15T00:52:09Z [INFO]  [frontend] request handled; status=200 latency_ms=39
2024-03-15T00:52:10Z [INFO]  [loadgenerator] request handled; status=200 latency_ms=40
2024-03-15T00:52:11Z [INFO]  [paymentservice] request handled; status=200 latency_ms=41
2024-03-15T00:52:12Z [INFO]  [productcatalogservice] request handled; status=200 latency_ms=42
2024-03-15T00:52:13Z [INFO]  [recommendationservice] request handled; status=200 latency_ms=43
2024-03-15T00:52:14Z [INFO]  [redis-cart] request handled; status=200 latency_ms=44
2024-03-15T00:52:15Z [INFO]  [shippingservice] request handled; status=200 latency_ms=45
2024-03-15T00:52:16Z [INFO]  [adservice] request handled; status=200 latency_ms=46
2024-03-15T00:52:17Z [INFO]  [cartservice] request handled; status=200 latency_ms=47
2024-03-15T00:52:18Z [INFO]  [checkoutservice] request handled; status=200 latency_ms=48
2024-03-15T00:52:19Z [INFO]  [currencyservice] request handled; status=200 latency_ms=49
2024-03-15T00:52:20Z [INFO]  [emailservice] request handled; status=200 latency_ms=50
2024-03-15T00:52:21Z [INFO]  [frontend] request handled; status=200 latency_ms=51
2024-03-15T00:52:22Z [INFO]  [loadgenerator] request handled; status=200 latency_ms=52
2024-03-15T00:52:23Z [INFO]  [paymentservice] request handled; status=200 latency_ms=53
2024-03-15T00:52:23Z [WARN]  [frontend] upstream call degraded via paymentservice latency_ms=243
2024-03-15T00:52:24Z [INFO]  [productcatalogservice] request handled; status=200 latency_ms=54
2024-03-15T00:52:25Z [INFO]  [recommendationservice] request handled; status=200 latency_ms=55
2024-03-15T00:52:26Z [INFO]  [redis-cart] request handled; status=200 latency_ms=56
2024-03-15T00:52:27Z [INFO]  [shippingservice] request handled; status=200 latency_ms=57
2024-03-15T00:52:28Z [INFO]  [adservice] request handled; status=200 latency_ms=58
2024-03-15T00:52:29Z [INFO]  [cartservice] request handled; status=200 latency_ms=59
2024-03-15T00:52:30Z [INFO]  [checkoutservice] request handled; status=200 latency_ms=10
2024-03-15T00:52:31Z [INFO]  [currencyservice] request handled; status=200 latency_ms=11
2024-03-15T00:52:31Z [ERROR] [paymentservice] OOMKilled: container killed by out-of-memory
2024-03-15T00:52:31Z [WARNING] [paymentservice] pod restarted, reason=OOMKilled
2024-03-15T00:52:31Z [ERROR] [frontend] /payment page: HTTP 500 returned
2024-03-15T00:52:31Z [ERROR] [frontend] Error at payment page: paymentservice unavailable
2024-03-15T00:52:32Z [INFO]  [emailservice] request handled; status=200 latency_ms=12
2024-03-15T00:52:33Z [INFO]  [frontend] request handled; status=200 latency_ms=13
2024-03-15T00:52:34Z [INFO]  [loadgenerator] request handled; status=200 latency_ms=14
2024-03-15T00:52:35Z [INFO]  [paymentservice] request handled; status=200 latency_ms=15
2024-03-15T00:52:36Z [INFO]  [productcatalogservice] request handled; status=200 latency_ms=16
2024-03-15T00:52:36Z [ERROR] [emailservice] init error: template directory missing '/app/templates'
2024-03-15T00:52:36Z [ERROR] [emailservice] CrashLoopBackOff (exit code 1)
2024-03-15T00:52:37Z [INFO]  [recommendationservice] request handled; status=200 latency_ms=17
2024-03-15T00:52:38Z [INFO]  [redis-cart] request handled; status=200 latency_ms=18
2024-03-15T00:52:39Z [INFO]  [shippingservice] request handled; status=200 latency_ms=19
2024-03-15T00:52:40Z [INFO]  [adservice] request handled; status=200 latency_ms=20
2024-03-15T00:52:40Z [WARN]  [frontend] upstream call degraded via paymentservice latency_ms=260
2024-03-15T00:52:41Z [INFO]  [cartservice] request handled; status=200 latency_ms=21
2024-03-15T00:52:42Z [INFO]  [checkoutservice] request handled; status=200 latency_ms=22
2024-03-15T00:52:43Z [INFO]  [currencyservice] request handled; status=200 latency_ms=23
2024-03-15T00:52:44Z [INFO]  [emailservice] request handled; status=200 latency_ms=24
2024-03-15T00:52:45Z [INFO]  [frontend] request handled; status=200 latency_ms=25
2024-03-15T00:52:46Z [INFO]  [loadgenerator] request handled; status=200 latency_ms=26
2024-03-15T00:52:47Z [INFO]  [paymentservice] request handled; status=200 latency_ms=27
2024-03-15T00:52:48Z [INFO]  [productcatalogservice] request handled; status=200 latency_ms=28
2024-03-15T00:52:49Z [INFO]  [recommendationservice] request handled; status=200 latency_ms=29
2024-03-15T00:52:50Z [INFO]  [redis-cart] request handled; status=200 latency_ms=30
2024-03-15T00:52:51Z [INFO]  [shippingservice] request handled; status=200 latency_ms=31
2024-03-15T00:52:52Z [INFO]  [adservice] request handled; status=200 latency_ms=32
2024-03-15T00:52:53Z [INFO]  [cartservice] request handled; status=200 latency_ms=33
2024-03-15T00:52:54Z [INFO]  [checkoutservice] request handled; status=200 latency_ms=34
2024-03-15T00:52:55Z [INFO]  [currencyservice] request handled; status=200 latency_ms=35
2024-03-15T00:52:56Z [INFO]  [emailservice] request handled; status=200 latency_ms=36
2024-03-15T00:52:57Z [INFO]  [frontend] request handled; status=200 latency_ms=37
2024-03-15T00:52:57Z [WARN]  [frontend] upstream call degraded via paymentservice latency_ms=277
2024-03-15T00:52:58Z [INFO]  [loadgenerator] request handled; status=200 latency_ms=38
2024-03-15T00:52:59Z [INFO]  [paymentservice] request handled; status=200 latency_ms=39
2024-03-15T00:53:00Z [INFO]  [productcatalogservice] request handled; status=200 latency_ms=40
2024-03-15T00:53:01Z [INFO]  [recommendationservice] request handled; status=200 latency_ms=41
2024-03-15T00:53:02Z [INFO]  [redis-cart] request handled; status=200 latency_ms=42
2024-03-15T00:53:03Z [INFO]  [shippingservice] request handled; status=200 latency_ms=43
2024-03-15T00:53:04Z [INFO]  [adservice] request handled; status=200 latency_ms=44
2024-03-15T00:53:05Z [INFO]  [cartservice] request handled; status=200 latency_ms=45
2024-03-15T00:53:06Z [INFO]  [checkoutservice] request handled; status=200 latency_ms=46
2024-03-15T00:53:07Z [INFO]  [currencyservice] request handled; status=200 latency_ms=47
2024-03-15T00:53:08Z [INFO]  [emailservice] request handled; status=200 latency_ms=48
2024-03-15T00:53:09Z [INFO]  [frontend] request handled; status=200 latency_ms=49
2024-03-15T00:53:10Z [INFO]  [loadgenerator] request handled; status=200 latency_ms=50
2024-03-15T00:53:11Z [INFO]  [paymentservice] request handled; status=200 latency_ms=51
2024-03-15T00:53:12Z [INFO]  [productcatalogservice] request handled; status=200 latency_ms=52
2024-03-15T00:53:13Z [INFO]  [recommendationservice] request handled; status=200 latency_ms=53
2024-03-15T00:53:14Z [INFO]  [redis-cart] request handled; status=200 latency_ms=54
2024-03-15T00:53:14Z [WARN]  [frontend] upstream call degraded via paymentservice latency_ms=294
2024-03-15T00:53:15Z [INFO]  [shippingservice] request handled; status=200 latency_ms=55
2024-03-15T00:53:16Z [INFO]  [adservice] request handled; status=200 latency_ms=56
2024-03-15T00:53:17Z [INFO]  [cartservice] request handled; status=200 latency_ms=57
2024-03-15T00:53:18Z [INFO]  [checkoutservice] request handled; status=200 latency_ms=58
2024-03-15T00:53:19Z [INFO]  [currencyservice] request handled; status=200 latency_ms=59
2024-03-15T00:53:20Z [INFO]  [emailservice] request handled; status=200 latency_ms=10
2024-03-15T00:53:21Z [INFO]  [frontend] request handled; status=200 latency_ms=11
2024-03-15T00:53:22Z [INFO]  [loadgenerator] request handled; status=200 latency_ms=12
2024-03-15T00:53:23Z [INFO]  [paymentservice] request handled; status=200 latency_ms=13
2024-03-15T00:53:24Z [INFO]  [productcatalogservice] request handled; status=200 latency_ms=14
2024-03-15T00:53:25Z [INFO]  [recommendationservice] request handled; status=200 latency_ms=15
2024-03-15T00:53:26Z [INFO]  [redis-cart] request handled; status=200 latency_ms=16
2024-03-15T00:53:27Z [INFO]  [shippingservice] request handled; status=200 latency_ms=17
2024-03-15T00:53:28Z [INFO]  [adservice] request handled; status=200 latency_ms=18
2024-03-15T00:53:29Z [INFO]  [cartservice] request handled; status=200 latency_ms=19
2024-03-15T00:53:30Z [INFO]  [checkoutservice] request handled; status=200 latency_ms=20
2024-03-15T00:53:31Z [INFO]  [currencyservice] request handled; status=200 latency_ms=21
2024-03-15T00:53:31Z [WARN]  [frontend] upstream call degraded via paymentservice latency_ms=311
2024-03-15T00:53:32Z [INFO]  [emailservice] request handled; status=200 latency_ms=22
2024-03-15T00:53:33Z [INFO]  [frontend] request handled; status=200 latency_ms=23
2024-03-15T00:53:34Z [INFO]  [loadgenerator] request handled; status=200 latency_ms=24
2024-03-15T00:53:35Z [INFO]  [paymentservice] request handled; status=200 latency_ms=25
2024-03-15T00:53:36Z [INFO]  [productcatalogservice] request handled; status=200 latency_ms=26
2024-03-15T00:53:37Z [INFO]  [recommendationservice] request handled; status=200 latency_ms=27
2024-03-15T00:53:38Z [INFO]  [redis-cart] request handled; status=200 latency_ms=28
2024-03-15T00:53:39Z [INFO]  [shippingservice] request handled; status=200 latency_ms=29
2024-03-15T00:53:40Z [INFO]  [adservice] request handled; status=200 latency_ms=30
2024-03-15T00:53:41Z [INFO]  [cartservice] request handled; status=200 latency_ms=31
2024-03-15T00:53:42Z [INFO]  [checkoutservice] request handled; status=200 latency_ms=32
2024-03-15T00:53:43Z [INFO]  [currencyservice] request handled; status=200 latency_ms=33
2024-03-15T00:53:44Z [INFO]  [emailservice] request handled; status=200 latency_ms=34
2024-03-15T00:53:45Z [INFO]  [frontend] request handled; status=200 latency_ms=35
2024-03-15T00:53:46Z [INFO]  [loadgenerator] request handled; status=200 latency_ms=36
2024-03-15T00:53:47Z [INFO]  [paymentservice] request handled; status=200 latency_ms=37
2024-03-15T00:53:48Z [INFO]  [productcatalogservice] request handled; status=200 latency_ms=38
2024-03-15T00:53:48Z [WARN]  [frontend] upstream call degraded via paymentservice latency_ms=328
2024-03-15T00:53:49Z [INFO]  [recommendationservice] request handled; status=200 latency_ms=39
2024-03-15T00:53:50Z [INFO]  [redis-cart] request handled; status=200 latency_ms=40
2024-03-15T00:53:51Z [INFO]  [shippingservice] request handled; status=200 latency_ms=41
2024-03-15T00:53:52Z [INFO]  [adservice] request handled; status=200 latency_ms=42
2024-03-15T00:53:53Z [INFO]  [cartservice] request handled; status=200 latency_ms=43
2024-03-15T00:53:54Z [INFO]  [checkoutservice] request handled; status=200 latency_ms=44
2024-03-15T00:53:55Z [INFO]  [currencyservice] request handled; status=200 latency_ms=45
2024-03-15T00:53:56Z [INFO]  [emailservice] request handled; status=200 latency_ms=46
2024-03-15T00:53:57Z [INFO]  [frontend] request handled; status=200 latency_ms=47
2024-03-15T00:53:58Z [INFO]  [loadgenerator] request handled; status=200 latency_ms=48
2024-03-15T00:53:59Z [INFO]  [paymentservice] request handled; status=200 latency_ms=49
2024-03-15T00:54:00Z [INFO]  [productcatalogservice] request handled; status=200 latency_ms=50
2024-03-15T00:54:01Z [INFO]  [recommendationservice] request handled; status=200 latency_ms=51
2024-03-15T00:54:02Z [INFO]  [redis-cart] request handled; status=200 latency_ms=52
2024-03-15T00:54:03Z [INFO]  [shippingservice] request handled; status=200 latency_ms=53
2024-03-15T00:54:04Z [INFO]  [adservice] request handled; status=200 latency_ms=54
2024-03-15T00:54:05Z [INFO]  [cartservice] request handled; status=200 latency_ms=55
2024-03-15T00:54:05Z [WARN]  [frontend] upstream call degraded via paymentservice latency_ms=345
2024-03-15T00:54:06Z [INFO]  [checkoutservice] request handled; status=200 latency_ms=56
2024-03-15T00:54:07Z [INFO]  [currencyservice] request handled; status=200 latency_ms=57
2024-03-15T00:54:08Z [INFO]  [emailservice] request handled; status=200 latency_ms=58
2024-03-15T00:54:09Z [INFO]  [frontend] request handled; status=200 latency_ms=59
2024-03-15T00:54:10Z [INFO]  [loadgenerator] request handled; status=200 latency_ms=10
2024-03-15T00:54:11Z [INFO]  [paymentservice] request handled; status=200 latency_ms=11
2024-03-15T00:54:12Z [INFO]  [productcatalogservice] request handled; status=200 latency_ms=12
2024-03-15T00:54:13Z [INFO]  [recommendationservice] request handled; status=200 latency_ms=13
2024-03-15T00:54:14Z [INFO]  [redis-cart] request handled; status=200 latency_ms=14
2024-03-15T00:54:15Z [INFO]  [shippingservice] request handled; status=200 latency_ms=15
2024-03-15T00:54:16Z [INFO]  [adservice] request handled; status=200 latency_ms=16
2024-03-15T00:54:17Z [INFO]  [cartservice] request handled; status=200 latency_ms=17
2024-03-15T00:54:18Z [INFO]  [checkoutservice] request handled; status=200 latency_ms=18
2024-03-15T00:54:19Z [INFO]  [currencyservice] request handled; status=200 latency_ms=19
2024-03-15T00:54:20Z [INFO]  [emailservice] request handled; status=200 latency_ms=20
2024-03-15T00:54:21Z [INFO]  [frontend] request handled; status=200 latency_ms=21
2024-03-15T00:54:22Z [INFO]  [loadgenerator] request handled; status=200 latency_ms=22
2024-03-15T00:54:22Z [WARN]  [frontend] upstream call degraded via paymentservice latency_ms=362
2024-03-15T00:54:23Z [INFO]  [paymentservice] request handled; status=200 latency_ms=23
2024-03-15T00:54:24Z [INFO]  [productcatalogservice] request handled; status=200 latency_ms=24
2024-03-15T00:54:24Z [ERROR] [paymentservice] OOMKilled: container killed by out-of-memory
2024-03-15T00:54:24Z [WARNING] [paymentservice] pod restarted, reason=OOMKilled
2024-03-15T00:54:24Z [ERROR] [frontend] /payment page: HTTP 500 returned
2024-03-15T00:54:24Z [ERROR] [frontend] Error at payment page: paymentservice unavailable
2024-03-15T00:54:25Z [INFO]  [recommendationservice] request handled; status=200 latency_ms=25
2024-03-15T00:54:26Z [INFO]  [redis-cart] request handled; status=200 latency_ms=26
2024-03-15T00:54:27Z [INFO]  [shippingservice] request handled; status=200 latency_ms=27
2024-03-15T00:54:28Z [INFO]  [adservice] request handled; status=200 latency_ms=28
2024-03-15T00:54:29Z [INFO]  [cartservice] request handled; status=200 latency_ms=29
2024-03-15T00:54:30Z [INFO]  [checkoutservice] request handled; status=200 latency_ms=30
2024-03-15T00:54:31Z [INFO]  [currencyservice] request handled; status=200 latency_ms=31
2024-03-15T00:54:32Z [INFO]  [emailservice] request handled; status=200 latency_ms=32
2024-03-15T00:54:33Z [INFO]  [frontend] request handled; status=200 latency_ms=33
2024-03-15T00:54:34Z [INFO]  [loadgenerator] request handled; status=200 latency_ms=34
2024-03-15T00:54:35Z [INFO]  [paymentservice] request handled; status=200 latency_ms=35
2024-03-15T00:54:36Z [INFO]  [productcatalogservice] request handled; status=200 latency_ms=36
2024-03-15T00:54:37Z [INFO]  [recommendationservice] request handled; status=200 latency_ms=37
2024-03-15T00:54:38Z [INFO]  [redis-cart] request handled; status=200 latency_ms=38
2024-03-15T00:54:39Z [INFO]  [shippingservice] request handled; status=200 latency_ms=39
2024-03-15T00:54:39Z [WARN]  [frontend] upstream call degraded via paymentservice latency_ms=379
2024-03-15T00:54:40Z [INFO]  [adservice] request handled; status=200 latency_ms=40
2024-03-15T00:54:41Z [INFO]  [cartservice] request handled; status=200 latency_ms=41
2024-03-15T00:54:42Z [INFO]  [checkoutservice] request handled; status=200 latency_ms=42
2024-03-15T00:54:43Z [INFO]  [currencyservice] request handled; status=200 latency_ms=43
2024-03-15T00:54:44Z [INFO]  [emailservice] request handled; status=200 latency_ms=44
2024-03-15T00:54:45Z [INFO]  [frontend] request handled; status=200 latency_ms=45
2024-03-15T00:54:46Z [INFO]  [loadgenerator] request handled; status=200 latency_ms=46
2024-03-15T00:54:47Z [INFO]  [paymentservice] request handled; status=200 latency_ms=47
2024-03-15T00:54:48Z [INFO]  [productcatalogservice] request handled; status=200 latency_ms=48
2024-03-15T00:54:49Z [INFO]  [recommendationservice] request handled; status=200 latency_ms=49
2024-03-15T00:54:50Z [INFO]  [redis-cart] request handled; status=200 latency_ms=50
2024-03-15T00:54:51Z [INFO]  [shippingservice] request handled; status=200 latency_ms=51
2024-03-15T00:54:52Z [INFO]  [adservice] request handled; status=200 latency_ms=52
2024-03-15T00:54:53Z [INFO]  [cartservice] request handled; status=200 latency_ms=53
2024-03-15T00:54:54Z [INFO]  [checkoutservice] request handled; status=200 latency_ms=54
2024-03-15T00:54:55Z [INFO]  [currencyservice] request handled; status=200 latency_ms=55
2024-03-15T00:54:56Z [INFO]  [emailservice] request handled; status=200 latency_ms=56
2024-03-15T00:54:56Z [WARN]  [frontend] upstream call degraded via paymentservice latency_ms=396
2024-03-15T00:54:57Z [INFO]  [frontend] request handled; status=200 latency_ms=57
2024-03-15T00:54:58Z [INFO]  [loadgenerator] request handled; status=200 latency_ms=58
2024-03-15T00:54:59Z [INFO]  [paymentservice] request handled; status=200 latency_ms=59
2024-03-15T00:55:00Z [INFO]  [productcatalogservice] request handled; status=200 latency_ms=10
2024-03-15T00:55:01Z [INFO]  [recommendationservice] request handled; status=200 latency_ms=11
2024-03-15T00:55:02Z [INFO]  [redis-cart] request handled; status=200 latency_ms=12
2024-03-15T00:55:03Z [INFO]  [shippingservice] request handled; status=200 latency_ms=13
2024-03-15T00:55:04Z [INFO]  [adservice] request handled; status=200 latency_ms=14
2024-03-15T00:55:05Z [INFO]  [cartservice] request handled; status=200 latency_ms=15
2024-03-15T00:55:06Z [INFO]  [checkoutservice] request handled; status=200 latency_ms=16
2024-03-15T00:55:07Z [INFO]  [currencyservice] request handled; status=200 latency_ms=17
2024-03-15T00:55:08Z [INFO]  [emailservice] request handled; status=200 latency_ms=18
2024-03-15T00:55:09Z [INFO]  [frontend] request handled; status=200 latency_ms=19
2024-03-15T00:55:10Z [INFO]  [loadgenerator] request handled; status=200 latency_ms=20
2024-03-15T00:55:11Z [INFO]  [paymentservice] request handled; status=200 latency_ms=21
2024-03-15T00:55:12Z [INFO]  [productcatalogservice] request handled; status=200 latency_ms=22
2024-03-15T00:55:13Z [INFO]  [recommendationservice] request handled; status=200 latency_ms=23
2024-03-15T00:55:13Z [WARN]  [frontend] upstream call degraded via paymentservice latency_ms=413
2024-03-15T00:55:14Z [INFO]  [redis-cart] request handled; status=200 latency_ms=24
2024-03-15T00:55:15Z [INFO]  [shippingservice] request handled; status=200 latency_ms=25
2024-03-15T00:55:16Z [INFO]  [adservice] request handled; status=200 latency_ms=26
2024-03-15T00:55:17Z [INFO]  [cartservice] request handled; status=200 latency_ms=27
2024-03-15T00:55:18Z [INFO]  [checkoutservice] request handled; status=200 latency_ms=28
2024-03-15T00:55:19Z [INFO]  [currencyservice] request handled; status=200 latency_ms=29
2024-03-15T00:55:20Z [INFO]  [emailservice] request handled; status=200 latency_ms=30
2024-03-15T00:55:21Z [INFO]  [frontend] request handled; status=200 latency_ms=31
2024-03-15T00:55:22Z [INFO]  [loadgenerator] request handled; status=200 latency_ms=32
2024-03-15T00:55:23Z [INFO]  [paymentservice] request handled; status=200 latency_ms=33
2024-03-15T00:55:24Z [INFO]  [productcatalogservice] request handled; status=200 latency_ms=34
2024-03-15T00:55:25Z [INFO]  [recommendationservice] request handled; status=200 latency_ms=35
2024-03-15T00:55:26Z [INFO]  [redis-cart] request handled; status=200 latency_ms=36
2024-03-15T00:55:27Z [INFO]  [shippingservice] request handled; status=200 latency_ms=37
2024-03-15T00:55:28Z [INFO]  [adservice] request handled; status=200 latency_ms=38
2024-03-15T00:55:29Z [INFO]  [cartservice] request handled; status=200 latency_ms=39
2024-03-15T00:55:30Z [INFO]  [checkoutservice] request handled; status=200 latency_ms=40
2024-03-15T00:55:30Z [WARN]  [frontend] upstream call degraded via paymentservice latency_ms=430
2024-03-15T00:55:31Z [INFO]  [currencyservice] request handled; status=200 latency_ms=41
2024-03-15T00:55:32Z [INFO]  [emailservice] request handled; status=200 latency_ms=42
2024-03-15T00:55:33Z [INFO]  [frontend] request handled; status=200 latency_ms=43
2024-03-15T00:55:34Z [INFO]  [loadgenerator] request handled; status=200 latency_ms=44
2024-03-15T00:55:35Z [INFO]  [paymentservice] request handled; status=200 latency_ms=45
2024-03-15T00:55:36Z [INFO]  [productcatalogservice] request handled; status=200 latency_ms=46
2024-03-15T00:55:37Z [INFO]  [recommendationservice] request handled; status=200 latency_ms=47
2024-03-15T00:55:38Z [INFO]  [redis-cart] request handled; status=200 latency_ms=48
2024-03-15T00:55:39Z [INFO]  [shippingservice] request handled; status=200 latency_ms=49
2024-03-15T00:55:40Z [INFO]  [adservice] request handled; status=200 latency_ms=50
2024-03-15T00:55:41Z [INFO]  [cartservice] request handled; status=200 latency_ms=51
2024-03-15T00:55:42Z [INFO]  [checkoutservice] request handled; status=200 latency_ms=52
2024-03-15T00:55:43Z [INFO]  [currencyservice] request handled; status=200 latency_ms=53
2024-03-15T00:55:44Z [INFO]  [emailservice] request handled; status=200 latency_ms=54
2024-03-15T00:55:45Z [INFO]  [frontend] request handled; status=200 latency_ms=55
2024-03-15T00:55:46Z [INFO]  [loadgenerator] request handled; status=200 latency_ms=56
2024-03-15T00:55:47Z [INFO]  [paymentservice] request handled; status=200 latency_ms=57
2024-03-15T00:55:47Z [WARN]  [frontend] upstream call degraded via paymentservice latency_ms=447
2024-03-15T00:55:47Z [ERROR] [emailservice] init error: template directory missing '/app/templates'
2024-03-15T00:55:47Z [ERROR] [emailservice] CrashLoopBackOff (exit code 1)
2024-03-15T00:55:48Z [INFO]  [productcatalogservice] request handled; status=200 latency_ms=58
2024-03-15T00:55:49Z [INFO]  [recommendationservice] request handled; status=200 latency_ms=59
2024-03-15T00:55:50Z [INFO]  [redis-cart] request handled; status=200 latency_ms=10
2024-03-15T00:55:51Z [INFO]  [shippingservice] request handled; status=200 latency_ms=11
2024-03-15T00:55:52Z [INFO]  [adservice] request handled; status=200 latency_ms=12
2024-03-15T00:55:53Z [INFO]  [cartservice] request handled; status=200 latency_ms=13
2024-03-15T00:55:54Z [INFO]  [checkoutservice] request handled; status=200 latency_ms=14
2024-03-15T00:55:55Z [INFO]  [currencyservice] request handled; status=200 latency_ms=15
2024-03-15T00:55:56Z [INFO]  [emailservice] request handled; status=200 latency_ms=16
2024-03-15T00:55:57Z [INFO]  [frontend] request handled; status=200 latency_ms=17
2024-03-15T00:55:58Z [INFO]  [loadgenerator] request handled; status=200 latency_ms=18
2024-03-15T00:55:59Z [INFO]  [paymentservice] request handled; status=200 latency_ms=19
2024-03-15T00:56:00Z [INFO]  [productcatalogservice] request handled; status=200 latency_ms=20
2024-03-15T00:56:01Z [INFO]  [recommendationservice] request handled; status=200 latency_ms=21
2024-03-15T00:56:02Z [INFO]  [redis-cart] request handled; status=200 latency_ms=22
2024-03-15T00:56:03Z [INFO]  [shippingservice] request handled; status=200 latency_ms=23
2024-03-15T00:56:04Z [INFO]  [adservice] request handled; status=200 latency_ms=24
2024-03-15T00:56:04Z [WARN]  [frontend] upstream call degraded via paymentservice latency_ms=464
2024-03-15T00:56:05Z [INFO]  [cartservice] request handled; status=200 latency_ms=25
2024-03-15T00:56:06Z [INFO]  [checkoutservice] request handled; status=200 latency_ms=26
2024-03-15T00:56:07Z [INFO]  [currencyservice] request handled; status=200 latency_ms=27
2024-03-15T00:56:08Z [INFO]  [emailservice] request handled; status=200 latency_ms=28
2024-03-15T00:56:09Z [INFO]  [frontend] request handled; status=200 latency_ms=29
2024-03-15T00:56:10Z [INFO]  [loadgenerator] request handled; status=200 latency_ms=30
2024-03-15T00:56:11Z [INFO]  [paymentservice] request handled; status=200 latency_ms=31
2024-03-15T00:56:12Z [INFO]  [productcatalogservice] request handled; status=200 latency_ms=32
2024-03-15T00:56:13Z [INFO]  [recommendationservice] request handled; status=200 latency_ms=33
2024-03-15T00:56:14Z [INFO]  [redis-cart] request handled; status=200 latency_ms=34
2024-03-15T00:56:15Z [INFO]  [shippingservice] request handled; status=200 latency_ms=35
2024-03-15T00:56:16Z [INFO]  [adservice] request handled; status=200 latency_ms=36
2024-03-15T00:56:17Z [INFO]  [cartservice] request handled; status=200 latency_ms=37
2024-03-15T00:56:17Z [ERROR] [paymentservice] OOMKilled: container killed by out-of-memory
2024-03-15T00:56:17Z [WARNING] [paymentservice] pod restarted, reason=OOMKilled
2024-03-15T00:56:17Z [ERROR] [frontend] /payment page: HTTP 500 returned
2024-03-15T00:56:17Z [ERROR] [frontend] Error at payment page: paymentservice unavailable
2024-03-15T00:56:18Z [INFO]  [checkoutservice] request handled; status=200 latency_ms=38
2024-03-15T00:56:19Z [INFO]  [currencyservice] request handled; status=200 latency_ms=39
2024-03-15T00:56:20Z [INFO]  [emailservice] request handled; status=200 latency_ms=40
2024-03-15T00:56:21Z [INFO]  [frontend] request handled; status=200 latency_ms=41
2024-03-15T00:56:21Z [WARN]  [frontend] upstream call degraded via paymentservice latency_ms=481
2024-03-15T00:56:22Z [INFO]  [loadgenerator] request handled; status=200 latency_ms=42
2024-03-15T00:56:23Z [INFO]  [paymentservice] request handled; status=200 latency_ms=43
2024-03-15T00:56:24Z [INFO]  [productcatalogservice] request handled; status=200 latency_ms=44
2024-03-15T00:56:25Z [INFO]  [recommendationservice] request handled; status=200 latency_ms=45
2024-03-15T00:56:26Z [INFO]  [redis-cart] request handled; status=200 latency_ms=46
2024-03-15T00:56:27Z [INFO]  [shippingservice] request handled; status=200 latency_ms=47
2024-03-15T00:56:28Z [INFO]  [adservice] request handled; status=200 latency_ms=48
2024-03-15T00:56:29Z [INFO]  [cartservice] request handled; status=200 latency_ms=49
2024-03-15T00:56:30Z [INFO]  [checkoutservice] request handled; status=200 latency_ms=50
2024-03-15T00:56:31Z [INFO]  [currencyservice] request handled; status=200 latency_ms=51
2024-03-15T00:56:32Z [INFO]  [emailservice] request handled; status=200 latency_ms=52
2024-03-15T00:56:33Z [INFO]  [frontend] request handled; status=200 latency_ms=53
2024-03-15T00:56:34Z [INFO]  [loadgenerator] request handled; status=200 latency_ms=54
2024-03-15T00:56:35Z [INFO]  [paymentservice] request handled; status=200 latency_ms=55
2024-03-15T00:56:36Z [INFO]  [productcatalogservice] request handled; status=200 latency_ms=56
2024-03-15T00:56:37Z [INFO]  [recommendationservice] request handled; status=200 latency_ms=57
2024-03-15T00:56:38Z [INFO]  [redis-cart] request handled; status=200 latency_ms=58
2024-03-15T00:56:38Z [WARN]  [frontend] upstream call degraded via paymentservice latency_ms=498
2024-03-15T00:56:39Z [INFO]  [shippingservice] request handled; status=200 latency_ms=59
2024-03-15T00:56:40Z [INFO]  [adservice] request handled; status=200 latency_ms=10
2024-03-15T00:56:41Z [INFO]  [cartservice] request handled; status=200 latency_ms=11
2024-03-15T00:56:42Z [INFO]  [checkoutservice] request handled; status=200 latency_ms=12
2024-03-15T00:56:43Z [INFO]  [currencyservice] request handled; status=200 latency_ms=13
2024-03-15T00:56:44Z [INFO]  [emailservice] request handled; status=200 latency_ms=14
2024-03-15T00:56:45Z [INFO]  [frontend] request handled; status=200 latency_ms=15
2024-03-15T00:56:46Z [INFO]  [loadgenerator] request handled; status=200 latency_ms=16
2024-03-15T00:56:47Z [INFO]  [paymentservice] request handled; status=200 latency_ms=17
2024-03-15T00:56:48Z [INFO]  [productcatalogservice] request handled; status=200 latency_ms=18
2024-03-15T00:56:49Z [INFO]  [recommendationservice] request handled; status=200 latency_ms=19
2024-03-15T00:56:50Z [INFO]  [redis-cart] request handled; status=200 latency_ms=20
2024-03-15T00:56:51Z [INFO]  [shippingservice] request handled; status=200 latency_ms=21
2024-03-15T00:56:52Z [INFO]  [adservice] request handled; status=200 latency_ms=22
2024-03-15T00:56:53Z [INFO]  [cartservice] request handled; status=200 latency_ms=23
2024-03-15T00:56:54Z [INFO]  [checkoutservice] request handled; status=200 latency_ms=24
2024-03-15T00:56:55Z [INFO]  [currencyservice] request handled; status=200 latency_ms=25
2024-03-15T00:56:55Z [WARN]  [frontend] upstream call degraded via paymentservice latency_ms=215
2024-03-15T00:56:56Z [INFO]  [emailservice] request handled; status=200 latency_ms=26
2024-03-15T00:56:57Z [INFO]  [frontend] request handled; status=200 latency_ms=27
2024-03-15T00:56:58Z [INFO]  [loadgenerator] request handled; status=200 latency_ms=28
2024-03-15T00:56:59Z [INFO]  [paymentservice] request handled; status=200 latency_ms=29
2024-03-15T00:57:00Z [INFO]  [productcatalogservice] request handled; status=200 latency_ms=30
2024-03-15T00:57:01Z [INFO]  [recommendationservice] request handled; status=200 latency_ms=31
2024-03-15T00:57:02Z [INFO]  [redis-cart] request handled; status=200 latency_ms=32
2024-03-15T00:57:03Z [INFO]  [shippingservice] request handled; status=200 latency_ms=33
2024-03-15T00:57:04Z [INFO]  [adservice] request handled; status=200 latency_ms=34
2024-03-15T00:57:05Z [INFO]  [cartservice] request handled; status=200 latency_ms=35
2024-03-15T00:57:06Z [INFO]  [checkoutservice] request handled; status=200 latency_ms=36
2024-03-15T00:57:07Z [INFO]  [currencyservice] request handled; status=200 latency_ms=37
2024-03-15T00:57:08Z [INFO]  [emailservice] request handled; status=200 latency_ms=38
2024-03-15T00:57:09Z [INFO]  [frontend] request handled; status=200 latency_ms=39
2024-03-15T00:57:10Z [INFO]  [loadgenerator] request handled; status=200 latency_ms=40
2024-03-15T00:57:11Z [INFO]  [paymentservice] request handled; status=200 latency_ms=41
2024-03-15T00:57:12Z [INFO]  [productcatalogservice] request handled; status=200 latency_ms=42
2024-03-15T00:57:12Z [WARN]  [frontend] upstream call degraded via paymentservice latency_ms=232
2024-03-15T00:57:13Z [INFO]  [recommendationservice] request handled; status=200 latency_ms=43
2024-03-15T00:57:14Z [INFO]  [redis-cart] request handled; status=200 latency_ms=44
2024-03-15T00:57:15Z [INFO]  [shippingservice] request handled; status=200 latency_ms=45
2024-03-15T00:57:16Z [INFO]  [adservice] request handled; status=200 latency_ms=46
2024-03-15T00:57:17Z [INFO]  [cartservice] request handled; status=200 latency_ms=47
2024-03-15T00:57:18Z [INFO]  [checkoutservice] request handled; status=200 latency_ms=48
2024-03-15T00:57:19Z [INFO]  [currencyservice] request handled; status=200 latency_ms=49
2024-03-15T00:57:20Z [INFO]  [emailservice] request handled; status=200 latency_ms=50
2024-03-15T00:57:21Z [INFO]  [frontend] request handled; status=200 latency_ms=51
2024-03-15T00:57:22Z [INFO]  [loadgenerator] request handled; status=200 latency_ms=52
2024-03-15T00:57:23Z [INFO]  [paymentservice] request handled; status=200 latency_ms=53
2024-03-15T00:57:24Z [INFO]  [productcatalogservice] request handled; status=200 latency_ms=54
2024-03-15T00:57:25Z [INFO]  [recommendationservice] request handled; status=200 latency_ms=55
2024-03-15T00:57:26Z [INFO]  [redis-cart] request handled; status=200 latency_ms=56
2024-03-15T00:57:27Z [INFO]  [shippingservice] request handled; status=200 latency_ms=57
2024-03-15T00:57:28Z [INFO]  [adservice] request handled; status=200 latency_ms=58
2024-03-15T00:57:29Z [INFO]  [cartservice] request handled; status=200 latency_ms=59
2024-03-15T00:57:29Z [WARN]  [frontend] upstream call degraded via paymentservice latency_ms=249
2024-03-15T00:57:30Z [INFO]  [checkoutservice] request handled; status=200 latency_ms=10
2024-03-15T00:57:31Z [INFO]  [currencyservice] request handled; status=200 latency_ms=11
2024-03-15T00:57:32Z [INFO]  [emailservice] request handled; status=200 latency_ms=12
2024-03-15T00:57:33Z [INFO]  [frontend] request handled; status=200 latency_ms=13
2024-03-15T00:57:34Z [INFO]  [loadgenerator] request handled; status=200 latency_ms=14
2024-03-15T00:57:35Z [INFO]  [paymentservice] request handled; status=200 latency_ms=15
2024-03-15T00:57:36Z [INFO]  [productcatalogservice] request handled; status=200 latency_ms=16
2024-03-15T00:57:37Z [INFO]  [recommendationservice] request handled; status=200 latency_ms=17
2024-03-15T00:57:38Z [INFO]  [redis-cart] request handled; status=200 latency_ms=18
2024-03-15T00:57:39Z [INFO]  [shippingservice] request handled; status=200 latency_ms=19
2024-03-15T00:57:40Z [INFO]  [adservice] request handled; status=200 latency_ms=20
2024-03-15T00:57:41Z [INFO]  [cartservice] request handled; status=200 latency_ms=21
2024-03-15T00:57:42Z [INFO]  [checkoutservice] request handled; status=200 latency_ms=22
2024-03-15T00:57:43Z [INFO]  [currencyservice] request handled; status=200 latency_ms=23
2024-03-15T00:57:44Z [INFO]  [emailservice] request handled; status=200 latency_ms=24
2024-03-15T00:57:45Z [INFO]  [frontend] request handled; status=200 latency_ms=25
2024-03-15T00:57:46Z [INFO]  [loadgenerator] request handled; status=200 latency_ms=26
2024-03-15T00:57:46Z [WARN]  [frontend] upstream call degraded via paymentservice latency_ms=266
2024-03-15T00:57:47Z [INFO]  [paymentservice] request handled; status=200 latency_ms=27
2024-03-15T00:57:48Z [INFO]  [productcatalogservice] request handled; status=200 latency_ms=28
2024-03-15T00:57:49Z [INFO]  [recommendationservice] request handled; status=200 latency_ms=29
2024-03-15T00:57:50Z [INFO]  [redis-cart] request handled; status=200 latency_ms=30
2024-03-15T00:57:51Z [INFO]  [shippingservice] request handled; status=200 latency_ms=31
2024-03-15T00:57:52Z [INFO]  [adservice] request handled; status=200 latency_ms=32
2024-03-15T00:57:53Z [INFO]  [cartservice] request handled; status=200 latency_ms=33
2024-03-15T00:57:54Z [INFO]  [checkoutservice] request handled; status=200 latency_ms=34
2024-03-15T00:57:55Z [INFO]  [currencyservice] request handled; status=200 latency_ms=35
2024-03-15T00:57:56Z [INFO]  [emailservice] request handled; status=200 latency_ms=36
2024-03-15T00:57:57Z [INFO]  [frontend] request handled; status=200 latency_ms=37
2024-03-15T00:57:58Z [INFO]  [loadgenerator] request handled; status=200 latency_ms=38
2024-03-15T00:57:59Z [INFO]  [paymentservice] request handled; status=200 latency_ms=39
2024-03-15T00:58:00Z [INFO]  [productcatalogservice] request handled; status=200 latency_ms=40
2024-03-15T00:58:01Z [INFO]  [recommendationservice] request handled; status=200 latency_ms=41
2024-03-15T00:58:02Z [INFO]  [redis-cart] request handled; status=200 latency_ms=42
2024-03-15T00:58:03Z [INFO]  [shippingservice] request handled; status=200 latency_ms=43
2024-03-15T00:58:03Z [WARN]  [frontend] upstream call degraded via paymentservice latency_ms=283
2024-03-15T00:58:04Z [INFO]  [adservice] request handled; status=200 latency_ms=44
2024-03-15T00:58:05Z [INFO]  [cartservice] request handled; status=200 latency_ms=45
2024-03-15T00:58:06Z [INFO]  [checkoutservice] request handled; status=200 latency_ms=46
2024-03-15T00:58:07Z [INFO]  [currencyservice] request handled; status=200 latency_ms=47
2024-03-15T00:58:08Z [INFO]  [emailservice] request handled; status=200 latency_ms=48
2024-03-15T00:58:09Z [INFO]  [frontend] request handled; status=200 latency_ms=49
2024-03-15T00:58:10Z [INFO]  [loadgenerator] request handled; status=200 latency_ms=50
2024-03-15T00:58:10Z [ERROR] [paymentservice] OOMKilled: container killed by out-of-memory
2024-03-15T00:58:10Z [WARNING] [paymentservice] pod restarted, reason=OOMKilled
2024-03-15T00:58:10Z [ERROR] [frontend] /payment page: HTTP 500 returned
2024-03-15T00:58:10Z [ERROR] [frontend] Error at payment page: paymentservice unavailable
2024-03-15T00:58:11Z [INFO]  [paymentservice] request handled; status=200 latency_ms=51
2024-03-15T00:58:12Z [INFO]  [productcatalogservice] request handled; status=200 latency_ms=52
2024-03-15T00:58:13Z [INFO]  [recommendationservice] request handled; status=200 latency_ms=53
2024-03-15T00:58:14Z [INFO]  [redis-cart] request handled; status=200 latency_ms=54
2024-03-15T00:58:15Z [INFO]  [shippingservice] request handled; status=200 latency_ms=55
2024-03-15T00:58:16Z [INFO]  [adservice] request handled; status=200 latency_ms=56
2024-03-15T00:58:17Z [INFO]  [cartservice] request handled; status=200 latency_ms=57
2024-03-15T00:58:18Z [INFO]  [checkoutservice] request handled; status=200 latency_ms=58
2024-03-15T00:58:19Z [INFO]  [currencyservice] request handled; status=200 latency_ms=59
2024-03-15T00:58:20Z [INFO]  [emailservice] request handled; status=200 latency_ms=10
2024-03-15T00:58:20Z [WARN]  [frontend] upstream call degraded via paymentservice latency_ms=300
2024-03-15T00:58:21Z [INFO]  [frontend] request handled; status=200 latency_ms=11
2024-03-15T00:58:22Z [INFO]  [loadgenerator] request handled; status=200 latency_ms=12
2024-03-15T00:58:23Z [INFO]  [paymentservice] request handled; status=200 latency_ms=13
2024-03-15T00:58:24Z [INFO]  [productcatalogservice] request handled; status=200 latency_ms=14
2024-03-15T00:58:25Z [INFO]  [recommendationservice] request handled; status=200 latency_ms=15
2024-03-15T00:58:26Z [INFO]  [redis-cart] request handled; status=200 latency_ms=16
2024-03-15T00:58:27Z [INFO]  [shippingservice] request handled; status=200 latency_ms=17
2024-03-15T00:58:28Z [INFO]  [adservice] request handled; status=200 latency_ms=18
2024-03-15T00:58:29Z [INFO]  [cartservice] request handled; status=200 latency_ms=19
2024-03-15T00:58:30Z [INFO]  [checkoutservice] request handled; status=200 latency_ms=20
2024-03-15T00:58:31Z [INFO]  [currencyservice] request handled; status=200 latency_ms=21
2024-03-15T00:58:32Z [INFO]  [emailservice] request handled; status=200 latency_ms=22
2024-03-15T00:58:33Z [INFO]  [frontend] request handled; status=200 latency_ms=23
2024-03-15T00:58:34Z [INFO]  [loadgenerator] request handled; status=200 latency_ms=24
2024-03-15T00:58:35Z [INFO]  [paymentservice] request handled; status=200 latency_ms=25
2024-03-15T00:58:36Z [INFO]  [productcatalogservice] request handled; status=200 latency_ms=26
2024-03-15T00:58:37Z [INFO]  [recommendationservice] request handled; status=200 latency_ms=27
2024-03-15T00:58:37Z [WARN]  [frontend] upstream call degraded via paymentservice latency_ms=317
2024-03-15T00:58:38Z [INFO]  [redis-cart] request handled; status=200 latency_ms=28
2024-03-15T00:58:39Z [INFO]  [shippingservice] request handled; status=200 latency_ms=29
2024-03-15T00:58:40Z [INFO]  [adservice] request handled; status=200 latency_ms=30
2024-03-15T00:58:41Z [INFO]  [cartservice] request handled; status=200 latency_ms=31
2024-03-15T00:58:42Z [INFO]  [checkoutservice] request handled; status=200 latency_ms=32
2024-03-15T00:58:43Z [INFO]  [currencyservice] request handled; status=200 latency_ms=33
2024-03-15T00:58:44Z [INFO]  [emailservice] request handled; status=200 latency_ms=34
2024-03-15T00:58:45Z [INFO]  [frontend] request handled; status=200 latency_ms=35
2024-03-15T00:58:46Z [INFO]  [loadgenerator] request handled; status=200 latency_ms=36
2024-03-15T00:58:47Z [INFO]  [paymentservice] request handled; status=200 latency_ms=37
2024-03-15T00:58:48Z [INFO]  [productcatalogservice] request handled; status=200 latency_ms=38
2024-03-15T00:58:49Z [INFO]  [recommendationservice] request handled; status=200 latency_ms=39
2024-03-15T00:58:50Z [INFO]  [redis-cart] request handled; status=200 latency_ms=40
2024-03-15T00:58:51Z [INFO]  [shippingservice] request handled; status=200 latency_ms=41
2024-03-15T00:58:52Z [INFO]  [adservice] request handled; status=200 latency_ms=42
2024-03-15T00:58:53Z [INFO]  [cartservice] request handled; status=200 latency_ms=43
2024-03-15T00:58:54Z [INFO]  [checkoutservice] request handled; status=200 latency_ms=44
2024-03-15T00:58:54Z [WARN]  [frontend] upstream call degraded via paymentservice latency_ms=334
2024-03-15T00:58:55Z [INFO]  [currencyservice] request handled; status=200 latency_ms=45
2024-03-15T00:58:56Z [INFO]  [emailservice] request handled; status=200 latency_ms=46
2024-03-15T00:58:57Z [INFO]  [frontend] request handled; status=200 latency_ms=47
2024-03-15T00:58:58Z [INFO]  [loadgenerator] request handled; status=200 latency_ms=48
2024-03-15T00:58:58Z [ERROR] [emailservice] init error: template directory missing '/app/templates'
2024-03-15T00:58:58Z [ERROR] [emailservice] CrashLoopBackOff (exit code 1)
2024-03-15T00:58:59Z [INFO]  [paymentservice] request handled; status=200 latency_ms=49
2024-03-15T00:59:00Z [INFO]  [productcatalogservice] request handled; status=200 latency_ms=50
2024-03-15T00:59:01Z [INFO]  [recommendationservice] request handled; status=200 latency_ms=51
2024-03-15T00:59:02Z [INFO]  [redis-cart] request handled; status=200 latency_ms=52
2024-03-15T00:59:03Z [INFO]  [shippingservice] request handled; status=200 latency_ms=53
2024-03-15T00:59:04Z [INFO]  [adservice] request handled; status=200 latency_ms=54
2024-03-15T00:59:05Z [INFO]  [cartservice] request handled; status=200 latency_ms=55
2024-03-15T00:59:06Z [INFO]  [checkoutservice] request handled; status=200 latency_ms=56
2024-03-15T00:59:07Z [INFO]  [currencyservice] request handled; status=200 latency_ms=57
2024-03-15T00:59:08Z [INFO]  [emailservice] request handled; status=200 latency_ms=58
2024-03-15T00:59:09Z [INFO]  [frontend] request handled; status=200 latency_ms=59
2024-03-15T00:59:10Z [INFO]  [loadgenerator] request handled; status=200 latency_ms=10
2024-03-15T00:59:11Z [INFO]  [paymentservice] request handled; status=200 latency_ms=11
2024-03-15T00:59:11Z [WARN]  [frontend] upstream call degraded via paymentservice latency_ms=351
2024-03-15T00:59:12Z [INFO]  [productcatalogservice] request handled; status=200 latency_ms=12
2024-03-15T00:59:13Z [INFO]  [recommendationservice] request handled; status=200 latency_ms=13
2024-03-15T00:59:14Z [INFO]  [redis-cart] request handled; status=200 latency_ms=14
2024-03-15T00:59:15Z [INFO]  [shippingservice] request handled; status=200 latency_ms=15
2024-03-15T00:59:16Z [INFO]  [adservice] request handled; status=200 latency_ms=16
2024-03-15T00:59:17Z [INFO]  [cartservice] request handled; status=200 latency_ms=17
2024-03-15T00:59:18Z [INFO]  [checkoutservice] request handled; status=200 latency_ms=18
2024-03-15T00:59:19Z [INFO]  [currencyservice] request handled; status=200 latency_ms=19
2024-03-15T00:59:20Z [INFO]  [emailservice] request handled; status=200 latency_ms=20
2024-03-15T00:59:21Z [INFO]  [frontend] request handled; status=200 latency_ms=21
2024-03-15T00:59:22Z [INFO]  [loadgenerator] request handled; status=200 latency_ms=22
2024-03-15T00:59:23Z [INFO]  [paymentservice] request handled; status=200 latency_ms=23
2024-03-15T00:59:24Z [INFO]  [productcatalogservice] request handled; status=200 latency_ms=24
2024-03-15T00:59:25Z [INFO]  [recommendationservice] request handled; status=200 latency_ms=25
2024-03-15T00:59:26Z [INFO]  [redis-cart] request handled; status=200 latency_ms=26
2024-03-15T00:59:27Z [INFO]  [shippingservice] request handled; status=200 latency_ms=27
2024-03-15T00:59:28Z [INFO]  [adservice] request handled; status=200 latency_ms=28
2024-03-15T00:59:28Z [WARN]  [frontend] upstream call degraded via paymentservice latency_ms=368
2024-03-15T00:59:29Z [INFO]  [cartservice] request handled; status=200 latency_ms=29
2024-03-15T00:59:30Z [INFO]  [checkoutservice] request handled; status=200 latency_ms=30
2024-03-15T00:59:31Z [INFO]  [currencyservice] request handled; status=200 latency_ms=31
2024-03-15T00:59:32Z [INFO]  [emailservice] request handled; status=200 latency_ms=32
2024-03-15T00:59:33Z [INFO]  [frontend] request handled; status=200 latency_ms=33
2024-03-15T00:59:34Z [INFO]  [loadgenerator] request handled; status=200 latency_ms=34
2024-03-15T00:59:35Z [INFO]  [paymentservice] request handled; status=200 latency_ms=35
2024-03-15T00:59:36Z [INFO]  [productcatalogservice] request handled; status=200 latency_ms=36
2024-03-15T00:59:37Z [INFO]  [recommendationservice] request handled; status=200 latency_ms=37
2024-03-15T00:59:38Z [INFO]  [redis-cart] request handled; status=200 latency_ms=38
2024-03-15T00:59:39Z [INFO]  [shippingservice] request handled; status=200 latency_ms=39
2024-03-15T00:59:40Z [INFO]  [adservice] request handled; status=200 latency_ms=40
2024-03-15T00:59:41Z [INFO]  [cartservice] request handled; status=200 latency_ms=41
2024-03-15T00:59:42Z [INFO]  [checkoutservice] request handled; status=200 latency_ms=42
2024-03-15T00:59:43Z [INFO]  [currencyservice] request handled; status=200 latency_ms=43
2024-03-15T00:59:44Z [INFO]  [emailservice] request handled; status=200 latency_ms=44
2024-03-15T00:59:45Z [INFO]  [frontend] request handled; status=200 latency_ms=45
2024-03-15T00:59:45Z [WARN]  [frontend] upstream call degraded via paymentservice latency_ms=385
2024-03-15T00:59:46Z [INFO]  [loadgenerator] request handled; status=200 latency_ms=46
2024-03-15T00:59:47Z [INFO]  [paymentservice] request handled; status=200 latency_ms=47
2024-03-15T00:59:48Z [INFO]  [productcatalogservice] request handled; status=200 latency_ms=48
2024-03-15T00:59:49Z [INFO]  [recommendationservice] request handled; status=200 latency_ms=49
2024-03-15T00:59:50Z [INFO]  [redis-cart] request handled; status=200 latency_ms=50
2024-03-15T00:59:51Z [INFO]  [shippingservice] request handled; status=200 latency_ms=51
2024-03-15T00:59:52Z [INFO]  [adservice] request handled; status=200 latency_ms=52
2024-03-15T00:59:53Z [INFO]  [cartservice] request handled; status=200 latency_ms=53
2024-03-15T00:59:54Z [INFO]  [checkoutservice] request handled; status=200 latency_ms=54
2024-03-15T00:59:55Z [INFO]  [currencyservice] request handled; status=200 latency_ms=55
2024-03-15T00:59:56Z [INFO]  [emailservice] request handled; status=200 latency_ms=56
2024-03-15T00:59:57Z [INFO]  [frontend] request handled; status=200 latency_ms=57
2024-03-15T00:59:58Z [INFO]  [loadgenerator] request handled; status=200 latency_ms=58
2024-03-15T00:59:59Z [INFO]  [paymentservice] request handled; status=200 latency_ms=59
2024-03-15T01:00:00Z [INFO]  [productcatalogservice] request handled; status=200 latency_ms=10
2024-03-15T01:00:01Z [INFO]  [recommendationservice] request handled; status=200 latency_ms=11
2024-03-15T01:00:02Z [INFO]  [redis-cart] request handled; status=200 latency_ms=12
2024-03-15T01:00:02Z [WARN]  [frontend] upstream call degraded via paymentservice latency_ms=402
2024-03-15T01:00:03Z [INFO]  [shippingservice] request handled; status=200 latency_ms=13
2024-03-15T01:00:03Z [ERROR] [paymentservice] OOMKilled: container killed by out-of-memory
2024-03-15T01:00:03Z [WARNING] [paymentservice] pod restarted, reason=OOMKilled
2024-03-15T01:00:03Z [ERROR] [frontend] /payment page: HTTP 500 returned
2024-03-15T01:00:03Z [ERROR] [frontend] Error at payment page: paymentservice unavailable
2024-03-15T01:00:04Z [INFO]  [adservice] request handled; status=200 latency_ms=14
2024-03-15T01:00:05Z [INFO]  [cartservice] request handled; status=200 latency_ms=15
2024-03-15T01:00:06Z [INFO]  [checkoutservice] request handled; status=200 latency_ms=16
2024-03-15T01:00:07Z [INFO]  [currencyservice] request handled; status=200 latency_ms=17
2024-03-15T01:00:08Z [INFO]  [emailservice] request handled; status=200 latency_ms=18
2024-03-15T01:00:09Z [INFO]  [frontend] request handled; status=200 latency_ms=19
2024-03-15T01:00:10Z [INFO]  [loadgenerator] request handled; status=200 latency_ms=20
2024-03-15T01:00:11Z [INFO]  [paymentservice] request handled; status=200 latency_ms=21
2024-03-15T01:00:12Z [INFO]  [productcatalogservice] request handled; status=200 latency_ms=22
2024-03-15T01:00:13Z [INFO]  [recommendationservice] request handled; status=200 latency_ms=23
2024-03-15T01:00:14Z [INFO]  [redis-cart] request handled; status=200 latency_ms=24
2024-03-15T01:00:15Z [INFO]  [shippingservice] request handled; status=200 latency_ms=25
2024-03-15T01:00:16Z [INFO]  [adservice] request handled; status=200 latency_ms=26
2024-03-15T01:00:17Z [INFO]  [cartservice] request handled; status=200 latency_ms=27
2024-03-15T01:00:18Z [INFO]  [checkoutservice] request handled; status=200 latency_ms=28
2024-03-15T01:00:19Z [INFO]  [currencyservice] request handled; status=200 latency_ms=29
2024-03-15T01:00:19Z [WARN]  [frontend] upstream call degraded via paymentservice latency_ms=419
2024-03-15T01:00:20Z [INFO]  [emailservice] request handled; status=200 latency_ms=30
2024-03-15T01:00:21Z [INFO]  [frontend] request handled; status=200 latency_ms=31
2024-03-15T01:00:22Z [INFO]  [loadgenerator] request handled; status=200 latency_ms=32
2024-03-15T01:00:23Z [INFO]  [paymentservice] request handled; status=200 latency_ms=33
2024-03-15T01:00:24Z [INFO]  [productcatalogservice] request handled; status=200 latency_ms=34
2024-03-15T01:00:25Z [INFO]  [recommendationservice] request handled; status=200 latency_ms=35
2024-03-15T01:00:26Z [INFO]  [redis-cart] request handled; status=200 latency_ms=36
2024-03-15T01:00:27Z [INFO]  [shippingservice] request handled; status=200 latency_ms=37
2024-03-15T01:00:28Z [INFO]  [adservice] request handled; status=200 latency_ms=38
2024-03-15T01:00:29Z [INFO]  [cartservice] request handled; status=200 latency_ms=39
2024-03-15T01:00:30Z [INFO]  [checkoutservice] request handled; status=200 latency_ms=40
2024-03-15T01:00:31Z [INFO]  [currencyservice] request handled; status=200 latency_ms=41
2024-03-15T01:00:32Z [INFO]  [emailservice] request handled; status=200 latency_ms=42
2024-03-15T01:00:33Z [INFO]  [frontend] request handled; status=200 latency_ms=43
2024-03-15T01:00:34Z [INFO]  [loadgenerator] request handled; status=200 latency_ms=44
2024-03-15T01:00:35Z [INFO]  [paymentservice] request handled; status=200 latency_ms=45
2024-03-15T01:00:36Z [INFO]  [productcatalogservice] request handled; status=200 latency_ms=46
2024-03-15T01:00:36Z [WARN]  [frontend] upstream call degraded via paymentservice latency_ms=436
2024-03-15T01:00:37Z [INFO]  [recommendationservice] request handled; status=200 latency_ms=47
2024-03-15T01:00:38Z [INFO]  [redis-cart] request handled; status=200 latency_ms=48
2024-03-15T01:00:39Z [INFO]  [shippingservice] request handled; status=200 latency_ms=49
2024-03-15T01:00:40Z [INFO]  [adservice] request handled; status=200 latency_ms=50
2024-03-15T01:00:41Z [INFO]  [cartservice] request handled; status=200 latency_ms=51
2024-03-15T01:00:42Z [INFO]  [checkoutservice] request handled; status=200 latency_ms=52
2024-03-15T01:00:43Z [INFO]  [currencyservice] request handled; status=200 latency_ms=53
2024-03-15T01:00:44Z [INFO]  [emailservice] request handled; status=200 latency_ms=54
2024-03-15T01:00:45Z [INFO]  [frontend] request handled; status=200 latency_ms=55
2024-03-15T01:00:46Z [INFO]  [loadgenerator] request handled; status=200 latency_ms=56
2024-03-15T01:00:47Z [INFO]  [paymentservice] request handled; status=200 latency_ms=57
2024-03-15T01:00:48Z [INFO]  [productcatalogservice] request handled; status=200 latency_ms=58
2024-03-15T01:00:49Z [INFO]  [recommendationservice] request handled; status=200 latency_ms=59
2024-03-15T01:00:50Z [INFO]  [redis-cart] request handled; status=200 latency_ms=10
2024-03-15T01:00:51Z [INFO]  [shippingservice] request handled; status=200 latency_ms=11
2024-03-15T01:00:52Z [INFO]  [adservice] request handled; status=200 latency_ms=12
2024-03-15T01:00:53Z [INFO]  [cartservice] request handled; status=200 latency_ms=13
2024-03-15T01:00:53Z [WARN]  [frontend] upstream call degraded via paymentservice latency_ms=453
2024-03-15T01:00:54Z [INFO]  [checkoutservice] request handled; status=200 latency_ms=14
2024-03-15T01:00:55Z [INFO]  [currencyservice] request handled; status=200 latency_ms=15
2024-03-15T01:00:56Z [INFO]  [emailservice] request handled; status=200 latency_ms=16
2024-03-15T01:00:57Z [INFO]  [frontend] request handled; status=200 latency_ms=17
2024-03-15T01:00:58Z [INFO]  [loadgenerator] request handled; status=200 latency_ms=18
2024-03-15T01:00:59Z [INFO]  [paymentservice] request handled; status=200 latency_ms=19
2024-03-15T01:01:00Z [INFO]  [productcatalogservice] request handled; status=200 latency_ms=20
2024-03-15T01:01:01Z [INFO]  [recommendationservice] request handled; status=200 latency_ms=21
2024-03-15T01:01:02Z [INFO]  [redis-cart] request handled; status=200 latency_ms=22
2024-03-15T01:01:03Z [INFO]  [shippingservice] request handled; status=200 latency_ms=23
2024-03-15T01:01:04Z [INFO]  [adservice] request handled; status=200 latency_ms=24
2024-03-15T01:01:05Z [INFO]  [cartservice] request handled; status=200 latency_ms=25
2024-03-15T01:01:06Z [INFO]  [checkoutservice] request handled; status=200 latency_ms=26
2024-03-15T01:01:07Z [INFO]  [currencyservice] request handled; status=200 latency_ms=27
2024-03-15T01:01:08Z [INFO]  [emailservice] request handled; status=200 latency_ms=28
2024-03-15T01:01:09Z [INFO]  [frontend] request handled; status=200 latency_ms=29
2024-03-15T01:01:10Z [INFO]  [loadgenerator] request handled; status=200 latency_ms=30
2024-03-15T01:01:10Z [WARN]  [frontend] upstream call degraded via paymentservice latency_ms=470
2024-03-15T01:01:11Z [INFO]  [paymentservice] request handled; status=200 latency_ms=31
2024-03-15T01:01:12Z [INFO]  [productcatalogservice] request handled; status=200 latency_ms=32
2024-03-15T01:01:13Z [INFO]  [recommendationservice] request handled; status=200 latency_ms=33
2024-03-15T01:01:14Z [INFO]  [redis-cart] request handled; status=200 latency_ms=34
2024-03-15T01:01:15Z [INFO]  [shippingservice] request handled; status=200 latency_ms=35
2024-03-15T01:01:16Z [INFO]  [adservice] request handled; status=200 latency_ms=36
2024-03-15T01:01:17Z [INFO]  [cartservice] request handled; status=200 latency_ms=37
2024-03-15T01:01:18Z [INFO]  [checkoutservice] request handled; status=200 latency_ms=38
2024-03-15T01:01:19Z [INFO]  [currencyservice] request handled; status=200 latency_ms=39
2024-03-15T01:01:20Z [INFO]  [emailservice] request handled; status=200 latency_ms=40
2024-03-15T01:01:21Z [INFO]  [frontend] request handled; status=200 latency_ms=41
2024-03-15T01:01:22Z [INFO]  [loadgenerator] request handled; status=200 latency_ms=42
2024-03-15T01:01:23Z [INFO]  [paymentservice] request handled; status=200 latency_ms=43
2024-03-15T01:01:24Z [INFO]  [productcatalogservice] request handled; status=200 latency_ms=44
2024-03-15T01:01:25Z [INFO]  [recommendationservice] request handled; status=200 latency_ms=45
2024-03-15T01:01:26Z [INFO]  [redis-cart] request handled; status=200 latency_ms=46
2024-03-15T01:01:27Z [INFO]  [shippingservice] request handled; status=200 latency_ms=47
2024-03-15T01:01:27Z [WARN]  [frontend] upstream call degraded via paymentservice latency_ms=487
2024-03-15T01:01:28Z [INFO]  [adservice] request handled; status=200 latency_ms=48
2024-03-15T01:01:29Z [INFO]  [cartservice] request handled; status=200 latency_ms=49
2024-03-15T01:01:30Z [INFO]  [checkoutservice] request handled; status=200 latency_ms=50
2024-03-15T01:01:31Z [INFO]  [currencyservice] request handled; status=200 latency_ms=51
2024-03-15T01:01:32Z [INFO]  [emailservice] request handled; status=200 latency_ms=52
2024-03-15T01:01:33Z [INFO]  [frontend] request handled; status=200 latency_ms=53
2024-03-15T01:01:34Z [INFO]  [loadgenerator] request handled; status=200 latency_ms=54
2024-03-15T01:01:35Z [INFO]  [paymentservice] request handled; status=200 latency_ms=55
2024-03-15T01:01:36Z [INFO]  [productcatalogservice] request handled; status=200 latency_ms=56
2024-03-15T01:01:37Z [INFO]  [recommendationservice] request handled; status=200 latency_ms=57
2024-03-15T01:01:38Z [INFO]  [redis-cart] request handled; status=200 latency_ms=58
2024-03-15T01:01:39Z [INFO]  [shippingservice] request handled; status=200 latency_ms=59
2024-03-15T01:01:40Z [INFO]  [adservice] request handled; status=200 latency_ms=10
2024-03-15T01:01:41Z [INFO]  [cartservice] request handled; status=200 latency_ms=11
2024-03-15T01:01:42Z [INFO]  [checkoutservice] request handled; status=200 latency_ms=12
2024-03-15T01:01:43Z [INFO]  [currencyservice] request handled; status=200 latency_ms=13
2024-03-15T01:01:44Z [INFO]  [emailservice] request handled; status=200 latency_ms=14
2024-03-15T01:01:44Z [WARN]  [frontend] upstream call degraded via paymentservice latency_ms=204
2024-03-15T01:01:45Z [INFO]  [frontend] request handled; status=200 latency_ms=15
2024-03-15T01:01:46Z [INFO]  [loadgenerator] request handled; status=200 latency_ms=16
2024-03-15T01:01:47Z [INFO]  [paymentservice] request handled; status=200 latency_ms=17
2024-03-15T01:01:48Z [INFO]  [productcatalogservice] request handled; status=200 latency_ms=18
2024-03-15T01:01:49Z [INFO]  [recommendationservice] request handled; status=200 latency_ms=19
2024-03-15T01:01:50Z [INFO]  [redis-cart] request handled; status=200 latency_ms=20
2024-03-15T01:01:51Z [INFO]  [shippingservice] request handled; status=200 latency_ms=21
2024-03-15T01:01:52Z [INFO]  [adservice] request handled; status=200 latency_ms=22
2024-03-15T01:01:53Z [INFO]  [cartservice] request handled; status=200 latency_ms=23
2024-03-15T01:01:54Z [INFO]  [checkoutservice] request handled; status=200 latency_ms=24
2024-03-15T01:01:55Z [INFO]  [currencyservice] request handled; status=200 latency_ms=25
2024-03-15T01:01:56Z [INFO]  [emailservice] request handled; status=200 latency_ms=26
2024-03-15T01:01:56Z [ERROR] [paymentservice] OOMKilled: container killed by out-of-memory
2024-03-15T01:01:56Z [WARNING] [paymentservice] pod restarted, reason=OOMKilled
2024-03-15T01:01:56Z [ERROR] [frontend] /payment page: HTTP 500 returned
2024-03-15T01:01:56Z [ERROR] [frontend] Error at payment page: paymentservice unavailable
2024-03-15T01:01:57Z [INFO]  [frontend] request handled; status=200 latency_ms=27
2024-03-15T01:01:58Z [INFO]  [loadgenerator] request handled; status=200 latency_ms=28
2024-03-15T01:01:59Z [INFO]  [paymentservice] request handled; status=200 latency_ms=29
2024-03-15T01:02:00Z [INFO]  [productcatalogservice] request handled; status=200 latency_ms=30
2024-03-15T01:02:01Z [INFO]  [recommendationservice] request handled; status=200 latency_ms=31
2024-03-15T01:02:01Z [WARN]  [frontend] upstream call degraded via paymentservice latency_ms=221
2024-03-15T01:02:02Z [INFO]  [redis-cart] request handled; status=200 latency_ms=32
2024-03-15T01:02:03Z [INFO]  [shippingservice] request handled; status=200 latency_ms=33
2024-03-15T01:02:04Z [INFO]  [adservice] request handled; status=200 latency_ms=34
2024-03-15T01:02:05Z [INFO]  [cartservice] request handled; status=200 latency_ms=35
2024-03-15T01:02:06Z [INFO]  [checkoutservice] request handled; status=200 latency_ms=36
2024-03-15T01:02:07Z [INFO]  [currencyservice] request handled; status=200 latency_ms=37
2024-03-15T01:02:08Z [INFO]  [emailservice] request handled; status=200 latency_ms=38
2024-03-15T01:02:09Z [INFO]  [frontend] request handled; status=200 latency_ms=39
2024-03-15T01:02:09Z [ERROR] [emailservice] init error: template directory missing '/app/templates'
2024-03-15T01:02:09Z [ERROR] [emailservice] CrashLoopBackOff (exit code 1)
2024-03-15T01:02:10Z [INFO]  [loadgenerator] request handled; status=200 latency_ms=40
2024-03-15T01:02:11Z [INFO]  [paymentservice] request handled; status=200 latency_ms=41
2024-03-15T01:02:12Z [INFO]  [productcatalogservice] request handled; status=200 latency_ms=42
2024-03-15T01:02:13Z [INFO]  [recommendationservice] request handled; status=200 latency_ms=43
2024-03-15T01:02:14Z [INFO]  [redis-cart] request handled; status=200 latency_ms=44
2024-03-15T01:02:15Z [INFO]  [shippingservice] request handled; status=200 latency_ms=45
2024-03-15T01:02:16Z [INFO]  [adservice] request handled; status=200 latency_ms=46
2024-03-15T01:02:17Z [INFO]  [cartservice] request handled; status=200 latency_ms=47
2024-03-15T01:02:18Z [INFO]  [checkoutservice] request handled; status=200 latency_ms=48
2024-03-15T01:02:18Z [WARN]  [frontend] upstream call degraded via paymentservice latency_ms=238
2024-03-15T01:02:19Z [INFO]  [currencyservice] request handled; status=200 latency_ms=49
2024-03-15T01:02:20Z [INFO]  [emailservice] request handled; status=200 latency_ms=50
2024-03-15T01:02:21Z [INFO]  [frontend] request handled; status=200 latency_ms=51
2024-03-15T01:02:22Z [INFO]  [loadgenerator] request handled; status=200 latency_ms=52
2024-03-15T01:02:23Z [INFO]  [paymentservice] request handled; status=200 latency_ms=53
2024-03-15T01:02:24Z [INFO]  [productcatalogservice] request handled; status=200 latency_ms=54
2024-03-15T01:02:25Z [INFO]  [recommendationservice] request handled; status=200 latency_ms=55
2024-03-15T01:02:26Z [INFO]  [redis-cart] request handled; status=200 latency_ms=56
2024-03-15T01:02:27Z [INFO]  [shippingservice] request handled; status=200 latency_ms=57
2024-03-15T01:02:28Z [INFO]  [adservice] request handled; status=200 latency_ms=58
2024-03-15T01:02:29Z [INFO]  [cartservice] request handled; status=200 latency_ms=59
2024-03-15T01:02:30Z [INFO]  [checkoutservice] request handled; status=200 latency_ms=10
2024-03-15T01:02:31Z [INFO]  [currencyservice] request handled; status=200 latency_ms=11
2024-03-15T01:02:32Z [INFO]  [emailservice] request handled; status=200 latency_ms=12
2024-03-15T01:02:33Z [INFO]  [frontend] request handled; status=200 latency_ms=13
2024-03-15T01:02:34Z [INFO]  [loadgenerator] request handled; status=200 latency_ms=14
2024-03-15T01:02:35Z [INFO]  [paymentservice] request handled; status=200 latency_ms=15
2024-03-15T01:02:35Z [WARN]  [frontend] upstream call degraded via paymentservice latency_ms=255
2024-03-15T01:02:36Z [INFO]  [productcatalogservice] request handled; status=200 latency_ms=16
2024-03-15T01:02:37Z [INFO]  [recommendationservice] request handled; status=200 latency_ms=17
2024-03-15T01:02:38Z [INFO]  [redis-cart] request handled; status=200 latency_ms=18
2024-03-15T01:02:39Z [INFO]  [shippingservice] request handled; status=200 latency_ms=19
2024-03-15T01:02:40Z [INFO]  [adservice] request handled; status=200 latency_ms=20
2024-03-15T01:02:41Z [INFO]  [cartservice] request handled; status=200 latency_ms=21
2024-03-15T01:02:42Z [INFO]  [checkoutservice] request handled; status=200 latency_ms=22
2024-03-15T01:02:43Z [INFO]  [currencyservice] request handled; status=200 latency_ms=23
2024-03-15T01:02:44Z [INFO]  [emailservice] request handled; status=200 latency_ms=24
2024-03-15T01:02:45Z [INFO]  [frontend] request handled; status=200 latency_ms=25
2024-03-15T01:02:46Z [INFO]  [loadgenerator] request handled; status=200 latency_ms=26
2024-03-15T01:02:47Z [INFO]  [paymentservice] request handled; status=200 latency_ms=27
2024-03-15T01:02:48Z [INFO]  [productcatalogservice] request handled; status=200 latency_ms=28
2024-03-15T01:02:49Z [INFO]  [recommendationservice] request handled; status=200 latency_ms=29
2024-03-15T01:02:50Z [INFO]  [redis-cart] request handled; status=200 latency_ms=30
2024-03-15T01:02:51Z [INFO]  [shippingservice] request handled; status=200 latency_ms=31
2024-03-15T01:02:52Z [INFO]  [adservice] request handled; status=200 latency_ms=32
2024-03-15T01:02:52Z [WARN]  [frontend] upstream call degraded via paymentservice latency_ms=272
2024-03-15T01:02:53Z [INFO]  [cartservice] request handled; status=200 latency_ms=33
2024-03-15T01:02:54Z [INFO]  [checkoutservice] request handled; status=200 latency_ms=34
2024-03-15T01:02:55Z [INFO]  [currencyservice] request handled; status=200 latency_ms=35
2024-03-15T01:02:56Z [INFO]  [emailservice] request handled; status=200 latency_ms=36
2024-03-15T01:02:57Z [INFO]  [frontend] request handled; status=200 latency_ms=37
2024-03-15T01:02:58Z [INFO]  [loadgenerator] request handled; status=200 latency_ms=38
2024-03-15T01:02:59Z [INFO]  [paymentservice] request handled; status=200 latency_ms=39
2024-03-15T01:03:00Z [INFO]  [productcatalogservice] request handled; status=200 latency_ms=40
2024-03-15T01:03:01Z [INFO]  [recommendationservice] request handled; status=200 latency_ms=41
2024-03-15T01:03:02Z [INFO]  [redis-cart] request handled; status=200 latency_ms=42
2024-03-15T01:03:03Z [INFO]  [shippingservice] request handled; status=200 latency_ms=43
2024-03-15T01:03:04Z [INFO]  [adservice] request handled; status=200 latency_ms=44
2024-03-15T01:03:05Z [INFO]  [cartservice] request handled; status=200 latency_ms=45
2024-03-15T01:03:06Z [INFO]  [checkoutservice] request handled; status=200 latency_ms=46
2024-03-15T01:03:07Z [INFO]  [currencyservice] request handled; status=200 latency_ms=47
2024-03-15T01:03:08Z [INFO]  [emailservice] request handled; status=200 latency_ms=48
2024-03-15T01:03:09Z [INFO]  [frontend] request handled; status=200 latency_ms=49
2024-03-15T01:03:09Z [WARN]  [frontend] upstream call degraded via paymentservice latency_ms=289
2024-03-15T01:03:10Z [INFO]  [loadgenerator] request handled; status=200 latency_ms=50
2024-03-15T01:03:11Z [INFO]  [paymentservice] request handled; status=200 latency_ms=51
2024-03-15T01:03:12Z [INFO]  [productcatalogservice] request handled; status=200 latency_ms=52
2024-03-15T01:03:13Z [INFO]  [recommendationservice] request handled; status=200 latency_ms=53
2024-03-15T01:03:14Z [INFO]  [redis-cart] request handled; status=200 latency_ms=54
2024-03-15T01:03:15Z [INFO]  [shippingservice] request handled; status=200 latency_ms=55
2024-03-15T01:03:16Z [INFO]  [adservice] request handled; status=200 latency_ms=56
2024-03-15T01:03:17Z [INFO]  [cartservice] request handled; status=200 latency_ms=57
2024-03-15T01:03:18Z [INFO]  [checkoutservice] request handled; status=200 latency_ms=58
2024-03-15T01:03:19Z [INFO]  [currencyservice] request handled; status=200 latency_ms=59
2024-03-15T01:03:20Z [INFO]  [emailservice] request handled; status=200 latency_ms=10
2024-03-15T01:03:21Z [INFO]  [frontend] request handled; status=200 latency_ms=11
2024-03-15T01:03:22Z [INFO]  [loadgenerator] request handled; status=200 latency_ms=12
2024-03-15T01:03:23Z [INFO]  [paymentservice] request handled; status=200 latency_ms=13
2024-03-15T01:03:24Z [INFO]  [productcatalogservice] request handled; status=200 latency_ms=14
2024-03-15T01:03:25Z [INFO]  [recommendationservice] request handled; status=200 latency_ms=15
2024-03-15T01:03:26Z [INFO]  [redis-cart] request handled; status=200 latency_ms=16
2024-03-15T01:03:26Z [WARN]  [frontend] upstream call degraded via paymentservice latency_ms=306
2024-03-15T01:03:27Z [INFO]  [shippingservice] request handled; status=200 latency_ms=17
2024-03-15T01:03:28Z [INFO]  [adservice] request handled; status=200 latency_ms=18
2024-03-15T01:03:29Z [INFO]  [cartservice] request handled; status=200 latency_ms=19
2024-03-15T01:03:30Z [INFO]  [checkoutservice] request handled; status=200 latency_ms=20
2024-03-15T01:03:31Z [INFO]  [currencyservice] request handled; status=200 latency_ms=21
2024-03-15T01:03:32Z [INFO]  [emailservice] request handled; status=200 latency_ms=22
2024-03-15T01:03:33Z [INFO]  [frontend] request handled; status=200 latency_ms=23
2024-03-15T01:03:34Z [INFO]  [loadgenerator] request handled; status=200 latency_ms=24
2024-03-15T01:03:35Z [INFO]  [paymentservice] request handled; status=200 latency_ms=25
2024-03-15T01:03:36Z [INFO]  [productcatalogservice] request handled; status=200 latency_ms=26
2024-03-15T01:03:37Z [INFO]  [recommendationservice] request handled; status=200 latency_ms=27
2024-03-15T01:03:38Z [INFO]  [redis-cart] request handled; status=200 latency_ms=28
2024-03-15T01:03:39Z [INFO]  [shippingservice] request handled; status=200 latency_ms=29
2024-03-15T01:03:40Z [INFO]  [adservice] request handled; status=200 latency_ms=30
2024-03-15T01:03:41Z [INFO]  [cartservice] request handled; status=200 latency_ms=31
2024-03-15T01:03:42Z [INFO]  [checkoutservice] request handled; status=200 latency_ms=32
2024-03-15T01:03:43Z [INFO]  [currencyservice] request handled; status=200 latency_ms=33
2024-03-15T01:03:43Z [WARN]  [frontend] upstream call degraded via paymentservice latency_ms=323
2024-03-15T01:03:44Z [INFO]  [emailservice] request handled; status=200 latency_ms=34
2024-03-15T01:03:45Z [INFO]  [frontend] request handled; status=200 latency_ms=35
2024-03-15T01:03:46Z [INFO]  [loadgenerator] request handled; status=200 latency_ms=36
2024-03-15T01:03:47Z [INFO]  [paymentservice] request handled; status=200 latency_ms=37
2024-03-15T01:03:48Z [INFO]  [productcatalogservice] request handled; status=200 latency_ms=38
2024-03-15T01:03:49Z [INFO]  [recommendationservice] request handled; status=200 latency_ms=39
2024-03-15T01:03:49Z [ERROR] [paymentservice] OOMKilled: container killed by out-of-memory
2024-03-15T01:03:49Z [WARNING] [paymentservice] pod restarted, reason=OOMKilled
2024-03-15T01:03:49Z [ERROR] [frontend] /payment page: HTTP 500 returned
2024-03-15T01:03:49Z [ERROR] [frontend] Error at payment page: paymentservice unavailable
2024-03-15T01:03:50Z [INFO]  [redis-cart] request handled; status=200 latency_ms=40
2024-03-15T01:03:51Z [INFO]  [shippingservice] request handled; status=200 latency_ms=41
2024-03-15T01:03:52Z [INFO]  [adservice] request handled; status=200 latency_ms=42
2024-03-15T01:03:53Z [INFO]  [cartservice] request handled; status=200 latency_ms=43
2024-03-15T01:03:54Z [INFO]  [checkoutservice] request handled; status=200 latency_ms=44
2024-03-15T01:03:55Z [INFO]  [currencyservice] request handled; status=200 latency_ms=45
2024-03-15T01:03:56Z [INFO]  [emailservice] request handled; status=200 latency_ms=46
2024-03-15T01:03:57Z [INFO]  [frontend] request handled; status=200 latency_ms=47
2024-03-15T01:03:58Z [INFO]  [loadgenerator] request handled; status=200 latency_ms=48
2024-03-15T01:03:59Z [INFO]  [paymentservice] request handled; status=200 latency_ms=49
2024-03-15T01:04:00Z [INFO]  [productcatalogservice] request handled; status=200 latency_ms=50
2024-03-15T01:04:00Z [WARN]  [frontend] upstream call degraded via paymentservice latency_ms=340
2024-03-15T01:04:01Z [INFO]  [recommendationservice] request handled; status=200 latency_ms=51
2024-03-15T01:04:02Z [INFO]  [redis-cart] request handled; status=200 latency_ms=52
2024-03-15T01:04:03Z [INFO]  [shippingservice] request handled; status=200 latency_ms=53
2024-03-15T01:04:04Z [INFO]  [adservice] request handled; status=200 latency_ms=54
2024-03-15T01:04:05Z [INFO]  [cartservice] request handled; status=200 latency_ms=55
2024-03-15T01:04:06Z [INFO]  [checkoutservice] request handled; status=200 latency_ms=56
2024-03-15T01:04:07Z [INFO]  [currencyservice] request handled; status=200 latency_ms=57
2024-03-15T01:04:08Z [INFO]  [emailservice] request handled; status=200 latency_ms=58
2024-03-15T01:04:09Z [INFO]  [frontend] request handled; status=200 latency_ms=59
2024-03-15T01:04:10Z [INFO]  [loadgenerator] request handled; status=200 latency_ms=10
2024-03-15T01:04:11Z [INFO]  [paymentservice] request handled; status=200 latency_ms=11
2024-03-15T01:04:12Z [INFO]  [productcatalogservice] request handled; status=200 latency_ms=12
2024-03-15T01:04:13Z [INFO]  [recommendationservice] request handled; status=200 latency_ms=13
2024-03-15T01:04:14Z [INFO]  [redis-cart] request handled; status=200 latency_ms=14
2024-03-15T01:04:15Z [INFO]  [shippingservice] request handled; status=200 latency_ms=15
2024-03-15T01:04:16Z [INFO]  [adservice] request handled; status=200 latency_ms=16
2024-03-15T01:04:17Z [INFO]  [cartservice] request handled; status=200 latency_ms=17
2024-03-15T01:04:17Z [WARN]  [frontend] upstream call degraded via paymentservice latency_ms=357
2024-03-15T01:04:18Z [INFO]  [checkoutservice] request handled; status=200 latency_ms=18
2024-03-15T01:04:19Z [INFO]  [currencyservice] request handled; status=200 latency_ms=19
2024-03-15T01:04:20Z [INFO]  [emailservice] request handled; status=200 latency_ms=20
2024-03-15T01:04:21Z [INFO]  [frontend] request handled; status=200 latency_ms=21
2024-03-15T01:04:22Z [INFO]  [loadgenerator] request handled; status=200 latency_ms=22
2024-03-15T01:04:23Z [INFO]  [paymentservice] request handled; status=200 latency_ms=23
2024-03-15T01:04:24Z [INFO]  [productcatalogservice] request handled; status=200 latency_ms=24
2024-03-15T01:04:25Z [INFO]  [recommendationservice] request handled; status=200 latency_ms=25
2024-03-15T01:04:26Z [INFO]  [redis-cart] request handled; status=200 latency_ms=26
2024-03-15T01:04:27Z [INFO]  [shippingservice] request handled; status=200 latency_ms=27
2024-03-15T01:04:28Z [INFO]  [adservice] request handled; status=200 latency_ms=28
2024-03-15T01:04:29Z [INFO]  [cartservice] request handled; status=200 latency_ms=29
2024-03-15T01:04:30Z [INFO]  [checkoutservice] request handled; status=200 latency_ms=30
2024-03-15T01:04:31Z [INFO]  [currencyservice] request handled; status=200 latency_ms=31
2024-03-15T01:04:32Z [INFO]  [emailservice] request handled; status=200 latency_ms=32
2024-03-15T01:04:33Z [INFO]  [frontend] request handled; status=200 latency_ms=33
2024-03-15T01:04:34Z [INFO]  [loadgenerator] request handled; status=200 latency_ms=34
2024-03-15T01:04:34Z [WARN]  [frontend] upstream call degraded via paymentservice latency_ms=374
2024-03-15T01:04:35Z [INFO]  [paymentservice] request handled; status=200 latency_ms=35
2024-03-15T01:04:36Z [INFO]  [productcatalogservice] request handled; status=200 latency_ms=36
2024-03-15T01:04:37Z [INFO]  [recommendationservice] request handled; status=200 latency_ms=37
2024-03-15T01:04:38Z [INFO]  [redis-cart] request handled; status=200 latency_ms=38
2024-03-15T01:04:39Z [INFO]  [shippingservice] request handled; status=200 latency_ms=39
2024-03-15T01:04:40Z [INFO]  [adservice] request handled; status=200 latency_ms=40
2024-03-15T01:04:41Z [INFO]  [cartservice] request handled; status=200 latency_ms=41
2024-03-15T01:04:42Z [INFO]  [checkoutservice] request handled; status=200 latency_ms=42
2024-03-15T01:04:43Z [INFO]  [currencyservice] request handled; status=200 latency_ms=43
2024-03-15T01:04:44Z [INFO]  [emailservice] request handled; status=200 latency_ms=44
2024-03-15T01:04:45Z [INFO]  [frontend] request handled; status=200 latency_ms=45
2024-03-15T01:04:46Z [INFO]  [loadgenerator] request handled; status=200 latency_ms=46
2024-03-15T01:04:47Z [INFO]  [paymentservice] request handled; status=200 latency_ms=47
2024-03-15T01:04:48Z [INFO]  [productcatalogservice] request handled; status=200 latency_ms=48
2024-03-15T01:04:49Z [INFO]  [recommendationservice] request handled; status=200 latency_ms=49
2024-03-15T01:04:50Z [INFO]  [redis-cart] request handled; status=200 latency_ms=50
2024-03-15T01:04:51Z [INFO]  [shippingservice] request handled; status=200 latency_ms=51
2024-03-15T01:04:51Z [WARN]  [frontend] upstream call degraded via paymentservice latency_ms=391
2024-03-15T01:04:52Z [INFO]  [adservice] request handled; status=200 latency_ms=52
2024-03-15T01:04:53Z [INFO]  [cartservice] request handled; status=200 latency_ms=53
2024-03-15T01:04:54Z [INFO]  [checkoutservice] request handled; status=200 latency_ms=54
2024-03-15T01:04:55Z [INFO]  [currencyservice] request handled; status=200 latency_ms=55
2024-03-15T01:04:56Z [INFO]  [emailservice] request handled; status=200 latency_ms=56
2024-03-15T01:04:57Z [INFO]  [frontend] request handled; status=200 latency_ms=57
2024-03-15T01:04:58Z [INFO]  [loadgenerator] request handled; status=200 latency_ms=58
2024-03-15T01:04:59Z [INFO]  [paymentservice] request handled; status=200 latency_ms=59
2024-03-15T01:05:00Z [INFO]  [productcatalogservice] request handled; status=200 latency_ms=10
2024-03-15T01:05:01Z [INFO]  [recommendationservice] request handled; status=200 latency_ms=11
2024-03-15T01:05:02Z [INFO]  [redis-cart] request handled; status=200 latency_ms=12
2024-03-15T01:05:03Z [INFO]  [shippingservice] request handled; status=200 latency_ms=13
2024-03-15T01:05:04Z [INFO]  [adservice] request handled; status=200 latency_ms=14
2024-03-15T01:05:05Z [INFO]  [cartservice] request handled; status=200 latency_ms=15
2024-03-15T01:05:06Z [INFO]  [checkoutservice] request handled; status=200 latency_ms=16
2024-03-15T01:05:07Z [INFO]  [currencyservice] request handled; status=200 latency_ms=17
2024-03-15T01:05:08Z [INFO]  [emailservice] request handled; status=200 latency_ms=18
2024-03-15T01:05:08Z [WARN]  [frontend] upstream call degraded via paymentservice latency_ms=408
2024-03-15T01:05:09Z [INFO]  [frontend] request handled; status=200 latency_ms=19
2024-03-15T01:05:10Z [INFO]  [loadgenerator] request handled; status=200 latency_ms=20
2024-03-15T01:05:11Z [INFO]  [paymentservice] request handled; status=200 latency_ms=21
2024-03-15T01:05:12Z [INFO]  [productcatalogservice] request handled; status=200 latency_ms=22
2024-03-15T01:05:13Z [INFO]  [recommendationservice] request handled; status=200 latency_ms=23
2024-03-15T01:05:14Z [INFO]  [redis-cart] request handled; status=200 latency_ms=24
2024-03-15T01:05:15Z [INFO]  [shippingservice] request handled; status=200 latency_ms=25
2024-03-15T01:05:16Z [INFO]  [adservice] request handled; status=200 latency_ms=26
2024-03-15T01:05:17Z [INFO]  [cartservice] request handled; status=200 latency_ms=27
2024-03-15T01:05:18Z [INFO]  [checkoutservice] request handled; status=200 latency_ms=28
2024-03-15T01:05:19Z [INFO]  [currencyservice] request handled; status=200 latency_ms=29
2024-03-15T01:05:20Z [INFO]  [emailservice] request handled; status=200 latency_ms=30
2024-03-15T01:05:20Z [ERROR] [emailservice] init error: template directory missing '/app/templates'
2024-03-15T01:05:20Z [ERROR] [emailservice] CrashLoopBackOff (exit code 1)
2024-03-15T01:05:21Z [INFO]  [frontend] request handled; status=200 latency_ms=31
2024-03-15T01:05:22Z [INFO]  [loadgenerator] request handled; status=200 latency_ms=32
2024-03-15T01:05:23Z [INFO]  [paymentservice] request handled; status=200 latency_ms=33
2024-03-15T01:05:24Z [INFO]  [productcatalogservice] request handled; status=200 latency_ms=34
2024-03-15T01:05:25Z [INFO]  [recommendationservice] request handled; status=200 latency_ms=35
2024-03-15T01:05:25Z [WARN]  [frontend] upstream call degraded via paymentservice latency_ms=425
2024-03-15T01:05:26Z [INFO]  [redis-cart] request handled; status=200 latency_ms=36
2024-03-15T01:05:27Z [INFO]  [shippingservice] request handled; status=200 latency_ms=37
2024-03-15T01:05:28Z [INFO]  [adservice] request handled; status=200 latency_ms=38
2024-03-15T01:05:29Z [INFO]  [cartservice] request handled; status=200 latency_ms=39
2024-03-15T01:05:30Z [INFO]  [checkoutservice] request handled; status=200 latency_ms=40
2024-03-15T01:05:31Z [INFO]  [currencyservice] request handled; status=200 latency_ms=41
2024-03-15T01:05:32Z [INFO]  [emailservice] request handled; status=200 latency_ms=42
2024-03-15T01:05:33Z [INFO]  [frontend] request handled; status=200 latency_ms=43
2024-03-15T01:05:34Z [INFO]  [loadgenerator] request handled; status=200 latency_ms=44
2024-03-15T01:05:35Z [INFO]  [paymentservice] request handled; status=200 latency_ms=45
2024-03-15T01:05:36Z [INFO]  [productcatalogservice] request handled; status=200 latency_ms=46
2024-03-15T01:05:37Z [INFO]  [recommendationservice] request handled; status=200 latency_ms=47
2024-03-15T01:05:38Z [INFO]  [redis-cart] request handled; status=200 latency_ms=48
2024-03-15T01:05:39Z [INFO]  [shippingservice] request handled; status=200 latency_ms=49
2024-03-15T01:05:40Z [INFO]  [adservice] request handled; status=200 latency_ms=50
2024-03-15T01:05:41Z [INFO]  [cartservice] request handled; status=200 latency_ms=51
2024-03-15T01:05:42Z [INFO]  [checkoutservice] request handled; status=200 latency_ms=52
2024-03-15T01:05:42Z [WARN]  [frontend] upstream call degraded via paymentservice latency_ms=442
2024-03-15T01:05:42Z [ERROR] [paymentservice] OOMKilled: container killed by out-of-memory
2024-03-15T01:05:42Z [WARNING] [paymentservice] pod restarted, reason=OOMKilled
2024-03-15T01:05:42Z [ERROR] [frontend] /payment page: HTTP 500 returned
2024-03-15T01:05:42Z [ERROR] [frontend] Error at payment page: paymentservice unavailable
2024-03-15T01:05:43Z [INFO]  [currencyservice] request handled; status=200 latency_ms=53
2024-03-15T01:05:44Z [INFO]  [emailservice] request handled; status=200 latency_ms=54
2024-03-15T01:05:45Z [INFO]  [frontend] request handled; status=200 latency_ms=55
2024-03-15T01:05:46Z [INFO]  [loadgenerator] request handled; status=200 latency_ms=56
2024-03-15T01:05:47Z [INFO]  [paymentservice] request handled; status=200 latency_ms=57
2024-03-15T01:05:48Z [INFO]  [productcatalogservice] request handled; status=200 latency_ms=58
2024-03-15T01:05:49Z [INFO]  [recommendationservice] request handled; status=200 latency_ms=59
2024-03-15T01:05:50Z [INFO]  [redis-cart] request handled; status=200 latency_ms=10
2024-03-15T01:05:51Z [INFO]  [shippingservice] request handled; status=200 latency_ms=11
2024-03-15T01:05:52Z [INFO]  [adservice] request handled; status=200 latency_ms=12
2024-03-15T01:05:53Z [INFO]  [cartservice] request handled; status=200 latency_ms=13
2024-03-15T01:05:54Z [INFO]  [checkoutservice] request handled; status=200 latency_ms=14
2024-03-15T01:05:55Z [INFO]  [currencyservice] request handled; status=200 latency_ms=15
2024-03-15T01:05:56Z [INFO]  [emailservice] request handled; status=200 latency_ms=16
2024-03-15T01:05:57Z [INFO]  [frontend] request handled; status=200 latency_ms=17
2024-03-15T01:05:58Z [INFO]  [loadgenerator] request handled; status=200 latency_ms=18
2024-03-15T01:05:59Z [INFO]  [paymentservice] request handled; status=200 latency_ms=19
2024-03-15T01:05:59Z [WARN]  [frontend] upstream call degraded via paymentservice latency_ms=459
2024-03-15T01:06:00Z [INFO]  [productcatalogservice] request handled; status=200 latency_ms=20
2024-03-15T01:06:01Z [INFO]  [recommendationservice] request handled; status=200 latency_ms=21
2024-03-15T01:06:02Z [INFO]  [redis-cart] request handled; status=200 latency_ms=22
2024-03-15T01:06:03Z [INFO]  [shippingservice] request handled; status=200 latency_ms=23
2024-03-15T01:06:04Z [INFO]  [adservice] request handled; status=200 latency_ms=24
2024-03-15T01:06:05Z [INFO]  [cartservice] request handled; status=200 latency_ms=25
2024-03-15T01:06:06Z [INFO]  [checkoutservice] request handled; status=200 latency_ms=26
2024-03-15T01:06:07Z [INFO]  [currencyservice] request handled; status=200 latency_ms=27
2024-03-15T01:06:08Z [INFO]  [emailservice] request handled; status=200 latency_ms=28
2024-03-15T01:06:09Z [INFO]  [frontend] request handled; status=200 latency_ms=29
2024-03-15T01:06:10Z [INFO]  [loadgenerator] request handled; status=200 latency_ms=30
2024-03-15T01:06:11Z [INFO]  [paymentservice] request handled; status=200 latency_ms=31
2024-03-15T01:06:12Z [INFO]  [productcatalogservice] request handled; status=200 latency_ms=32
2024-03-15T01:06:13Z [INFO]  [recommendationservice] request handled; status=200 latency_ms=33
2024-03-15T01:06:14Z [INFO]  [redis-cart] request handled; status=200 latency_ms=34
2024-03-15T01:06:15Z [INFO]  [shippingservice] request handled; status=200 latency_ms=35
2024-03-15T01:06:16Z [INFO]  [adservice] request handled; status=200 latency_ms=36
2024-03-15T01:06:16Z [WARN]  [frontend] upstream call degraded via paymentservice latency_ms=476
2024-03-15T01:06:17Z [INFO]  [cartservice] request handled; status=200 latency_ms=37
2024-03-15T01:06:18Z [INFO]  [checkoutservice] request handled; status=200 latency_ms=38
2024-03-15T01:06:19Z [INFO]  [currencyservice] request handled; status=200 latency_ms=39
2024-03-15T01:06:20Z [INFO]  [emailservice] request handled; status=200 latency_ms=40
2024-03-15T01:06:21Z [INFO]  [frontend] request handled; status=200 latency_ms=41
2024-03-15T01:06:22Z [INFO]  [loadgenerator] request handled; status=200 latency_ms=42
2024-03-15T01:06:23Z [INFO]  [paymentservice] request handled; status=200 latency_ms=43
2024-03-15T01:06:24Z [INFO]  [productcatalogservice] request handled; status=200 latency_ms=44
2024-03-15T01:06:25Z [INFO]  [recommendationservice] request handled; status=200 latency_ms=45
2024-03-15T01:06:26Z [INFO]  [redis-cart] request handled; status=200 latency_ms=46
2024-03-15T01:06:27Z [INFO]  [shippingservice] request handled; status=200 latency_ms=47
2024-03-15T01:06:28Z [INFO]  [adservice] request handled; status=200 latency_ms=48
2024-03-15T01:06:29Z [INFO]  [cartservice] request handled; status=200 latency_ms=49
2024-03-15T01:06:30Z [INFO]  [checkoutservice] request handled; status=200 latency_ms=50
2024-03-15T01:06:31Z [INFO]  [currencyservice] request handled; status=200 latency_ms=51
2024-03-15T01:06:32Z [INFO]  [emailservice] request handled; status=200 latency_ms=52
2024-03-15T01:06:33Z [INFO]  [frontend] request handled; status=200 latency_ms=53
2024-03-15T01:06:33Z [WARN]  [frontend] upstream call degraded via paymentservice latency_ms=493
2024-03-15T01:06:34Z [INFO]  [loadgenerator] request handled; status=200 latency_ms=54
2024-03-15T01:06:35Z [INFO]  [paymentservice] request handled; status=200 latency_ms=55
2024-03-15T01:06:36Z [INFO]  [productcatalogservice] request handled; status=200 latency_ms=56
2024-03-15T01:06:37Z [INFO]  [recommendationservice] request handled; status=200 latency_ms=57
2024-03-15T01:06:38Z [INFO]  [redis-cart] request handled; status=200 latency_ms=58
2024-03-15T01:06:39Z [INFO]  [shippingservice] request handled; status=200 latency_ms=59
2024-03-15T01:06:40Z [INFO]  [adservice] request handled; status=200 latency_ms=10
2024-03-15T01:06:41Z [INFO]  [cartservice] request handled; status=200 latency_ms=11
2024-03-15T01:06:42Z [INFO]  [checkoutservice] request handled; status=200 latency_ms=12
2024-03-15T01:06:43Z [INFO]  [currencyservice] request handled; status=200 latency_ms=13
2024-03-15T01:06:44Z [INFO]  [emailservice] request handled; status=200 latency_ms=14
2024-03-15T01:06:45Z [INFO]  [frontend] request handled; status=200 latency_ms=15
2024-03-15T01:06:46Z [INFO]  [loadgenerator] request handled; status=200 latency_ms=16
2024-03-15T01:06:47Z [INFO]  [paymentservice] request handled; status=200 latency_ms=17
2024-03-15T01:06:48Z [INFO]  [productcatalogservice] request handled; status=200 latency_ms=18
2024-03-15T01:06:49Z [INFO]  [recommendationservice] request handled; status=200 latency_ms=19
2024-03-15T01:06:50Z [INFO]  [redis-cart] request handled; status=200 latency_ms=20
2024-03-15T01:06:50Z [WARN]  [frontend] upstream call degraded via paymentservice latency_ms=210
2024-03-15T01:06:51Z [INFO]  [shippingservice] request handled; status=200 latency_ms=21
2024-03-15T01:06:52Z [INFO]  [adservice] request handled; status=200 latency_ms=22
2024-03-15T01:06:53Z [INFO]  [cartservice] request handled; status=200 latency_ms=23
2024-03-15T01:06:54Z [INFO]  [checkoutservice] request handled; status=200 latency_ms=24
2024-03-15T01:06:55Z [INFO]  [currencyservice] request handled; status=200 latency_ms=25
2024-03-15T01:06:56Z [INFO]  [emailservice] request handled; status=200 latency_ms=26
2024-03-15T01:06:57Z [INFO]  [frontend] request handled; status=200 latency_ms=27
2024-03-15T01:06:58Z [INFO]  [loadgenerator] request handled; status=200 latency_ms=28
2024-03-15T01:06:59Z [INFO]  [paymentservice] request handled; status=200 latency_ms=29
2024-03-15T01:07:00Z [INFO]  [productcatalogservice] request handled; status=200 latency_ms=30
2024-03-15T01:07:01Z [INFO]  [recommendationservice] request handled; status=200 latency_ms=31
2024-03-15T01:07:02Z [INFO]  [redis-cart] request handled; status=200 latency_ms=32
2024-03-15T01:07:03Z [INFO]  [shippingservice] request handled; status=200 latency_ms=33
2024-03-15T01:07:04Z [INFO]  [adservice] request handled; status=200 latency_ms=34
2024-03-15T01:07:05Z [INFO]  [cartservice] request handled; status=200 latency_ms=35
2024-03-15T01:07:06Z [INFO]  [checkoutservice] request handled; status=200 latency_ms=36
2024-03-15T01:07:07Z [INFO]  [currencyservice] request handled; status=200 latency_ms=37
2024-03-15T01:07:07Z [WARN]  [frontend] upstream call degraded via paymentservice latency_ms=227
2024-03-15T01:07:08Z [INFO]  [emailservice] request handled; status=200 latency_ms=38
2024-03-15T01:07:09Z [INFO]  [frontend] request handled; status=200 latency_ms=39
2024-03-15T01:07:10Z [INFO]  [loadgenerator] request handled; status=200 latency_ms=40
2024-03-15T01:07:11Z [INFO]  [paymentservice] request handled; status=200 latency_ms=41
2024-03-15T01:07:12Z [INFO]  [productcatalogservice] request handled; status=200 latency_ms=42
2024-03-15T01:07:13Z [INFO]  [recommendationservice] request handled; status=200 latency_ms=43
2024-03-15T01:07:14Z [INFO]  [redis-cart] request handled; status=200 latency_ms=44
2024-03-15T01:07:15Z [INFO]  [shippingservice] request handled; status=200 latency_ms=45
2024-03-15T01:07:16Z [INFO]  [adservice] request handled; status=200 latency_ms=46
2024-03-15T01:07:17Z [INFO]  [cartservice] request handled; status=200 latency_ms=47
2024-03-15T01:07:18Z [INFO]  [checkoutservice] request handled; status=200 latency_ms=48
2024-03-15T01:07:19Z [INFO]  [currencyservice] request handled; status=200 latency_ms=49
2024-03-15T01:07:20Z [INFO]  [emailservice] request handled; status=200 latency_ms=50
2024-03-15T01:07:21Z [INFO]  [frontend] request handled; status=200 latency_ms=51
2024-03-15T01:07:22Z [INFO]  [loadgenerator] request handled; status=200 latency_ms=52
2024-03-15T01:07:23Z [INFO]  [paymentservice] request handled; status=200 latency_ms=53
2024-03-15T01:07:24Z [INFO]  [productcatalogservice] request handled; status=200 latency_ms=54
2024-03-15T01:07:24Z [WARN]  [frontend] upstream call degraded via paymentservice latency_ms=244
2024-03-15T01:07:25Z [INFO]  [recommendationservice] request handled; status=200 latency_ms=55
2024-03-15T01:07:26Z [INFO]  [redis-cart] request handled; status=200 latency_ms=56
2024-03-15T01:07:27Z [INFO]  [shippingservice] request handled; status=200 latency_ms=57
2024-03-15T01:07:28Z [INFO]  [adservice] request handled; status=200 latency_ms=58
2024-03-15T01:07:29Z [INFO]  [cartservice] request handled; status=200 latency_ms=59
2024-03-15T01:07:30Z [INFO]  [checkoutservice] request handled; status=200 latency_ms=10
2024-03-15T01:07:31Z [INFO]  [currencyservice] request handled; status=200 latency_ms=11
2024-03-15T01:07:32Z [INFO]  [emailservice] request handled; status=200 latency_ms=12
2024-03-15T01:07:33Z [INFO]  [frontend] request handled; status=200 latency_ms=13
2024-03-15T01:07:34Z [INFO]  [loadgenerator] request handled; status=200 latency_ms=14
2024-03-15T01:07:35Z [INFO]  [paymentservice] request handled; status=200 latency_ms=15
2024-03-15T01:07:35Z [ERROR] [paymentservice] OOMKilled: container killed by out-of-memory
2024-03-15T01:07:35Z [WARNING] [paymentservice] pod restarted, reason=OOMKilled
2024-03-15T01:07:35Z [ERROR] [frontend] /payment page: HTTP 500 returned
2024-03-15T01:07:35Z [ERROR] [frontend] Error at payment page: paymentservice unavailable
2024-03-15T01:07:36Z [INFO]  [productcatalogservice] request handled; status=200 latency_ms=16
2024-03-15T01:07:37Z [INFO]  [recommendationservice] request handled; status=200 latency_ms=17
2024-03-15T01:07:38Z [INFO]  [redis-cart] request handled; status=200 latency_ms=18
2024-03-15T01:07:39Z [INFO]  [shippingservice] request handled; status=200 latency_ms=19
2024-03-15T01:07:40Z [INFO]  [adservice] request handled; status=200 latency_ms=20
2024-03-15T01:07:41Z [INFO]  [cartservice] request handled; status=200 latency_ms=21
2024-03-15T01:07:41Z [WARN]  [frontend] upstream call degraded via paymentservice latency_ms=261
2024-03-15T01:07:42Z [INFO]  [checkoutservice] request handled; status=200 latency_ms=22
2024-03-15T01:07:43Z [INFO]  [currencyservice] request handled; status=200 latency_ms=23
2024-03-15T01:07:44Z [INFO]  [emailservice] request handled; status=200 latency_ms=24
2024-03-15T01:07:45Z [INFO]  [frontend] request handled; status=200 latency_ms=25
2024-03-15T01:07:46Z [INFO]  [loadgenerator] request handled; status=200 latency_ms=26
2024-03-15T01:07:47Z [INFO]  [paymentservice] request handled; status=200 latency_ms=27
2024-03-15T01:07:48Z [INFO]  [productcatalogservice] request handled; status=200 latency_ms=28
2024-03-15T01:07:49Z [INFO]  [recommendationservice] request handled; status=200 latency_ms=29
2024-03-15T01:07:50Z [INFO]  [redis-cart] request handled; status=200 latency_ms=30
2024-03-15T01:07:51Z [INFO]  [shippingservice] request handled; status=200 latency_ms=31
2024-03-15T01:07:52Z [INFO]  [adservice] request handled; status=200 latency_ms=32
2024-03-15T01:07:53Z [INFO]  [cartservice] request handled; status=200 latency_ms=33
2024-03-15T01:07:54Z [INFO]  [checkoutservice] request handled; status=200 latency_ms=34
2024-03-15T01:07:55Z [INFO]  [currencyservice] request handled; status=200 latency_ms=35
2024-03-15T01:07:56Z [INFO]  [emailservice] request handled; status=200 latency_ms=36
2024-03-15T01:07:57Z [INFO]  [frontend] request handled; status=200 latency_ms=37
2024-03-15T01:07:58Z [INFO]  [loadgenerator] request handled; status=200 latency_ms=38
2024-03-15T01:07:58Z [WARN]  [frontend] upstream call degraded via paymentservice latency_ms=278
2024-03-15T01:07:59Z [INFO]  [paymentservice] request handled; status=200 latency_ms=39
2024-03-15T01:08:00Z [INFO]  [productcatalogservice] request handled; status=200 latency_ms=40
2024-03-15T01:08:01Z [INFO]  [recommendationservice] request handled; status=200 latency_ms=41
2024-03-15T01:08:02Z [INFO]  [redis-cart] request handled; status=200 latency_ms=42
2024-03-15T01:08:03Z [INFO]  [shippingservice] request handled; status=200 latency_ms=43
2024-03-15T01:08:04Z [INFO]  [adservice] request handled; status=200 latency_ms=44
2024-03-15T01:08:05Z [INFO]  [cartservice] request handled; status=200 latency_ms=45
2024-03-15T01:08:06Z [INFO]  [checkoutservice] request handled; status=200 latency_ms=46
2024-03-15T01:08:07Z [INFO]  [currencyservice] request handled; status=200 latency_ms=47
2024-03-15T01:08:08Z [INFO]  [emailservice] request handled; status=200 latency_ms=48
2024-03-15T01:08:09Z [INFO]  [frontend] request handled; status=200 latency_ms=49
2024-03-15T01:08:10Z [INFO]  [loadgenerator] request handled; status=200 latency_ms=50
2024-03-15T01:08:11Z [INFO]  [paymentservice] request handled; status=200 latency_ms=51
2024-03-15T01:08:12Z [INFO]  [productcatalogservice] request handled; status=200 latency_ms=52
2024-03-15T01:08:13Z [INFO]  [recommendationservice] request handled; status=200 latency_ms=53
2024-03-15T01:08:14Z [INFO]  [redis-cart] request handled; status=200 latency_ms=54
2024-03-15T01:08:15Z [INFO]  [shippingservice] request handled; status=200 latency_ms=55
2024-03-15T01:08:15Z [WARN]  [frontend] upstream call degraded via paymentservice latency_ms=295
2024-03-15T01:08:16Z [INFO]  [adservice] request handled; status=200 latency_ms=56
2024-03-15T01:08:17Z [INFO]  [cartservice] request handled; status=200 latency_ms=57
2024-03-15T01:08:18Z [INFO]  [checkoutservice] request handled; status=200 latency_ms=58
2024-03-15T01:08:19Z [INFO]  [currencyservice] request handled; status=200 latency_ms=59
2024-03-15T01:08:20Z [INFO]  [emailservice] request handled; status=200 latency_ms=10
2024-03-15T01:08:21Z [INFO]  [frontend] request handled; status=200 latency_ms=11
2024-03-15T01:08:22Z [INFO]  [loadgenerator] request handled; status=200 latency_ms=12
2024-03-15T01:08:23Z [INFO]  [paymentservice] request handled; status=200 latency_ms=13
2024-03-15T01:08:24Z [INFO]  [productcatalogservice] request handled; status=200 latency_ms=14
2024-03-15T01:08:25Z [INFO]  [recommendationservice] request handled; status=200 latency_ms=15
2024-03-15T01:08:26Z [INFO]  [redis-cart] request handled; status=200 latency_ms=16
2024-03-15T01:08:27Z [INFO]  [shippingservice] request handled; status=200 latency_ms=17
2024-03-15T01:08:28Z [INFO]  [adservice] request handled; status=200 latency_ms=18
2024-03-15T01:08:29Z [INFO]  [cartservice] request handled; status=200 latency_ms=19
2024-03-15T01:08:30Z [INFO]  [checkoutservice] request handled; status=200 latency_ms=20
2024-03-15T01:08:31Z [INFO]  [currencyservice] request handled; status=200 latency_ms=21
2024-03-15T01:08:31Z [ERROR] [emailservice] init error: template directory missing '/app/templates'
2024-03-15T01:08:31Z [ERROR] [emailservice] CrashLoopBackOff (exit code 1)
2024-03-15T01:08:32Z [INFO]  [emailservice] request handled; status=200 latency_ms=22
2024-03-15T01:08:32Z [WARN]  [frontend] upstream call degraded via paymentservice latency_ms=312
2024-03-15T01:08:33Z [INFO]  [frontend] request handled; status=200 latency_ms=23
2024-03-15T01:08:34Z [INFO]  [loadgenerator] request handled; status=200 latency_ms=24
2024-03-15T01:08:35Z [INFO]  [paymentservice] request handled; status=200 latency_ms=25
2024-03-15T01:08:36Z [INFO]  [productcatalogservice] request handled; status=200 latency_ms=26
2024-03-15T01:08:37Z [INFO]  [recommendationservice] request handled; status=200 latency_ms=27
2024-03-15T01:08:38Z [INFO]  [redis-cart] request handled; status=200 latency_ms=28
2024-03-15T01:08:39Z [INFO]  [shippingservice] request handled; status=200 latency_ms=29
2024-03-15T01:08:40Z [INFO]  [adservice] request handled; status=200 latency_ms=30
2024-03-15T01:08:41Z [INFO]  [cartservice] request handled; status=200 latency_ms=31
2024-03-15T01:08:42Z [INFO]  [checkoutservice] request handled; status=200 latency_ms=32
2024-03-15T01:08:43Z [INFO]  [currencyservice] request handled; status=200 latency_ms=33
2024-03-15T01:08:44Z [INFO]  [emailservice] request handled; status=200 latency_ms=34
2024-03-15T01:08:45Z [INFO]  [frontend] request handled; status=200 latency_ms=35
2024-03-15T01:08:46Z [INFO]  [loadgenerator] request handled; status=200 latency_ms=36
2024-03-15T01:08:47Z [INFO]  [paymentservice] request handled; status=200 latency_ms=37
2024-03-15T01:08:48Z [INFO]  [productcatalogservice] request handled; status=200 latency_ms=38
2024-03-15T01:08:49Z [INFO]  [recommendationservice] request handled; status=200 latency_ms=39
2024-03-15T01:08:49Z [WARN]  [frontend] upstream call degraded via paymentservice latency_ms=329
2024-03-15T01:08:50Z [INFO]  [redis-cart] request handled; status=200 latency_ms=40
2024-03-15T01:08:51Z [INFO]  [shippingservice] request handled; status=200 latency_ms=41
2024-03-15T01:08:52Z [INFO]  [adservice] request handled; status=200 latency_ms=42
2024-03-15T01:08:53Z [INFO]  [cartservice] request handled; status=200 latency_ms=43
2024-03-15T01:08:54Z [INFO]  [checkoutservice] request handled; status=200 latency_ms=44
2024-03-15T01:08:55Z [INFO]  [currencyservice] request handled; status=200 latency_ms=45
2024-03-15T01:08:56Z [INFO]  [emailservice] request handled; status=200 latency_ms=46
2024-03-15T01:08:57Z [INFO]  [frontend] request handled; status=200 latency_ms=47
2024-03-15T01:08:58Z [INFO]  [loadgenerator] request handled; status=200 latency_ms=48
2024-03-15T01:08:59Z [INFO]  [paymentservice] request handled; status=200 latency_ms=49
2024-03-15T01:09:00Z [INFO]  [productcatalogservice] request handled; status=200 latency_ms=50
2024-03-15T01:09:01Z [INFO]  [recommendationservice] request handled; status=200 latency_ms=51
2024-03-15T01:09:02Z [INFO]  [redis-cart] request handled; status=200 latency_ms=52
2024-03-15T01:09:03Z [INFO]  [shippingservice] request handled; status=200 latency_ms=53
2024-03-15T01:09:04Z [INFO]  [adservice] request handled; status=200 latency_ms=54
2024-03-15T01:09:05Z [INFO]  [cartservice] request handled; status=200 latency_ms=55
2024-03-15T01:09:06Z [INFO]  [checkoutservice] request handled; status=200 latency_ms=56
2024-03-15T01:09:06Z [WARN]  [frontend] upstream call degraded via paymentservice latency_ms=346
2024-03-15T01:09:07Z [INFO]  [currencyservice] request handled; status=200 latency_ms=57
2024-03-15T01:09:08Z [INFO]  [emailservice] request handled; status=200 latency_ms=58
2024-03-15T01:09:09Z [INFO]  [frontend] request handled; status=200 latency_ms=59
2024-03-15T01:09:10Z [INFO]  [loadgenerator] request handled; status=200 latency_ms=10
2024-03-15T01:09:11Z [INFO]  [paymentservice] request handled; status=200 latency_ms=11
2024-03-15T01:09:12Z [INFO]  [productcatalogservice] request handled; status=200 latency_ms=12
2024-03-15T01:09:13Z [INFO]  [recommendationservice] request handled; status=200 latency_ms=13
2024-03-15T01:09:14Z [INFO]  [redis-cart] request handled; status=200 latency_ms=14
2024-03-15T01:09:15Z [INFO]  [shippingservice] request handled; status=200 latency_ms=15
2024-03-15T01:09:16Z [INFO]  [adservice] request handled; status=200 latency_ms=16
2024-03-15T01:09:17Z [INFO]  [cartservice] request handled; status=200 latency_ms=17
2024-03-15T01:09:18Z [INFO]  [checkoutservice] request handled; status=200 latency_ms=18
2024-03-15T01:09:19Z [INFO]  [currencyservice] request handled; status=200 latency_ms=19
2024-03-15T01:09:20Z [INFO]  [emailservice] request handled; status=200 latency_ms=20
2024-03-15T01:09:21Z [INFO]  [frontend] request handled; status=200 latency_ms=21
2024-03-15T01:09:22Z [INFO]  [loadgenerator] request handled; status=200 latency_ms=22
2024-03-15T01:09:23Z [INFO]  [paymentservice] request handled; status=200 latency_ms=23
2024-03-15T01:09:23Z [WARN]  [frontend] upstream call degraded via paymentservice latency_ms=363
2024-03-15T01:09:24Z [INFO]  [productcatalogservice] request handled; status=200 latency_ms=24
2024-03-15T01:09:25Z [INFO]  [recommendationservice] request handled; status=200 latency_ms=25
2024-03-15T01:09:26Z [INFO]  [redis-cart] request handled; status=200 latency_ms=26
2024-03-15T01:09:27Z [INFO]  [shippingservice] request handled; status=200 latency_ms=27
2024-03-15T01:09:28Z [INFO]  [adservice] request handled; status=200 latency_ms=28
2024-03-15T01:09:28Z [ERROR] [paymentservice] OOMKilled: container killed by out-of-memory
2024-03-15T01:09:28Z [WARNING] [paymentservice] pod restarted, reason=OOMKilled
2024-03-15T01:09:28Z [ERROR] [frontend] /payment page: HTTP 500 returned
2024-03-15T01:09:28Z [ERROR] [frontend] Error at payment page: paymentservice unavailable
2024-03-15T01:09:29Z [INFO]  [cartservice] request handled; status=200 latency_ms=29
2024-03-15T01:09:30Z [INFO]  [checkoutservice] request handled; status=200 latency_ms=30
2024-03-15T01:09:31Z [INFO]  [currencyservice] request handled; status=200 latency_ms=31
2024-03-15T01:09:32Z [INFO]  [emailservice] request handled; status=200 latency_ms=32
2024-03-15T01:09:33Z [INFO]  [frontend] request handled; status=200 latency_ms=33
2024-03-15T01:09:34Z [INFO]  [loadgenerator] request handled; status=200 latency_ms=34
2024-03-15T01:09:35Z [INFO]  [paymentservice] request handled; status=200 latency_ms=35
2024-03-15T01:09:36Z [INFO]  [productcatalogservice] request handled; status=200 latency_ms=36
2024-03-15T01:09:37Z [INFO]  [recommendationservice] request handled; status=200 latency_ms=37
2024-03-15T01:09:38Z [INFO]  [redis-cart] request handled; status=200 latency_ms=38
2024-03-15T01:09:39Z [INFO]  [shippingservice] request handled; status=200 latency_ms=39
2024-03-15T01:09:40Z [INFO]  [adservice] request handled; status=200 latency_ms=40
2024-03-15T01:09:40Z [WARN]  [frontend] upstream call degraded via paymentservice latency_ms=380
2024-03-15T01:09:41Z [INFO]  [cartservice] request handled; status=200 latency_ms=41
2024-03-15T01:09:42Z [INFO]  [checkoutservice] request handled; status=200 latency_ms=42
2024-03-15T01:09:43Z [INFO]  [currencyservice] request handled; status=200 latency_ms=43
2024-03-15T01:09:44Z [INFO]  [emailservice] request handled; status=200 latency_ms=44
2024-03-15T01:09:45Z [INFO]  [frontend] request handled; status=200 latency_ms=45
2024-03-15T01:09:46Z [INFO]  [loadgenerator] request handled; status=200 latency_ms=46
2024-03-15T01:09:47Z [INFO]  [paymentservice] request handled; status=200 latency_ms=47
2024-03-15T01:09:48Z [INFO]  [productcatalogservice] request handled; status=200 latency_ms=48
2024-03-15T01:09:49Z [INFO]  [recommendationservice] request handled; status=200 latency_ms=49
2024-03-15T01:09:50Z [INFO]  [redis-cart] request handled; status=200 latency_ms=50
2024-03-15T01:09:51Z [INFO]  [shippingservice] request handled; status=200 latency_ms=51
2024-03-15T01:09:52Z [INFO]  [adservice] request handled; status=200 latency_ms=52
2024-03-15T01:09:53Z [INFO]  [cartservice] request handled; status=200 latency_ms=53
2024-03-15T01:09:54Z [INFO]  [checkoutservice] request handled; status=200 latency_ms=54
2024-03-15T01:09:55Z [INFO]  [currencyservice] request handled; status=200 latency_ms=55
2024-03-15T01:09:56Z [INFO]  [emailservice] request handled; status=200 latency_ms=56
2024-03-15T01:09:57Z [INFO]  [frontend] request handled; status=200 latency_ms=57
2024-03-15T01:09:57Z [WARN]  [frontend] upstream call degraded via paymentservice latency_ms=397
2024-03-15T01:09:58Z [INFO]  [loadgenerator] request handled; status=200 latency_ms=58
2024-03-15T01:09:59Z [INFO]  [paymentservice] request handled; status=200 latency_ms=59
2024-03-15T01:10:00Z [INFO]  [productcatalogservice] request handled; status=200 latency_ms=10
2024-03-15T01:10:01Z [INFO]  [recommendationservice] request handled; status=200 latency_ms=11
2024-03-15T01:10:02Z [INFO]  [redis-cart] request handled; status=200 latency_ms=12
2024-03-15T01:10:03Z [INFO]  [shippingservice] request handled; status=200 latency_ms=13
2024-03-15T01:10:04Z [INFO]  [adservice] request handled; status=200 latency_ms=14
2024-03-15T01:10:05Z [INFO]  [cartservice] request handled; status=200 latency_ms=15
2024-03-15T01:10:06Z [INFO]  [checkoutservice] request handled; status=200 latency_ms=16
2024-03-15T01:10:07Z [INFO]  [currencyservice] request handled; status=200 latency_ms=17
2024-03-15T01:10:08Z [INFO]  [emailservice] request handled; status=200 latency_ms=18
2024-03-15T01:10:09Z [INFO]  [frontend] request handled; status=200 latency_ms=19
2024-03-15T01:10:10Z [INFO]  [loadgenerator] request handled; status=200 latency_ms=20
2024-03-15T01:10:11Z [INFO]  [paymentservice] request handled; status=200 latency_ms=21
2024-03-15T01:10:12Z [INFO]  [productcatalogservice] request handled; status=200 latency_ms=22
2024-03-15T01:10:13Z [INFO]  [recommendationservice] request handled; status=200 latency_ms=23
2024-03-15T01:10:14Z [INFO]  [redis-cart] request handled; status=200 latency_ms=24
2024-03-15T01:10:14Z [WARN]  [frontend] upstream call degraded via paymentservice latency_ms=414
2024-03-15T01:10:15Z [INFO]  [shippingservice] request handled; status=200 latency_ms=25
2024-03-15T01:10:16Z [INFO]  [adservice] request handled; status=200 latency_ms=26
2024-03-15T01:10:17Z [INFO]  [cartservice] request handled; status=200 latency_ms=27
2024-03-15T01:10:18Z [INFO]  [checkoutservice] request handled; status=200 latency_ms=28
2024-03-15T01:10:19Z [INFO]  [currencyservice] request handled; status=200 latency_ms=29
2024-03-15T01:10:20Z [INFO]  [emailservice] request handled; status=200 latency_ms=30
2024-03-15T01:10:21Z [INFO]  [frontend] request handled; status=200 latency_ms=31
2024-03-15T01:10:22Z [INFO]  [loadgenerator] request handled; status=200 latency_ms=32
2024-03-15T01:10:23Z [INFO]  [paymentservice] request handled; status=200 latency_ms=33
2024-03-15T01:10:24Z [INFO]  [productcatalogservice] request handled; status=200 latency_ms=34
2024-03-15T01:10:25Z [INFO]  [recommendationservice] request handled; status=200 latency_ms=35
2024-03-15T01:10:26Z [INFO]  [redis-cart] request handled; status=200 latency_ms=36
2024-03-15T01:10:27Z [INFO]  [shippingservice] request handled; status=200 latency_ms=37
2024-03-15T01:10:28Z [INFO]  [adservice] request handled; status=200 latency_ms=38
2024-03-15T01:10:29Z [INFO]  [cartservice] request handled; status=200 latency_ms=39
2024-03-15T01:10:30Z [INFO]  [checkoutservice] request handled; status=200 latency_ms=40
2024-03-15T01:10:31Z [INFO]  [currencyservice] request handled; status=200 latency_ms=41
2024-03-15T01:10:31Z [WARN]  [frontend] upstream call degraded via paymentservice latency_ms=431
2024-03-15T01:10:32Z [INFO]  [emailservice] request handled; status=200 latency_ms=42
2024-03-15T01:10:33Z [INFO]  [frontend] request handled; status=200 latency_ms=43
2024-03-15T01:10:34Z [INFO]  [loadgenerator] request handled; status=200 latency_ms=44
2024-03-15T01:10:35Z [INFO]  [paymentservice] request handled; status=200 latency_ms=45
2024-03-15T01:10:36Z [INFO]  [productcatalogservice] request handled; status=200 latency_ms=46
2024-03-15T01:10:37Z [INFO]  [recommendationservice] request handled; status=200 latency_ms=47
2024-03-15T01:10:38Z [INFO]  [redis-cart] request handled; status=200 latency_ms=48
2024-03-15T01:10:39Z [INFO]  [shippingservice] request handled; status=200 latency_ms=49
2024-03-15T01:10:40Z [INFO]  [adservice] request handled; status=200 latency_ms=50
2024-03-15T01:10:41Z [INFO]  [cartservice] request handled; status=200 latency_ms=51
2024-03-15T01:10:42Z [INFO]  [checkoutservice] request handled; status=200 latency_ms=52
2024-03-15T01:10:43Z [INFO]  [currencyservice] request handled; status=200 latency_ms=53
2024-03-15T01:10:44Z [INFO]  [emailservice] request handled; status=200 latency_ms=54
2024-03-15T01:10:45Z [INFO]  [frontend] request handled; status=200 latency_ms=55
2024-03-15T01:10:46Z [INFO]  [loadgenerator] request handled; status=200 latency_ms=56
2024-03-15T01:10:47Z [INFO]  [paymentservice] request handled; status=200 latency_ms=57
2024-03-15T01:10:48Z [INFO]  [productcatalogservice] request handled; status=200 latency_ms=58
2024-03-15T01:10:48Z [WARN]  [frontend] upstream call degraded via paymentservice latency_ms=448
2024-03-15T01:10:49Z [INFO]  [recommendationservice] request handled; status=200 latency_ms=59
2024-03-15T01:10:50Z [INFO]  [redis-cart] request handled; status=200 latency_ms=10
2024-03-15T01:10:51Z [INFO]  [shippingservice] request handled; status=200 latency_ms=11
2024-03-15T01:10:52Z [INFO]  [adservice] request handled; status=200 latency_ms=12
2024-03-15T01:10:53Z [INFO]  [cartservice] request handled; status=200 latency_ms=13
2024-03-15T01:10:54Z [INFO]  [checkoutservice] request handled; status=200 latency_ms=14
2024-03-15T01:10:55Z [INFO]  [currencyservice] request handled; status=200 latency_ms=15
2024-03-15T01:10:56Z [INFO]  [emailservice] request handled; status=200 latency_ms=16
2024-03-15T01:10:57Z [INFO]  [frontend] request handled; status=200 latency_ms=17
2024-03-15T01:10:58Z [INFO]  [loadgenerator] request handled; status=200 latency_ms=18
2024-03-15T01:10:59Z [INFO]  [paymentservice] request handled; status=200 latency_ms=19
2024-03-15T01:11:00Z [INFO]  [productcatalogservice] request handled; status=200 latency_ms=20
2024-03-15T01:11:01Z [INFO]  [recommendationservice] request handled; status=200 latency_ms=21
2024-03-15T01:11:02Z [INFO]  [redis-cart] request handled; status=200 latency_ms=22
2024-03-15T01:11:03Z [INFO]  [shippingservice] request handled; status=200 latency_ms=23
2024-03-15T01:11:04Z [INFO]  [adservice] request handled; status=200 latency_ms=24
2024-03-15T01:11:05Z [INFO]  [cartservice] request handled; status=200 latency_ms=25
2024-03-15T01:11:05Z [WARN]  [frontend] upstream call degraded via paymentservice latency_ms=465
2024-03-15T01:11:06Z [INFO]  [checkoutservice] request handled; status=200 latency_ms=26
2024-03-15T01:11:07Z [INFO]  [currencyservice] request handled; status=200 latency_ms=27
2024-03-15T01:11:08Z [INFO]  [emailservice] request handled; status=200 latency_ms=28
2024-03-15T01:11:09Z [INFO]  [frontend] request handled; status=200 latency_ms=29
2024-03-15T01:11:10Z [INFO]  [loadgenerator] request handled; status=200 latency_ms=30
2024-03-15T01:11:11Z [INFO]  [paymentservice] request handled; status=200 latency_ms=31
2024-03-15T01:11:12Z [INFO]  [productcatalogservice] request handled; status=200 latency_ms=32
2024-03-15T01:11:13Z [INFO]  [recommendationservice] request handled; status=200 latency_ms=33
2024-03-15T01:11:14Z [INFO]  [redis-cart] request handled; status=200 latency_ms=34
2024-03-15T01:11:15Z [INFO]  [shippingservice] request handled; status=200 latency_ms=35
2024-03-15T01:11:16Z [INFO]  [adservice] request handled; status=200 latency_ms=36
2024-03-15T01:11:17Z [INFO]  [cartservice] request handled; status=200 latency_ms=37
2024-03-15T01:11:18Z [INFO]  [checkoutservice] request handled; status=200 latency_ms=38
2024-03-15T01:11:19Z [INFO]  [currencyservice] request handled; status=200 latency_ms=39
2024-03-15T01:11:20Z [INFO]  [emailservice] request handled; status=200 latency_ms=40
2024-03-15T01:11:21Z [INFO]  [frontend] request handled; status=200 latency_ms=41
2024-03-15T01:11:21Z [ERROR] [paymentservice] OOMKilled: container killed by out-of-memory
2024-03-15T01:11:21Z [WARNING] [paymentservice] pod restarted, reason=OOMKilled
2024-03-15T01:11:21Z [ERROR] [frontend] /payment page: HTTP 500 returned
2024-03-15T01:11:21Z [ERROR] [frontend] Error at payment page: paymentservice unavailable
2024-03-15T01:11:22Z [INFO]  [loadgenerator] request handled; status=200 latency_ms=42
2024-03-15T01:11:22Z [WARN]  [frontend] upstream call degraded via paymentservice latency_ms=482
2024-03-15T01:11:23Z [INFO]  [paymentservice] request handled; status=200 latency_ms=43
2024-03-15T01:11:24Z [INFO]  [productcatalogservice] request handled; status=200 latency_ms=44
2024-03-15T01:11:25Z [INFO]  [recommendationservice] request handled; status=200 latency_ms=45
2024-03-15T01:11:26Z [INFO]  [redis-cart] request handled; status=200 latency_ms=46
2024-03-15T01:11:27Z [INFO]  [shippingservice] request handled; status=200 latency_ms=47
2024-03-15T01:11:28Z [INFO]  [adservice] request handled; status=200 latency_ms=48
2024-03-15T01:11:29Z [INFO]  [cartservice] request handled; status=200 latency_ms=49
2024-03-15T01:11:30Z [INFO]  [checkoutservice] request handled; status=200 latency_ms=50
2024-03-15T01:11:31Z [INFO]  [currencyservice] request handled; status=200 latency_ms=51
2024-03-15T01:11:32Z [INFO]  [emailservice] request handled; status=200 latency_ms=52
2024-03-15T01:11:33Z [INFO]  [frontend] request handled; status=200 latency_ms=53
2024-03-15T01:11:34Z [INFO]  [loadgenerator] request handled; status=200 latency_ms=54
2024-03-15T01:11:35Z [INFO]  [paymentservice] request handled; status=200 latency_ms=55
2024-03-15T01:11:36Z [INFO]  [productcatalogservice] request handled; status=200 latency_ms=56
2024-03-15T01:11:37Z [INFO]  [recommendationservice] request handled; status=200 latency_ms=57
2024-03-15T01:11:38Z [INFO]  [redis-cart] request handled; status=200 latency_ms=58
2024-03-15T01:11:39Z [INFO]  [shippingservice] request handled; status=200 latency_ms=59
2024-03-15T01:11:39Z [WARN]  [frontend] upstream call degraded via paymentservice latency_ms=499
2024-03-15T01:11:40Z [INFO]  [adservice] request handled; status=200 latency_ms=10
2024-03-15T01:11:41Z [INFO]  [cartservice] request handled; status=200 latency_ms=11
2024-03-15T01:11:42Z [INFO]  [checkoutservice] request handled; status=200 latency_ms=12
2024-03-15T01:11:42Z [ERROR] [emailservice] init error: template directory missing '/app/templates'
2024-03-15T01:11:42Z [ERROR] [emailservice] CrashLoopBackOff (exit code 1)
2024-03-15T01:11:43Z [INFO]  [currencyservice] request handled; status=200 latency_ms=13
2024-03-15T01:11:44Z [INFO]  [emailservice] request handled; status=200 latency_ms=14
2024-03-15T01:11:45Z [INFO]  [frontend] request handled; status=200 latency_ms=15
2024-03-15T01:11:46Z [INFO]  [loadgenerator] request handled; status=200 latency_ms=16
2024-03-15T01:11:47Z [INFO]  [paymentservice] request handled; status=200 latency_ms=17
2024-03-15T01:11:48Z [INFO]  [productcatalogservice] request handled; status=200 latency_ms=18
2024-03-15T01:11:49Z [INFO]  [recommendationservice] request handled; status=200 latency_ms=19
2024-03-15T01:11:50Z [INFO]  [redis-cart] request handled; status=200 latency_ms=20
2024-03-15T01:11:51Z [INFO]  [shippingservice] request handled; status=200 latency_ms=21
2024-03-15T01:11:52Z [INFO]  [adservice] request handled; status=200 latency_ms=22
2024-03-15T01:11:53Z [INFO]  [cartservice] request handled; status=200 latency_ms=23
2024-03-15T01:11:54Z [INFO]  [checkoutservice] request handled; status=200 latency_ms=24
2024-03-15T01:11:55Z [INFO]  [currencyservice] request handled; status=200 latency_ms=25
2024-03-15T01:11:56Z [INFO]  [emailservice] request handled; status=200 latency_ms=26
2024-03-15T01:11:56Z [WARN]  [frontend] upstream call degraded via paymentservice latency_ms=216
2024-03-15T01:11:57Z [INFO]  [frontend] request handled; status=200 latency_ms=27
2024-03-15T01:11:58Z [INFO]  [loadgenerator] request handled; status=200 latency_ms=28
2024-03-15T01:11:59Z [INFO]  [paymentservice] request handled; status=200 latency_ms=29
2024-03-15T01:12:00Z [INFO]  [productcatalogservice] request handled; status=200 latency_ms=30
2024-03-15T01:12:01Z [INFO]  [recommendationservice] request handled; status=200 latency_ms=31
2024-03-15T01:12:02Z [INFO]  [redis-cart] request handled; status=200 latency_ms=32
2024-03-15T01:12:03Z [INFO]  [shippingservice] request handled; status=200 latency_ms=33
2024-03-15T01:12:04Z [INFO]  [adservice] request handled; status=200 latency_ms=34
2024-03-15T01:12:05Z [INFO]  [cartservice] request handled; status=200 latency_ms=35
2024-03-15T01:12:06Z [INFO]  [checkoutservice] request handled; status=200 latency_ms=36
2024-03-15T01:12:07Z [INFO]  [currencyservice] request handled; status=200 latency_ms=37
2024-03-15T01:12:08Z [INFO]  [emailservice] request handled; status=200 latency_ms=38
2024-03-15T01:12:09Z [INFO]  [frontend] request handled; status=200 latency_ms=39
2024-03-15T01:12:10Z [INFO]  [loadgenerator] request handled; status=200 latency_ms=40
2024-03-15T01:12:11Z [INFO]  [paymentservice] request handled; status=200 latency_ms=41
2024-03-15T01:12:12Z [INFO]  [productcatalogservice] request handled; status=200 latency_ms=42
2024-03-15T01:12:13Z [INFO]  [recommendationservice] request handled; status=200 latency_ms=43
2024-03-15T01:12:13Z [WARN]  [frontend] upstream call degraded via paymentservice latency_ms=233
2024-03-15T01:12:14Z [INFO]  [redis-cart] request handled; status=200 latency_ms=44
2024-03-15T01:12:15Z [INFO]  [shippingservice] request handled; status=200 latency_ms=45
2024-03-15T01:12:16Z [INFO]  [adservice] request handled; status=200 latency_ms=46
2024-03-15T01:12:17Z [INFO]  [cartservice] request handled; status=200 latency_ms=47
2024-03-15T01:12:18Z [INFO]  [checkoutservice] request handled; status=200 latency_ms=48
2024-03-15T01:12:19Z [INFO]  [currencyservice] request handled; status=200 latency_ms=49
2024-03-15T01:12:20Z [INFO]  [emailservice] request handled; status=200 latency_ms=50
2024-03-15T01:12:21Z [INFO]  [frontend] request handled; status=200 latency_ms=51
2024-03-15T01:12:22Z [INFO]  [loadgenerator] request handled; status=200 latency_ms=52
2024-03-15T01:12:23Z [INFO]  [paymentservice] request handled; status=200 latency_ms=53
2024-03-15T01:12:24Z [INFO]  [productcatalogservice] request handled; status=200 latency_ms=54
2024-03-15T01:12:25Z [INFO]  [recommendationservice] request handled; status=200 latency_ms=55
2024-03-15T01:12:26Z [INFO]  [redis-cart] request handled; status=200 latency_ms=56
2024-03-15T01:12:27Z [INFO]  [shippingservice] request handled; status=200 latency_ms=57
2024-03-15T01:12:28Z [INFO]  [adservice] request handled; status=200 latency_ms=58
2024-03-15T01:12:29Z [INFO]  [cartservice] request handled; status=200 latency_ms=59
2024-03-15T01:12:30Z [INFO]  [checkoutservice] request handled; status=200 latency_ms=10
2024-03-15T01:12:30Z [WARN]  [frontend] upstream call degraded via paymentservice latency_ms=250
2024-03-15T01:12:31Z [INFO]  [currencyservice] request handled; status=200 latency_ms=11
2024-03-15T01:12:32Z [INFO]  [emailservice] request handled; status=200 latency_ms=12
2024-03-15T01:12:33Z [INFO]  [frontend] request handled; status=200 latency_ms=13
2024-03-15T01:12:34Z [INFO]  [loadgenerator] request handled; status=200 latency_ms=14
2024-03-15T01:12:35Z [INFO]  [paymentservice] request handled; status=200 latency_ms=15
2024-03-15T01:12:36Z [INFO]  [productcatalogservice] request handled; status=200 latency_ms=16
2024-03-15T01:12:37Z [INFO]  [recommendationservice] request handled; status=200 latency_ms=17
2024-03-15T01:12:38Z [INFO]  [redis-cart] request handled; status=200 latency_ms=18
2024-03-15T01:12:39Z [INFO]  [shippingservice] request handled; status=200 latency_ms=19
2024-03-15T01:12:40Z [INFO]  [adservice] request handled; status=200 latency_ms=20
2024-03-15T01:12:41Z [INFO]  [cartservice] request handled; status=200 latency_ms=21
2024-03-15T01:12:42Z [INFO]  [checkoutservice] request handled; status=200 latency_ms=22
2024-03-15T01:12:43Z [INFO]  [currencyservice] request handled; status=200 latency_ms=23
2024-03-15T01:12:44Z [INFO]  [emailservice] request handled; status=200 latency_ms=24
2024-03-15T01:12:45Z [INFO]  [frontend] request handled; status=200 latency_ms=25
2024-03-15T01:12:46Z [INFO]  [loadgenerator] request handled; status=200 latency_ms=26
2024-03-15T01:12:47Z [INFO]  [paymentservice] request handled; status=200 latency_ms=27
2024-03-15T01:12:47Z [WARN]  [frontend] upstream call degraded via paymentservice latency_ms=267
2024-03-15T01:12:48Z [INFO]  [productcatalogservice] request handled; status=200 latency_ms=28
2024-03-15T01:12:49Z [INFO]  [recommendationservice] request handled; status=200 latency_ms=29
2024-03-15T01:12:50Z [INFO]  [redis-cart] request handled; status=200 latency_ms=30
2024-03-15T01:12:51Z [INFO]  [shippingservice] request handled; status=200 latency_ms=31
2024-03-15T01:12:52Z [INFO]  [adservice] request handled; status=200 latency_ms=32
2024-03-15T01:12:53Z [INFO]  [cartservice] request handled; status=200 latency_ms=33
2024-03-15T01:12:54Z [INFO]  [checkoutservice] request handled; status=200 latency_ms=34
2024-03-15T01:12:55Z [INFO]  [currencyservice] request handled; status=200 latency_ms=35
2024-03-15T01:12:56Z [INFO]  [emailservice] request handled; status=200 latency_ms=36
2024-03-15T01:12:57Z [INFO]  [frontend] request handled; status=200 latency_ms=37
2024-03-15T01:12:58Z [INFO]  [loadgenerator] request handled; status=200 latency_ms=38
2024-03-15T01:12:59Z [INFO]  [paymentservice] request handled; status=200 latency_ms=39
2024-03-15T01:13:00Z [INFO]  [productcatalogservice] request handled; status=200 latency_ms=40
2024-03-15T01:13:01Z [INFO]  [recommendationservice] request handled; status=200 latency_ms=41
2024-03-15T01:13:02Z [INFO]  [redis-cart] request handled; status=200 latency_ms=42
2024-03-15T01:13:03Z [INFO]  [shippingservice] request handled; status=200 latency_ms=43
2024-03-15T01:13:04Z [INFO]  [adservice] request handled; status=200 latency_ms=44
2024-03-15T01:13:04Z [WARN]  [frontend] upstream call degraded via paymentservice latency_ms=284
2024-03-15T01:13:05Z [INFO]  [cartservice] request handled; status=200 latency_ms=45
2024-03-15T01:13:06Z [INFO]  [checkoutservice] request handled; status=200 latency_ms=46
2024-03-15T01:13:07Z [INFO]  [currencyservice] request handled; status=200 latency_ms=47
2024-03-15T01:13:08Z [INFO]  [emailservice] request handled; status=200 latency_ms=48
2024-03-15T01:13:09Z [INFO]  [frontend] request handled; status=200 latency_ms=49
2024-03-15T01:13:10Z [INFO]  [loadgenerator] request handled; status=200 latency_ms=50
2024-03-15T01:13:11Z [INFO]  [paymentservice] request handled; status=200 latency_ms=51
2024-03-15T01:13:12Z [INFO]  [productcatalogservice] request handled; status=200 latency_ms=52
2024-03-15T01:13:13Z [INFO]  [recommendationservice] request handled; status=200 latency_ms=53
2024-03-15T01:13:14Z [INFO]  [redis-cart] request handled; status=200 latency_ms=54
2024-03-15T01:13:14Z [ERROR] [paymentservice] OOMKilled: container killed by out-of-memory
2024-03-15T01:13:14Z [WARNING] [paymentservice] pod restarted, reason=OOMKilled
2024-03-15T01:13:14Z [ERROR] [frontend] /payment page: HTTP 500 returned
2024-03-15T01:13:14Z [ERROR] [frontend] Error at payment page: paymentservice unavailable
2024-03-15T01:13:15Z [INFO]  [shippingservice] request handled; status=200 latency_ms=55
2024-03-15T01:13:16Z [INFO]  [adservice] request handled; status=200 latency_ms=56
2024-03-15T01:13:17Z [INFO]  [cartservice] request handled; status=200 latency_ms=57
2024-03-15T01:13:18Z [INFO]  [checkoutservice] request handled; status=200 latency_ms=58
2024-03-15T01:13:19Z [INFO]  [currencyservice] request handled; status=200 latency_ms=59
2024-03-15T01:13:20Z [INFO]  [emailservice] request handled; status=200 latency_ms=10
2024-03-15T01:13:21Z [INFO]  [frontend] request handled; status=200 latency_ms=11
2024-03-15T01:13:21Z [WARN]  [frontend] upstream call degraded via paymentservice latency_ms=301
2024-03-15T01:13:22Z [INFO]  [loadgenerator] request handled; status=200 latency_ms=12
2024-03-15T01:13:23Z [INFO]  [paymentservice] request handled; status=200 latency_ms=13
2024-03-15T01:13:24Z [INFO]  [productcatalogservice] request handled; status=200 latency_ms=14
2024-03-15T01:13:25Z [INFO]  [recommendationservice] request handled; status=200 latency_ms=15
2024-03-15T01:13:26Z [INFO]  [redis-cart] request handled; status=200 latency_ms=16
2024-03-15T01:13:27Z [INFO]  [shippingservice] request handled; status=200 latency_ms=17
2024-03-15T01:13:28Z [INFO]  [adservice] request handled; status=200 latency_ms=18
2024-03-15T01:13:29Z [INFO]  [cartservice] request handled; status=200 latency_ms=19
2024-03-15T01:13:30Z [INFO]  [checkoutservice] request handled; status=200 latency_ms=20
2024-03-15T01:13:31Z [INFO]  [currencyservice] request handled; status=200 latency_ms=21
2024-03-15T01:13:32Z [INFO]  [emailservice] request handled; status=200 latency_ms=22
2024-03-15T01:13:33Z [INFO]  [frontend] request handled; status=200 latency_ms=23
2024-03-15T01:13:34Z [INFO]  [loadgenerator] request handled; status=200 latency_ms=24
2024-03-15T01:13:35Z [INFO]  [paymentservice] request handled; status=200 latency_ms=25
2024-03-15T01:13:36Z [INFO]  [productcatalogservice] request handled; status=200 latency_ms=26
2024-03-15T01:13:37Z [INFO]  [recommendationservice] request handled; status=200 latency_ms=27
2024-03-15T01:13:38Z [INFO]  [redis-cart] request handled; status=200 latency_ms=28
2024-03-15T01:13:38Z [WARN]  [frontend] upstream call degraded via paymentservice latency_ms=318
2024-03-15T01:13:39Z [INFO]  [shippingservice] request handled; status=200 latency_ms=29
2024-03-15T01:13:40Z [INFO]  [adservice] request handled; status=200 latency_ms=30
2024-03-15T01:13:41Z [INFO]  [cartservice] request handled; status=200 latency_ms=31
2024-03-15T01:13:42Z [INFO]  [checkoutservice] request handled; status=200 latency_ms=32
2024-03-15T01:13:43Z [INFO]  [currencyservice] request handled; status=200 latency_ms=33
2024-03-15T01:13:44Z [INFO]  [emailservice] request handled; status=200 latency_ms=34
2024-03-15T01:13:45Z [INFO]  [frontend] request handled; status=200 latency_ms=35
2024-03-15T01:13:46Z [INFO]  [loadgenerator] request handled; status=200 latency_ms=36
2024-03-15T01:13:47Z [INFO]  [paymentservice] request handled; status=200 latency_ms=37
2024-03-15T01:13:48Z [INFO]  [productcatalogservice] request handled; status=200 latency_ms=38
2024-03-15T01:13:49Z [INFO]  [recommendationservice] request handled; status=200 latency_ms=39
2024-03-15T01:13:50Z [INFO]  [redis-cart] request handled; status=200 latency_ms=40
2024-03-15T01:13:51Z [INFO]  [shippingservice] request handled; status=200 latency_ms=41
2024-03-15T01:13:52Z [INFO]  [adservice] request handled; status=200 latency_ms=42
2024-03-15T01:13:53Z [INFO]  [cartservice] request handled; status=200 latency_ms=43
2024-03-15T01:13:54Z [INFO]  [checkoutservice] request handled; status=200 latency_ms=44
2024-03-15T01:13:55Z [INFO]  [currencyservice] request handled; status=200 latency_ms=45
2024-03-15T01:13:55Z [WARN]  [frontend] upstream call degraded via paymentservice latency_ms=335
2024-03-15T01:13:56Z [INFO]  [emailservice] request handled; status=200 latency_ms=46
2024-03-15T01:13:57Z [INFO]  [frontend] request handled; status=200 latency_ms=47
2024-03-15T01:13:58Z [INFO]  [loadgenerator] request handled; status=200 latency_ms=48
2024-03-15T01:13:59Z [INFO]  [paymentservice] request handled; status=200 latency_ms=49
2024-03-15T01:14:00Z [INFO]  [productcatalogservice] request handled; status=200 latency_ms=50
2024-03-15T01:14:01Z [INFO]  [recommendationservice] request handled; status=200 latency_ms=51
2024-03-15T01:14:02Z [INFO]  [redis-cart] request handled; status=200 latency_ms=52
2024-03-15T01:14:03Z [INFO]  [shippingservice] request handled; status=200 latency_ms=53
2024-03-15T01:14:04Z [INFO]  [adservice] request handled; status=200 latency_ms=54
2024-03-15T01:14:05Z [INFO]  [cartservice] request handled; status=200 latency_ms=55
2024-03-15T01:14:06Z [INFO]  [checkoutservice] request handled; status=200 latency_ms=56
2024-03-15T01:14:07Z [INFO]  [currencyservice] request handled; status=200 latency_ms=57
2024-03-15T01:14:08Z [INFO]  [emailservice] request handled; status=200 latency_ms=58
2024-03-15T01:14:09Z [INFO]  [frontend] request handled; status=200 latency_ms=59
2024-03-15T01:14:10Z [INFO]  [loadgenerator] request handled; status=200 latency_ms=10
2024-03-15T01:14:11Z [INFO]  [paymentservice] request handled; status=200 latency_ms=11
2024-03-15T01:14:12Z [INFO]  [productcatalogservice] request handled; status=200 latency_ms=12
2024-03-15T01:14:12Z [WARN]  [frontend] upstream call degraded via paymentservice latency_ms=352
2024-03-15T01:14:13Z [INFO]  [recommendationservice] request handled; status=200 latency_ms=13
2024-03-15T01:14:14Z [INFO]  [redis-cart] request handled; status=200 latency_ms=14
2024-03-15T01:14:15Z [INFO]  [shippingservice] request handled; status=200 latency_ms=15
2024-03-15T01:14:16Z [INFO]  [adservice] request handled; status=200 latency_ms=16
2024-03-15T01:14:17Z [INFO]  [cartservice] request handled; status=200 latency_ms=17
2024-03-15T01:14:18Z [INFO]  [checkoutservice] request handled; status=200 latency_ms=18
2024-03-15T01:14:19Z [INFO]  [currencyservice] request handled; status=200 latency_ms=19
2024-03-15T01:14:20Z [INFO]  [emailservice] request handled; status=200 latency_ms=20
2024-03-15T01:14:21Z [INFO]  [frontend] request handled; status=200 latency_ms=21
2024-03-15T01:14:22Z [INFO]  [loadgenerator] request handled; status=200 latency_ms=22
2024-03-15T01:14:23Z [INFO]  [paymentservice] request handled; status=200 latency_ms=23
2024-03-15T01:14:24Z [INFO]  [productcatalogservice] request handled; status=200 latency_ms=24
2024-03-15T01:14:25Z [INFO]  [recommendationservice] request handled; status=200 latency_ms=25
2024-03-15T01:14:26Z [INFO]  [redis-cart] request handled; status=200 latency_ms=26
2024-03-15T01:14:27Z [INFO]  [shippingservice] request handled; status=200 latency_ms=27
2024-03-15T01:14:28Z [INFO]  [adservice] request handled; status=200 latency_ms=28
2024-03-15T01:14:29Z [INFO]  [cartservice] request handled; status=200 latency_ms=29
2024-03-15T01:14:29Z [WARN]  [frontend] upstream call degraded via paymentservice latency_ms=369
2024-03-15T01:14:30Z [INFO]  [checkoutservice] request handled; status=200 latency_ms=30
2024-03-15T01:14:31Z [INFO]  [currencyservice] request handled; status=200 latency_ms=31
2024-03-15T01:14:32Z [INFO]  [emailservice] request handled; status=200 latency_ms=32
2024-03-15T01:14:33Z [INFO]  [frontend] request handled; status=200 latency_ms=33
2024-03-15T01:14:34Z [INFO]  [loadgenerator] request handled; status=200 latency_ms=34
2024-03-15T01:14:35Z [INFO]  [paymentservice] request handled; status=200 latency_ms=35
2024-03-15T01:14:36Z [INFO]  [productcatalogservice] request handled; status=200 latency_ms=36
2024-03-15T01:14:37Z [INFO]  [recommendationservice] request handled; status=200 latency_ms=37
2024-03-15T01:14:38Z [INFO]  [redis-cart] request handled; status=200 latency_ms=38
2024-03-15T01:14:39Z [INFO]  [shippingservice] request handled; status=200 latency_ms=39
2024-03-15T01:14:40Z [INFO]  [adservice] request handled; status=200 latency_ms=40
2024-03-15T01:14:41Z [INFO]  [cartservice] request handled; status=200 latency_ms=41
2024-03-15T01:14:42Z [INFO]  [checkoutservice] request handled; status=200 latency_ms=42
2024-03-15T01:14:43Z [INFO]  [currencyservice] request handled; status=200 latency_ms=43
2024-03-15T01:14:44Z [INFO]  [emailservice] request handled; status=200 latency_ms=44
2024-03-15T01:14:45Z [INFO]  [frontend] request handled; status=200 latency_ms=45
2024-03-15T01:14:46Z [INFO]  [loadgenerator] request handled; status=200 latency_ms=46
2024-03-15T01:14:46Z [WARN]  [frontend] upstream call degraded via paymentservice latency_ms=386
2024-03-15T01:14:47Z [INFO]  [paymentservice] request handled; status=200 latency_ms=47
2024-03-15T01:14:48Z [INFO]  [productcatalogservice] request handled; status=200 latency_ms=48
2024-03-15T01:14:49Z [INFO]  [recommendationservice] request handled; status=200 latency_ms=49
2024-03-15T01:14:50Z [INFO]  [redis-cart] request handled; status=200 latency_ms=50
2024-03-15T01:14:51Z [INFO]  [shippingservice] request handled; status=200 latency_ms=51
2024-03-15T01:14:52Z [INFO]  [adservice] request handled; status=200 latency_ms=52
2024-03-15T01:14:53Z [INFO]  [cartservice] request handled; status=200 latency_ms=53
2024-03-15T01:14:53Z [ERROR] [emailservice] init error: template directory missing '/app/templates'
2024-03-15T01:14:53Z [ERROR] [emailservice] CrashLoopBackOff (exit code 1)
2024-03-15T01:14:54Z [INFO]  [checkoutservice] request handled; status=200 latency_ms=54
2024-03-15T01:14:55Z [INFO]  [currencyservice] request handled; status=200 latency_ms=55
2024-03-15T01:14:56Z [INFO]  [emailservice] request handled; status=200 latency_ms=56
2024-03-15T01:14:57Z [INFO]  [frontend] request handled; status=200 latency_ms=57
2024-03-15T01:14:58Z [INFO]  [loadgenerator] request handled; status=200 latency_ms=58
2024-03-15T01:14:59Z [INFO]  [paymentservice] request handled; status=200 latency_ms=59
2024-03-15T01:15:00Z [INFO]  [productcatalogservice] request handled; status=200 latency_ms=10
2024-03-15T01:15:01Z [INFO]  [recommendationservice] request handled; status=200 latency_ms=11
2024-03-15T01:15:02Z [INFO]  [redis-cart] request handled; status=200 latency_ms=12
2024-03-15T01:15:03Z [INFO]  [shippingservice] request handled; status=200 latency_ms=13
2024-03-15T01:15:03Z [WARN]  [frontend] upstream call degraded via paymentservice latency_ms=403
2024-03-15T01:15:04Z [INFO]  [adservice] request handled; status=200 latency_ms=14
2024-03-15T01:15:05Z [INFO]  [cartservice] request handled; status=200 latency_ms=15
2024-03-15T01:15:06Z [INFO]  [checkoutservice] request handled; status=200 latency_ms=16
2024-03-15T01:15:07Z [INFO]  [currencyservice] request handled; status=200 latency_ms=17
2024-03-15T01:15:07Z [ERROR] [paymentservice] OOMKilled: container killed by out-of-memory
2024-03-15T01:15:07Z [WARNING] [paymentservice] pod restarted, reason=OOMKilled
2024-03-15T01:15:07Z [ERROR] [frontend] /payment page: HTTP 500 returned
2024-03-15T01:15:07Z [ERROR] [frontend] Error at payment page: paymentservice unavailable
2024-03-15T01:15:08Z [INFO]  [emailservice] request handled; status=200 latency_ms=18
2024-03-15T01:15:09Z [INFO]  [frontend] request handled; status=200 latency_ms=19
2024-03-15T01:15:10Z [INFO]  [loadgenerator] request handled; status=200 latency_ms=20
2024-03-15T01:15:11Z [INFO]  [paymentservice] request handled; status=200 latency_ms=21
2024-03-15T01:15:12Z [INFO]  [productcatalogservice] request handled; status=200 latency_ms=22
2024-03-15T01:15:13Z [INFO]  [recommendationservice] request handled; status=200 latency_ms=23
2024-03-15T01:15:14Z [INFO]  [redis-cart] request handled; status=200 latency_ms=24
2024-03-15T01:15:15Z [INFO]  [shippingservice] request handled; status=200 latency_ms=25
2024-03-15T01:15:16Z [INFO]  [adservice] request handled; status=200 latency_ms=26
2024-03-15T01:15:17Z [INFO]  [cartservice] request handled; status=200 latency_ms=27
2024-03-15T01:15:18Z [INFO]  [checkoutservice] request handled; status=200 latency_ms=28
2024-03-15T01:15:19Z [INFO]  [currencyservice] request handled; status=200 latency_ms=29
2024-03-15T01:15:20Z [INFO]  [emailservice] request handled; status=200 latency_ms=30
2024-03-15T01:15:20Z [WARN]  [frontend] upstream call degraded via paymentservice latency_ms=420
2024-03-15T01:15:21Z [INFO]  [frontend] request handled; status=200 latency_ms=31
2024-03-15T01:15:22Z [INFO]  [loadgenerator] request handled; status=200 latency_ms=32
2024-03-15T01:15:23Z [INFO]  [paymentservice] request handled; status=200 latency_ms=33
2024-03-15T01:15:24Z [INFO]  [productcatalogservice] request handled; status=200 latency_ms=34
2024-03-15T01:15:25Z [INFO]  [recommendationservice] request handled; status=200 latency_ms=35
2024-03-15T01:15:26Z [INFO]  [redis-cart] request handled; status=200 latency_ms=36
2024-03-15T01:15:27Z [INFO]  [shippingservice] request handled; status=200 latency_ms=37
2024-03-15T01:15:28Z [INFO]  [adservice] request handled; status=200 latency_ms=38
2024-03-15T01:15:29Z [INFO]  [cartservice] request handled; status=200 latency_ms=39
2024-03-15T01:15:30Z [INFO]  [checkoutservice] request handled; status=200 latency_ms=40
2024-03-15T01:15:31Z [INFO]  [currencyservice] request handled; status=200 latency_ms=41
2024-03-15T01:15:32Z [INFO]  [emailservice] request handled; status=200 latency_ms=42
2024-03-15T01:15:33Z [INFO]  [frontend] request handled; status=200 latency_ms=43
2024-03-15T01:15:34Z [INFO]  [loadgenerator] request handled; status=200 latency_ms=44
2024-03-15T01:15:35Z [INFO]  [paymentservice] request handled; status=200 latency_ms=45
2024-03-15T01:15:36Z [INFO]  [productcatalogservice] request handled; status=200 latency_ms=46
2024-03-15T01:15:37Z [INFO]  [recommendationservice] request handled; status=200 latency_ms=47
2024-03-15T01:15:37Z [WARN]  [frontend] upstream call degraded via paymentservice latency_ms=437
2024-03-15T01:15:38Z [INFO]  [redis-cart] request handled; status=200 latency_ms=48
2024-03-15T01:15:39Z [INFO]  [shippingservice] request handled; status=200 latency_ms=49
2024-03-15T01:15:40Z [INFO]  [adservice] request handled; status=200 latency_ms=50
2024-03-15T01:15:41Z [INFO]  [cartservice] request handled; status=200 latency_ms=51
2024-03-15T01:15:42Z [INFO]  [checkoutservice] request handled; status=200 latency_ms=52
2024-03-15T01:15:43Z [INFO]  [currencyservice] request handled; status=200 latency_ms=53
2024-03-15T01:15:44Z [INFO]  [emailservice] request handled; status=200 latency_ms=54
2024-03-15T01:15:45Z [INFO]  [frontend] request handled; status=200 latency_ms=55
2024-03-15T01:15:46Z [INFO]  [loadgenerator] request handled; status=200 latency_ms=56
2024-03-15T01:15:47Z [INFO]  [paymentservice] request handled; status=200 latency_ms=57
2024-03-15T01:15:48Z [INFO]  [productcatalogservice] request handled; status=200 latency_ms=58
2024-03-15T01:15:49Z [INFO]  [recommendationservice] request handled; status=200 latency_ms=59
2024-03-15T01:15:50Z [INFO]  [redis-cart] request handled; status=200 latency_ms=10
2024-03-15T01:15:51Z [INFO]  [shippingservice] request handled; status=200 latency_ms=11
2024-03-15T01:15:52Z [INFO]  [adservice] request handled; status=200 latency_ms=12
2024-03-15T01:15:53Z [INFO]  [cartservice] request handled; status=200 latency_ms=13
2024-03-15T01:15:54Z [INFO]  [checkoutservice] request handled; status=200 latency_ms=14
2024-03-15T01:15:54Z [WARN]  [frontend] upstream call degraded via paymentservice latency_ms=454
2024-03-15T01:15:55Z [INFO]  [currencyservice] request handled; status=200 latency_ms=15
2024-03-15T01:15:56Z [INFO]  [emailservice] request handled; status=200 latency_ms=16
2024-03-15T01:15:57Z [INFO]  [frontend] request handled; status=200 latency_ms=17
2024-03-15T01:15:58Z [INFO]  [loadgenerator] request handled; status=200 latency_ms=18
2024-03-15T01:15:59Z [INFO]  [paymentservice] request handled; status=200 latency_ms=19
2024-03-15T01:16:00Z [INFO]  [productcatalogservice] request handled; status=200 latency_ms=20
2024-03-15T01:16:01Z [INFO]  [recommendationservice] request handled; status=200 latency_ms=21
2024-03-15T01:16:02Z [INFO]  [redis-cart] request handled; status=200 latency_ms=22
2024-03-15T01:16:03Z [INFO]  [shippingservice] request handled; status=200 latency_ms=23
2024-03-15T01:16:04Z [INFO]  [adservice] request handled; status=200 latency_ms=24
2024-03-15T01:16:05Z [INFO]  [cartservice] request handled; status=200 latency_ms=25
2024-03-15T01:16:06Z [INFO]  [checkoutservice] request handled; status=200 latency_ms=26
2024-03-15T01:16:07Z [INFO]  [currencyservice] request handled; status=200 latency_ms=27
2024-03-15T01:16:08Z [INFO]  [emailservice] request handled; status=200 latency_ms=28
2024-03-15T01:16:09Z [INFO]  [frontend] request handled; status=200 latency_ms=29
2024-03-15T01:16:10Z [INFO]  [loadgenerator] request handled; status=200 latency_ms=30
2024-03-15T01:16:11Z [INFO]  [paymentservice] request handled; status=200 latency_ms=31
2024-03-15T01:16:11Z [WARN]  [frontend] upstream call degraded via paymentservice latency_ms=471
2024-03-15T01:16:12Z [INFO]  [productcatalogservice] request handled; status=200 latency_ms=32
2024-03-15T01:16:13Z [INFO]  [recommendationservice] request handled; status=200 latency_ms=33
2024-03-15T01:16:14Z [INFO]  [redis-cart] request handled; status=200 latency_ms=34
2024-03-15T01:16:15Z [INFO]  [shippingservice] request handled; status=200 latency_ms=35
2024-03-15T01:16:16Z [INFO]  [adservice] request handled; status=200 latency_ms=36
2024-03-15T01:16:17Z [INFO]  [cartservice] request handled; status=200 latency_ms=37
2024-03-15T01:16:18Z [INFO]  [checkoutservice] request handled; status=200 latency_ms=38
2024-03-15T01:16:19Z [INFO]  [currencyservice] request handled; status=200 latency_ms=39
2024-03-15T01:16:20Z [INFO]  [emailservice] request handled; status=200 latency_ms=40
2024-03-15T01:16:21Z [INFO]  [frontend] request handled; status=200 latency_ms=41
2024-03-15T01:16:22Z [INFO]  [loadgenerator] request handled; status=200 latency_ms=42
2024-03-15T01:16:23Z [INFO]  [paymentservice] request handled; status=200 latency_ms=43
2024-03-15T01:16:24Z [INFO]  [productcatalogservice] request handled; status=200 latency_ms=44
2024-03-15T01:16:25Z [INFO]  [recommendationservice] request handled; status=200 latency_ms=45
2024-03-15T01:16:26Z [INFO]  [redis-cart] request handled; status=200 latency_ms=46
2024-03-15T01:16:27Z [INFO]  [shippingservice] request handled; status=200 latency_ms=47
2024-03-15T01:16:28Z [INFO]  [adservice] request handled; status=200 latency_ms=48
2024-03-15T01:16:28Z [WARN]  [frontend] upstream call degraded via paymentservice latency_ms=488
2024-03-15T01:16:29Z [INFO]  [cartservice] request handled; status=200 latency_ms=49
2024-03-15T01:16:30Z [INFO]  [checkoutservice] request handled; status=200 latency_ms=50
2024-03-15T01:16:31Z [INFO]  [currencyservice] request handled; status=200 latency_ms=51
2024-03-15T01:16:32Z [INFO]  [emailservice] request handled; status=200 latency_ms=52
2024-03-15T01:16:33Z [INFO]  [frontend] request handled; status=200 latency_ms=53
2024-03-15T01:16:34Z [INFO]  [loadgenerator] request handled; status=200 latency_ms=54
2024-03-15T01:16:35Z [INFO]  [paymentservice] request handled; status=200 latency_ms=55
2024-03-15T01:16:36Z [INFO]  [productcatalogservice] request handled; status=200 latency_ms=56
2024-03-15T01:16:37Z [INFO]  [recommendationservice] request handled; status=200 latency_ms=57
2024-03-15T01:16:38Z [INFO]  [redis-cart] request handled; status=200 latency_ms=58
2024-03-15T01:16:39Z [INFO]  [shippingservice] request handled; status=200 latency_ms=59
2024-03-15T01:16:40Z [INFO]  [adservice] request handled; status=200 latency_ms=10
2024-03-15T01:16:41Z [INFO]  [cartservice] request handled; status=200 latency_ms=11
2024-03-15T01:16:42Z [INFO]  [checkoutservice] request handled; status=200 latency_ms=12
2024-03-15T01:16:43Z [INFO]  [currencyservice] request handled; status=200 latency_ms=13
2024-03-15T01:16:44Z [INFO]  [emailservice] request handled; status=200 latency_ms=14
2024-03-15T01:16:45Z [INFO]  [frontend] request handled; status=200 latency_ms=15
2024-03-15T01:16:45Z [WARN]  [frontend] upstream call degraded via paymentservice latency_ms=205
2024-03-15T01:16:46Z [INFO]  [loadgenerator] request handled; status=200 latency_ms=16
2024-03-15T01:16:47Z [INFO]  [paymentservice] request handled; status=200 latency_ms=17
2024-03-15T01:16:48Z [INFO]  [productcatalogservice] request handled; status=200 latency_ms=18
2024-03-15T01:16:49Z [INFO]  [recommendationservice] request handled; status=200 latency_ms=19
2024-03-15T01:16:50Z [INFO]  [redis-cart] request handled; status=200 latency_ms=20
2024-03-15T01:16:51Z [INFO]  [shippingservice] request handled; status=200 latency_ms=21
2024-03-15T01:16:52Z [INFO]  [adservice] request handled; status=200 latency_ms=22
2024-03-15T01:16:53Z [INFO]  [cartservice] request handled; status=200 latency_ms=23
